******************************************************************************
              TMS320C55x Linker PC v4.4.1                      
******************************************************************************
>> Linked Sun Mar 14 20:31:08 2021

OUTPUT FILE NAME:   <16_floatingPoint_DFT.out>
ENTRY POINT SYMBOL: "_c_int00"  address: 000148d2


MEMORY CONFIGURATION

         name            origin    length      used     unused   attr    fill
                        (bytes)   (bytes)    (bytes)   (bytes)
----------------------  --------  ---------  --------  --------  ----  --------
  MMR                   00000000   000000c0  00000000  000000c0  RWIX
  DARAM0                000000c0   00001f40  00001a22  0000051e  RWIX
  DARAM1                00002000   00002000  00000000  00002000  RWIX
  DARAM2                00004000   00002000  00000000  00002000  RWIX
  DARAM3                00006000   00002000  00000000  00002000  RWIX
  DARAM4                00008000   00002000  00001000  00001000  RWIX
  DARAM5                0000a000   00002000  00000a74  0000158c  RWIX
  DARAM6                0000c000   00002000  00000000  00002000  RWIX
  DARAM7                0000e000   00002000  00000000  00002000  RWIX
  SARAM0                00010000   00002000  00001ffe  00000002  RWIX
  SARAM1                00012000   00002000  00001ffc  00000004  RWIX
  SARAM2                00014000   00002000  000009d4  0000162c  RWIX
  SARAM3                00016000   00002000  00000000  00002000  RWIX
  SARAM4                00018000   00002000  00000000  00002000  RWIX
  SARAM5                0001a000   00002000  00000000  00002000  RWIX
  SARAM6                0001c000   00002000  00000000  00002000  RWIX
  SARAM7                0001e000   00002000  00000000  00002000  RWIX
  SARAM8                00020000   00002000  00000000  00002000  RWIX
  SARAM9                00022000   00002000  00000000  00002000  RWIX
  SARAM10               00024000   00002000  00000000  00002000  RWIX
  SARAM11               00026000   00002000  00000000  00002000  RWIX
  SARAM12               00028000   00002000  00000000  00002000  RWIX
  SARAM13               0002a000   00002000  00000000  00002000  RWIX
  SARAM14               0002c000   00002000  00000000  00002000  RWIX
  SARAM15               0002e000   00002000  00000000  00002000  RWIX
  SARAM16               00030000   00002000  00000000  00002000  RWIX
  SARAM17               00032000   00002000  00000000  00002000  RWIX
  SARAM18               00034000   00002000  00000000  00002000  RWIX
  SARAM19               00036000   00002000  00000000  00002000  RWIX
  SARAM20               00038000   00002000  00000000  00002000  RWIX
  SARAM21               0003a000   00002000  00000000  00002000  RWIX
  SARAM22               0003c000   00002000  00000000  00002000  RWIX
  SARAM23               0003e000   00002000  00000000  00002000  RWIX
  SARAM24               00040000   00002000  00000000  00002000  RWIX
  SARAM25               00042000   00002000  00000000  00002000  RWIX
  SARAM26               00044000   00002000  00000000  00002000  RWIX
  SARAM27               00046000   00002000  00000000  00002000  RWIX
  SARAM28               00048000   00002000  00000000  00002000  RWIX
  SARAM29               0004a000   00002000  00000000  00002000  RWIX
  SARAM30               0004c000   00002000  00000000  00002000  RWIX
  SARAM31               0004e000   00002000  00000000  00002000  RWIX
  ROM                   00fe0000   0001ff00  00000000  0001ff00  RWIX
  VECS                  00ffff00   00000100  00000100  00000000  RWIX


SECTION ALLOCATION MAP
(Addresses surrounded by []'s are displayed for convenience only!)

output                                                          attributes/
section   page  orgn(bytes) orgn(words) len(bytes) len(words)   input sections
--------  ----  ----------- ----------- ---------- ----------   --------------
.stack       0   [ 000000c0 ]  00000060          *   00000800   UNINITIALIZED
                 [ 000000c0 ]  00000060          *   00000800   --HOLE--

.const       0   [ 000010c0 ]  00000860          *   000001e4   
                 [ 000010c0 ]  00000860          *   00000101   rts55x.lib : ctype.obj (.const:__ctypes_)
                 [ 000012c2 ]  00000961          *   00000001   --HOLE-- [fill = 0]
                 [ 000012c4 ]  00000962          *   0000005b   float_dft128Test.obj (.const:.string)
                 [ 0000137a ]  000009bd          *   00000001   --HOLE-- [fill = 0]
                 [ 0000137c ]  000009be          *   00000024   rts55x.lib : _printfi.obj (.const:.string)
                 [ 000013c4 ]  000009e2          *   00000016              : cos.obj (.const)
                 [ 000013f0 ]  000009f8          *   00000014              : sin.obj (.const)
                 [ 00001418 ]  00000a0c          *   0000000c              : _printfi.obj (.const)
                 [ 00001430 ]  00000a18          *   0000000a   float_dft128.obj (.const)
                 [ 00001444 ]  00000a22          *   00000008   rts55x.lib : divd.obj (.const:_initial_approx$1)
                 [ 00001454 ]  00000a2a          *   00000008              : round.obj (.const)
                 [ 00001464 ]  00000a32          *   00000006              : modf.obj (.const)
                 [ 00001470 ]  00000a38          *   00000004   float_mag128.obj (.const)
                 [ 00001478 ]  00000a3c          *   00000004   rts55x.lib : trunc.obj (.const)
                 [ 00001480 ]  00000a40          *   00000002              : fputs.obj (.const:.string)
                 [ 00001484 ]  00000a42          *   00000002              : fltlid.obj (.const)

.cio         0   [ 00001488 ]  00000a44          *   00000120   UNINITIALIZED
                 [ 00001488 ]  00000a44          *   00000120   rts55x.lib : trgmsg.obj (.cio)

.cinit       0   [ 000016c8 ]  00000b64          *   0000010d   
                 [ 000016c8 ]  00000b64          *   00000083   float_dft128Test.obj (.cinit)
                 [ 000017ce ]  00000be7          *   0000002d   rts55x.lib : lowlev.obj (.cinit)
                 [ 00001828 ]  00000c14          *   0000002a              : defs.obj (.cinit)
                 [ 0000187c ]  00000c3e          *   0000000b              : cos.obj (.cinit)
                 [ 00001892 ]  00000c49          *   0000000b              : sin.obj (.cinit)
                 [ 000018a8 ]  00000c54          *   0000000a              : _lock.obj (.cinit)
                 [ 000018bc ]  00000c5e          *   0000000a              : exit.obj (.cinit)
                 [ 000018d0 ]  00000c68          *   00000004              : fopen.obj (.cinit)
                 [ 000018d8 ]  00000c6c          *   00000004              : memory.obj (.cinit)
                 [ 000018e0 ]  00000c70          *   00000001   --HOLE-- [fill = 0]

.sysstack 
*            0   [ 000018e4 ]  00000c72          *   00000100   UNINITIALIZED
                 [ 000018e4 ]  00000c72          *   00000100   --HOLE--

.sysmem      0   [ 00008000 ]  00004000          *   00000800   UNINITIALIZED
                 [ 00008000 ]  00004000          *   00000800   --HOLE--

.data        0   [ 00008000 ]  00004000          *   00000000   UNINITIALIZED

.bss         0   [ 0000a000 ]  00005000          *   0000053a   UNINITIALIZED
                 [ 0000a000 ]  00005000          *   000002c0   float_dft128Test.obj (.bss)
                 [ 0000a580 ]  000052c0          *   00000119   rts55x.lib : defs.obj (.bss)
                 [ 0000a7b2 ]  000053d9          *   000000d0              : trgdrv.obj (.bss)
                 [ 0000a952 ]  000054a9          *   00000001              : fopen.obj (.bss)
                 [ 0000a954 ]  000054aa          *   00000071              : lowlev.obj (.bss)
                 [ 0000aa36 ]  0000551b          *   00000001   --HOLE--
                 [ 0000aa38 ]  0000551c          *   00000008              : cos.obj (.bss)
                 [ 0000aa48 ]  00005524          *   00000008              : sin.obj (.bss)
                 [ 0000aa58 ]  0000552c          *   00000006              : memory.obj (.bss)
                 [ 0000aa64 ]  00005532          *   00000004              : _lock.obj (.bss)
                 [ 0000aa6c ]  00005536          *   00000004              : exit.obj (.bss)

.text.1      0     00010000  [ 00008000 ] 00001ffe          *   
                   00010000  [ 00008000 ] 000015a4          *   rts55x.lib : _printfi.obj (.text)
                   000115a4  [ 00008ad2 ] 00000543          *              : lowlev.obj (.text)
                   00011ae7  [ 00008d73+] 000004b5          *              : memory.obj (.text)
                   00011f9c  [ 00008fce ] 0000005f          *              : round.obj (.text)
                   00011ffb  [ 00008ffd+] 00000002          *              : vectors.obj (.text)
                   00011ffd  [ 00008ffe ] 00000001          *   --HOLE-- [fill = 20]

.text.2      0     00012000  [ 00009000 ] 00001ffc          *   
                   00012000  [ 00009000 ] 00000528          *   rts55x.lib : trgdrv.obj (.text)
                   00012528  [ 00009294 ] 000003cc          *              : divd.obj (.text)
                   000128f4  [ 0000947a ] 0000027f          *              : fopen.obj (.text)
                   00012b73  [ 000095b9+] 0000025e          *              : llmpy.obj (.text)
                   00012dd1  [ 000096e8+] 0000025a          *              : addd.obj (.text)
                   0001302b  [ 00009815+] 00000218          *              : cos.obj (.text)
                   00013243  [ 00009921+] 0000020d          *   float_dft128.obj (.text)
                   00013450  [ 00009a28 ] 000001f2          *   rts55x.lib : sin.obj (.text)
                   00013642  [ 00009b21 ] 000001ea          *              : cmpd.obj (.text)
                   0001382c  [ 00009c16 ] 00000163          *              : fputs.obj (.text)
                   0001398f  [ 00009cc7+] 0000014c          *              : mpyd.obj (.text)
                   00013adb  [ 00009d6d+] 000000f8          *   float_dft128Test.obj (.text)
                   00013bd3  [ 00009de9+] 000000e6          *   rts55x.lib : setvbuf.obj (.text)
                   00013cb9  [ 00009e5c+] 000000dd          *              : _io_perm.obj (.text)
                   00013d96  [ 00009ecb ] 000000c2          *              : fflush.obj (.text)
                   00013e58  [ 00009f2c ] 000000bf          *              : modf.obj (.text)
                   00013f17  [ 00009f8b+] 000000ba          *              : trgmsg.obj (.text:CIO_breakpoint)
                   00013fd1  [ 00009fe8+] 0000002a          *              : fixdi.obj (.text)
                   00013ffb  [ 00009ffd ] 00000001          *   --HOLE-- [fill = 20]

.text.3      0     00014000  [ 0000a000 ] 000009d4          *   
                   00014000  [ 0000a000 ] 000000ab          *   float_mag128.obj (.text)
                   000140ab  [ 0000a055+] 000000a6          *   rts55x.lib : fputc.obj (.text)
                   00014151  [ 0000a0a8+] 000000a1          *              : divul.obj (.text)
                   000141f2  [ 0000a0f9 ] 0000007d          *              : ltoa.obj (.text)
                   0001426f  [ 0000a137+] 0000007b          *              : fclose.obj (.text)
                   000142ea  [ 0000a175 ] 00000076          *              : frcmpyd.obj (.text)
                   00014360  [ 0000a1b0 ] 00000073          *              : frcmpyd_div.obj (.text)
                   000143d3  [ 0000a1e9+] 00000072          *              : remul.obj (.text)
                   00014445  [ 0000a222+] 0000006f          *              : fixdli.obj (.text)
                   000144b4  [ 0000a25a ] 0000006d          *              : trgmsg.obj (.text)
                   00014521  [ 0000a290+] 0000006b          *              : fseek.obj (.text)
                   0001458c  [ 0000a2c6 ] 00000067          *              : fltlid.obj (.text)
                   000145f3  [ 0000a2f9+] 0000005c          *              : atoi.obj (.text)
                   0001464f  [ 0000a327+] 00000050          *              : printf.obj (.text)
                   0001469f  [ 0000a34f+] 0000004d          *              : autoinit.obj (.text)
                   000146ec  [ 0000a376 ] 0000004b          *              : args_main.obj (.text)
                   00014737  [ 0000a39b+] 0000004b          *              : remli.obj (.text)
                   00014782  [ 0000a3c1 ] 0000004a          *              : fprintf.obj (.text)
                   000147cc  [ 0000a3e6 ] 00000048          *              : divli.obj (.text)
                   00014814  [ 0000a40a ] 00000041          *              : trunc.obj (.text)
                   00014855  [ 0000a42a+] 0000003f          *              : memcpy.obj (.text)
                   00014894  [ 0000a44a ] 0000003e          *              : exit.obj (.text)
                   000148d2  [ 0000a469 ] 00000034          *              : boot.obj (.text)
                   00014906  [ 0000a483 ] 0000002a          *              : udiv.obj (.text)
                   00014930  [ 0000a498 ] 00000023          *              : memccpy.obj (.text)
                   00014953  [ 0000a4a9+] 0000001a          *              : isinf.obj (.text)
                   0001496d  [ 0000a4b6+] 00000014          *              : subd.obj (.text)
                   00014981  [ 0000a4c0+] 00000013          *              : lmpy.obj (.text)
                   00014994  [ 0000a4ca ] 00000012          *              : _lock.obj (.text)
                   000149a6  [ 0000a4d3 ] 00000010          *              : negd.obj (.text)
                   000149b6  [ 0000a4db ] 0000000c          *              : fltid.obj (.text)
                   000149c2  [ 0000a4e1 ] 0000000a          *              : remove.obj (.text)
                   000149cc  [ 0000a4e6 ] 00000007          *              : exit.obj (.text:CIO_breakpoint)
                   000149d3  [ 0000a4e9 ] 00000001          *   --HOLE-- [fill = 20]

vectors      0     00ffff00  [ 007fff80 ] 00000100          *   NOLOAD SECTION
                   00ffff00  [ 007fff80 ] 00000100          *   rts55x.lib : vectors.obj (vectors)


GLOBAL SYMBOLS: SORTED ALPHABETICALLY BY Name 

abs. value/
byte addr   word addr   name
---------   ---------   ----
00000002                $TI_capability$C5500$CallingConvention
00000002                $TI_capability$C5500$MemoryModel
00000001                $TI_capability_requires_rev3
            00005000    .bss
            00004000    .data
ffffffff                .text
000149cd                C$$EXIT
00013fcc                C$$IO$$
00014981                I$$LMPY
00014906                I$$UDIV
0001491b                I$$UMOD
000124ca                _HOSTclock
0001245f                _HOSTclose
000123aa                _HOSTlseek
0001230b                _HOSTopen
0001227e                _HOSTread
000121d0                _HOSTrename
00012172                _HOSTtime
00012108                _HOSTunlink
0001207b                _HOSTwrite
00ffff00                _Reset
            00000a44    __CIOBUF_
            00000860    __STACK_END
00001000                __STACK_SIZE
00001000                __SYSMEM_SIZE
00000200                __SYSSTACK_SIZE
00000001                __TI_args_main
ffffffff                ___binit__
            00005000    ___bss__
ffffffff                ___c_args__
            00000b64    ___cinit__
            00004000    ___data__
            00004000    ___edata__
            0000553a    ___end__
ffffffff                ___etext__
00014953                ___isinf
ffffffff                ___pinit__
ffffffff                ___text__
00012dd1                __addd
000146ec                __args_main
00012a15                __cleanup
            00005536    __cleanup_ptr
000137d4                __cmpd
            00000860    __ctypes_
00012528                __divd
000147cc                __divli
00012d9c                __divlli
00014906                __divu
00014151                __divul
00012ca8                __divull
00013d96                __doflush
            00005538    __dtors_ptr
000137a0                __eqld
00013fd1                __fixdi
00014445                __fixdli
000149b6                __fltid
0001458c                __fltlid
000142ea                __frcmpyd
00014360                __frcmpyd_div
            000053d8    __ft_end
            000052c0    __ftable
00013756                __geqd
0001370b                __gtrd
000136be                __leqd
            00005532    __lock
00013676                __lssd
0001398f                __mpyd
00014981                __mpyli
00012bf0                __mpylli
000149a6                __negd
00013642                __neqd
000149a4                __nop
00011f9c                __nround
00011362                __printfi
00013d39                __rd_ok
0001499c                __register_lock
00014994                __register_unlock
00014737                __remli
00012bc1                __remlli
0001491b                __remu
000143d3                __remul
00012b73                __remull
            00000060    __stack
0001496d                __subd
            00004000    __sys_memory
            00000c72    __sysstack
            00005338    __tmpnams
00014814                __trunc
            00005534    __unlock
00013cb9                __wrt_ok
000149cc                _abort
000119f7                _add_device
000145f3                _atoi
0001469f                _auto_init
000148d2                _c_int00
00011f76                _calloc
00011f6e                _chkheap
00011984                _close
0001302b                _cos
00014894                _exit
0001426f                _fclose
00013dff                _fflush
0001197b                _find_registered_device
00013243                _float_dft_128
00014000                _float_mag_128
00012b38                _fopen
00014782                _fprintf
000140ab                _fputc
0001382c                _fputs
00011ae7                _free
00011f18                _free_memory
00012a6f                _freopen
00014521                _fseek
00012000                _getenv
            00005000    _input
00011915                _lseek
000141f2                _ltoa
00013adb                _main
00011c18                _malloc
00011ebe                _max_free
00014930                _memccpy
00014855                _memcpy
00011bb3                _minit
00013e58                _modf
00011856                _open
0001464f                _printf
000140ab                _putc
00014142                _putchar
00013961                _puts
000117a8                _read
000144b4                _readmsg
00011d0d                _realloc
000149c2                _remove
00011772                _remove_device
00011719                _rename
00013bd3                _setvbuf
00013450                _sin
            00005280    _spectrum
000116e6                _unlink
000115a4                _write
00013f17                _writemsg
            00005080    _xin
            00005180    _xout
ffffffff                binit
            00000b64    cinit
            00004000    edata
            0000553a    end
ffffffff                etext
ffffffff                pinit


GLOBAL SYMBOLS: SORTED BY Symbol Address 

abs. value/
byte addr   word addr   name
---------   ---------   ----
00000001                $TI_capability_requires_rev3
00000001                __TI_args_main
00000002                $TI_capability$C5500$CallingConvention
00000002                $TI_capability$C5500$MemoryModel
            00000060    __stack
00000200                __SYSSTACK_SIZE
00001000                __STACK_SIZE
00001000                __SYSMEM_SIZE
            00000860    __STACK_END
            00000860    __ctypes_
            00000a44    __CIOBUF_
            00000b64    ___cinit__
            00000b64    cinit
            00000c72    __sysstack
            00004000    .data
            00004000    ___data__
            00004000    ___edata__
            00004000    __sys_memory
            00004000    edata
            00005000    .bss
            00005000    ___bss__
            00005000    _input
            00005080    _xin
            00005180    _xout
            00005280    _spectrum
            000052c0    __ftable
            00005338    __tmpnams
            000053d8    __ft_end
            00005532    __lock
            00005534    __unlock
            00005536    __cleanup_ptr
            00005538    __dtors_ptr
            0000553a    ___end__
            0000553a    end
00011362                __printfi
000115a4                _write
000116e6                _unlink
00011719                _rename
00011772                _remove_device
000117a8                _read
00011856                _open
00011915                _lseek
0001197b                _find_registered_device
00011984                _close
000119f7                _add_device
00011ae7                _free
00011bb3                _minit
00011c18                _malloc
00011d0d                _realloc
00011ebe                _max_free
00011f18                _free_memory
00011f6e                _chkheap
00011f76                _calloc
00011f9c                __nround
00012000                _getenv
0001207b                _HOSTwrite
00012108                _HOSTunlink
00012172                _HOSTtime
000121d0                _HOSTrename
0001227e                _HOSTread
0001230b                _HOSTopen
000123aa                _HOSTlseek
0001245f                _HOSTclose
000124ca                _HOSTclock
00012528                __divd
00012a15                __cleanup
00012a6f                _freopen
00012b38                _fopen
00012b73                __remull
00012bc1                __remlli
00012bf0                __mpylli
00012ca8                __divull
00012d9c                __divlli
00012dd1                __addd
0001302b                _cos
00013243                _float_dft_128
00013450                _sin
00013642                __neqd
00013676                __lssd
000136be                __leqd
0001370b                __gtrd
00013756                __geqd
000137a0                __eqld
000137d4                __cmpd
0001382c                _fputs
00013961                _puts
0001398f                __mpyd
00013adb                _main
00013bd3                _setvbuf
00013cb9                __wrt_ok
00013d39                __rd_ok
00013d96                __doflush
00013dff                _fflush
00013e58                _modf
00013f17                _writemsg
00013fcc                C$$IO$$
00013fd1                __fixdi
00014000                _float_mag_128
000140ab                _fputc
000140ab                _putc
00014142                _putchar
00014151                __divul
000141f2                _ltoa
0001426f                _fclose
000142ea                __frcmpyd
00014360                __frcmpyd_div
000143d3                __remul
00014445                __fixdli
000144b4                _readmsg
00014521                _fseek
0001458c                __fltlid
000145f3                _atoi
0001464f                _printf
0001469f                _auto_init
000146ec                __args_main
00014737                __remli
00014782                _fprintf
000147cc                __divli
00014814                __trunc
00014855                _memcpy
00014894                _exit
000148d2                _c_int00
00014906                I$$UDIV
00014906                __divu
0001491b                I$$UMOD
0001491b                __remu
00014930                _memccpy
00014953                ___isinf
0001496d                __subd
00014981                I$$LMPY
00014981                __mpyli
00014994                __register_unlock
0001499c                __register_lock
000149a4                __nop
000149a6                __negd
000149b6                __fltid
000149c2                _remove
000149cc                _abort
000149cd                C$$EXIT
00ffff00                _Reset
ffffffff                .text
ffffffff                ___binit__
ffffffff                ___c_args__
ffffffff                ___etext__
ffffffff                ___pinit__
ffffffff                ___text__
ffffffff                binit
ffffffff                etext
ffffffff                pinit

[149 symbols]
