******************************************************************************
              TMS320C55x Linker PC v4.4.1                      
******************************************************************************
>> Linked Mon Mar 15 18:22:39 2021

OUTPUT FILE NAME:   <01_hello_world.out>
ENTRY POINT SYMBOL: "_c_int00"  address: 00013f43


MEMORY CONFIGURATION

         name            origin    length      used     unused   attr    fill
                        (bytes)   (bytes)    (bytes)   (bytes)
----------------------  --------  ---------  --------  --------  ----  --------
  MMR                   00000000   000000c0  00000000  000000c0  RWIX
  DARAM0                000000c0   00001f40  000017c0  00000780  RWIX
  DARAM1                00002000   00002000  00000000  00002000  RWIX
  DARAM2                00004000   00002000  00000000  00002000  RWIX
  DARAM3                00006000   00002000  00000000  00002000  RWIX
  DARAM4                00008000   00002000  00001000  00001000  RWIX
  DARAM5                0000a000   00002000  000004d4  00001b2c  RWIX
  DARAM6                0000c000   00002000  00000000  00002000  RWIX
  DARAM7                0000e000   00002000  00000000  00002000  RWIX
  SARAM0                00010000   00002000  00002000  00000000  RWIX
  SARAM1                00012000   00002000  00002000  00000000  RWIX
  SARAM2                00014000   00002000  00000070  00001f90  RWIX
  SARAM3                00016000   00002000  00000000  00002000  RWIX
  SARAM4                00018000   00002000  00000000  00002000  RWIX
  SARAM5                0001a000   00002000  00000000  00002000  RWIX
  SARAM6                0001c000   00002000  00000000  00002000  RWIX
  SARAM7                0001e000   00002000  00000000  00002000  RWIX
  SARAM8                00020000   00002000  00000000  00002000  RWIX
  SARAM9                00022000   00002000  00000000  00002000  RWIX
  SARAM10               00024000   00002000  00000000  00002000  RWIX
  SARAM11               00026000   00002000  00000000  00002000  RWIX
  SARAM12               00028000   00002000  00000000  00002000  RWIX
  SARAM13               0002a000   00002000  00000000  00002000  RWIX
  SARAM14               0002c000   00002000  00000000  00002000  RWIX
  SARAM15               0002e000   00002000  00000000  00002000  RWIX
  SARAM16               00030000   00002000  00000000  00002000  RWIX
  SARAM17               00032000   00002000  00000000  00002000  RWIX
  SARAM18               00034000   00002000  00000000  00002000  RWIX
  SARAM19               00036000   00002000  00000000  00002000  RWIX
  SARAM20               00038000   00002000  00000000  00002000  RWIX
  SARAM21               0003a000   00002000  00000000  00002000  RWIX
  SARAM22               0003c000   00002000  00000000  00002000  RWIX
  SARAM23               0003e000   00002000  00000000  00002000  RWIX
  SARAM24               00040000   00002000  00000000  00002000  RWIX
  SARAM25               00042000   00002000  00000000  00002000  RWIX
  SARAM26               00044000   00002000  00000000  00002000  RWIX
  SARAM27               00046000   00002000  00000000  00002000  RWIX
  SARAM28               00048000   00002000  00000000  00002000  RWIX
  SARAM29               0004a000   00002000  00000000  00002000  RWIX
  SARAM30               0004c000   00002000  00000000  00002000  RWIX
  SARAM31               0004e000   00002000  00000000  00002000  RWIX
  ROM                   00fe0000   0001ff00  00000000  0001ff00  RWIX
  VECS                  00ffff00   00000100  00000100  00000000  RWIX


SECTION ALLOCATION MAP
(Addresses surrounded by []'s are displayed for convenience only!)

output                                                          attributes/
section   page  orgn(bytes) orgn(words) len(bytes) len(words)   input sections
--------  ----  ----------- ----------- ---------- ----------   --------------
.stack       0   [ 000000c0 ]  00000060          *   00000800   UNINITIALIZED
                 [ 000000c0 ]  00000060          *   00000800   --HOLE--

.const       0   [ 000010c0 ]  00000860          *   0000014c   
                 [ 000010c0 ]  00000860          *   00000101   rts55x.lib : ctype.obj (.const:__ctypes_)
                 [ 000012c2 ]  00000961          *   00000001   --HOLE-- [fill = 0]
                 [ 000012c4 ]  00000962          *   00000024              : _printfi.obj (.const:.string)
                 [ 0000130c ]  00000986          *   0000000e   main.obj (.const:.string)
                 [ 00001328 ]  00000994          *   0000000c   rts55x.lib : _printfi.obj (.const)
                 [ 00001340 ]  000009a0          *   00000008              : divd.obj (.const:_initial_approx$1)
                 [ 00001350 ]  000009a8          *   00000002              : fputs.obj (.const:.string)
                 [ 00001354 ]  000009aa          *   00000002              : fltlid.obj (.const)

.cio         0   [ 00001358 ]  000009ac          *   00000120   UNINITIALIZED
                 [ 00001358 ]  000009ac          *   00000120   rts55x.lib : trgmsg.obj (.cio)

.sysstack 
*            0   [ 00001598 ]  00000acc          *   00000100   UNINITIALIZED
                 [ 00001598 ]  00000acc          *   00000100   --HOLE--

.cinit       0   [ 00001798 ]  00000bcc          *   00000074   
                 [ 00001798 ]  00000bcc          *   0000002d   rts55x.lib : lowlev.obj (.cinit)
                 [ 000017f2 ]  00000bf9          *   0000002a              : defs.obj (.cinit)
                 [ 00001846 ]  00000c23          *   0000000a              : _lock.obj (.cinit)
                 [ 0000185a ]  00000c2d          *   0000000a              : exit.obj (.cinit)
                 [ 0000186e ]  00000c37          *   00000004              : fopen.obj (.cinit)
                 [ 00001876 ]  00000c3b          *   00000004              : memory.obj (.cinit)
                 [ 0000187e ]  00000c3f          *   00000001   --HOLE-- [fill = 0]

.sysmem      0   [ 00008000 ]  00004000          *   00000800   UNINITIALIZED
                 [ 00008000 ]  00004000          *   00000800   --HOLE--

.data        0   [ 00008000 ]  00004000          *   00000000   UNINITIALIZED

.bss         0   [ 0000a000 ]  00005000          *   0000026a   UNINITIALIZED
                 [ 0000a000 ]  00005000          *   00000119   rts55x.lib : defs.obj (.bss)
                 [ 0000a232 ]  00005119          *   000000d0              : trgdrv.obj (.bss)
                 [ 0000a3d2 ]  000051e9          *   00000001              : fopen.obj (.bss)
                 [ 0000a3d4 ]  000051ea          *   00000071              : lowlev.obj (.bss)
                 [ 0000a4b6 ]  0000525b          *   00000001   --HOLE--
                 [ 0000a4b8 ]  0000525c          *   00000006              : memory.obj (.bss)
                 [ 0000a4c4 ]  00005262          *   00000004              : _lock.obj (.bss)
                 [ 0000a4cc ]  00005266          *   00000004              : exit.obj (.bss)

.text.1      0     00010000  [ 00008000 ] 00002000          *   
                   00010000  [ 00008000 ] 000015a4          *   rts55x.lib : _printfi.obj (.text)
                   000115a4  [ 00008ad2 ] 00000543          *              : lowlev.obj (.text)
                   00011ae7  [ 00008d73+] 000004b5          *              : memory.obj (.text)
                   00011f9c  [ 00008fce ] 0000005c          *              : atoi.obj (.text)
                   00011ff8  [ 00008ffc ] 00000007          *              : exit.obj (.text:CIO_breakpoint)
                   00011fff  [ 00008fff ] 00000001          *   --HOLE-- [fill = 20]

.text.2      0     00012000  [ 00009000 ] 00002000          *   
                   00012000  [ 00009000 ] 00000528          *   rts55x.lib : trgdrv.obj (.text)
                   00012528  [ 00009294 ] 000003cc          *              : divd.obj (.text)
                   000128f4  [ 0000947a ] 0000027f          *              : fopen.obj (.text)
                   00012b73  [ 000095b9+] 0000025e          *              : llmpy.obj (.text)
                   00012dd1  [ 000096e8+] 0000025a          *              : addd.obj (.text)
                   0001302b  [ 00009815+] 000001ea          *              : cmpd.obj (.text)
                   00013215  [ 0000990a+] 00000163          *              : fputs.obj (.text)
                   00013378  [ 000099bc ] 0000014c          *              : mpyd.obj (.text)
                   000134c4  [ 00009a62 ] 000000e6          *              : setvbuf.obj (.text)
                   000135aa  [ 00009ad5 ] 000000dd          *              : _io_perm.obj (.text)
                   00013687  [ 00009b43+] 000000c2          *              : fflush.obj (.text)
                   00013749  [ 00009ba4+] 000000ba          *              : trgmsg.obj (.text:CIO_breakpoint)
                   00013803  [ 00009c01+] 000000a6          *              : fputc.obj (.text)
                   000138a9  [ 00009c54+] 000000a1          *              : divul.obj (.text)
                   0001394a  [ 00009ca5 ] 0000007d          *              : ltoa.obj (.text)
                   000139c7  [ 00009ce3+] 0000007b          *              : fclose.obj (.text)
                   00013a42  [ 00009d21 ] 00000076          *              : frcmpyd.obj (.text)
                   00013ab8  [ 00009d5c ] 00000073          *              : frcmpyd_div.obj (.text)
                   00013b2b  [ 00009d95+] 00000072          *              : remul.obj (.text)
                   00013b9d  [ 00009dce+] 0000006f          *              : fixdli.obj (.text)
                   00013c0c  [ 00009e06 ] 0000006d          *              : trgmsg.obj (.text)
                   00013c79  [ 00009e3c+] 0000006b          *              : fseek.obj (.text)
                   00013ce4  [ 00009e72 ] 00000067          *              : fltlid.obj (.text)
                   00013d4b  [ 00009ea5+] 00000050          *              : printf.obj (.text)
                   00013d9b  [ 00009ecd+] 0000004d          *              : autoinit.obj (.text)
                   00013de8  [ 00009ef4 ] 0000004b          *              : args_main.obj (.text)
                   00013e33  [ 00009f19+] 0000004b          *              : remli.obj (.text)
                   00013e7e  [ 00009f3f ] 00000048          *              : divli.obj (.text)
                   00013ec6  [ 00009f63 ] 0000003f          *              : memcpy.obj (.text)
                   00013f05  [ 00009f82+] 0000003e          *              : exit.obj (.text)
                   00013f43  [ 00009fa1+] 00000034          *              : boot.obj (.text)
                   00013f77  [ 00009fbb+] 0000002a          *              : fixdi.obj (.text)
                   00013fa1  [ 00009fd0+] 0000002a          *              : udiv.obj (.text)
                   00013fcb  [ 00009fe5+] 00000023          *              : memccpy.obj (.text)
                   00013fee  [ 00009ff7 ] 00000011          *   main.obj (.text)
                   00013fff  [ 00009fff ] 00000001          *   --HOLE-- [fill = 20]

.text.3      0     00014000  [ 0000a000 ] 00000070          *   
                   00014000  [ 0000a000 ] 0000001a          *   rts55x.lib : isinf.obj (.text)
                   0001401a  [ 0000a00d ] 00000014          *              : subd.obj (.text)
                   0001402e  [ 0000a017 ] 00000013          *              : lmpy.obj (.text)
                   00014041  [ 0000a020+] 00000012          *              : _lock.obj (.text)
                   00014053  [ 0000a029+] 00000010          *              : negd.obj (.text)
                   00014063  [ 0000a031+] 0000000a          *              : remove.obj (.text)
                   0001406d  [ 0000a036+] 00000002          *              : vectors.obj (.text)
                   0001406f  [ 0000a037 ] 00000001          *   --HOLE-- [fill = 20]

vectors      0     00ffff00  [ 007fff80 ] 00000100          *   NOLOAD SECTION
                   00ffff00  [ 007fff80 ] 00000100          *   rts55x.lib : vectors.obj (vectors)


GLOBAL SYMBOLS: SORTED ALPHABETICALLY BY Name 

abs. value/
byte addr   word addr   name
---------   ---------   ----
00000002                $TI_capability$C5500$CallingConvention
00000002                $TI_capability$C5500$MemoryModel
00000001                $TI_capability_requires_rev3
            00005000    .bss
            00004000    .data
ffffffff                .text
00011ff9                C$$EXIT
000137fe                C$$IO$$
0001402e                I$$LMPY
00013fa1                I$$UDIV
00013fb6                I$$UMOD
000124ca                _HOSTclock
0001245f                _HOSTclose
000123aa                _HOSTlseek
0001230b                _HOSTopen
0001227e                _HOSTread
000121d0                _HOSTrename
00012172                _HOSTtime
00012108                _HOSTunlink
0001207b                _HOSTwrite
00ffff00                _Reset
            000009ac    __CIOBUF_
            00000860    __STACK_END
00001000                __STACK_SIZE
00001000                __SYSMEM_SIZE
00000200                __SYSSTACK_SIZE
00000001                __TI_args_main
ffffffff                ___binit__
            00005000    ___bss__
ffffffff                ___c_args__
            00000bcc    ___cinit__
            00004000    ___data__
            00004000    ___edata__
            0000526a    ___end__
ffffffff                ___etext__
00014000                ___isinf
ffffffff                ___pinit__
ffffffff                ___text__
00012dd1                __addd
00013de8                __args_main
00012a15                __cleanup
            00005266    __cleanup_ptr
000131bd                __cmpd
            00000860    __ctypes_
00012528                __divd
00013e7e                __divli
00012d9c                __divlli
00013fa1                __divu
000138a9                __divul
00012ca8                __divull
00013687                __doflush
            00005268    __dtors_ptr
00013189                __eqld
00013f77                __fixdi
00013b9d                __fixdli
00013ce4                __fltlid
00013a42                __frcmpyd
00013ab8                __frcmpyd_div
            00005118    __ft_end
            00005000    __ftable
0001313f                __geqd
000130f4                __gtrd
000130a7                __leqd
            00005262    __lock
0001305f                __lssd
00013378                __mpyd
0001402e                __mpyli
00012bf0                __mpylli
00014053                __negd
0001302b                __neqd
00014051                __nop
00011362                __printfi
0001362a                __rd_ok
00014049                __register_lock
00014041                __register_unlock
00013e33                __remli
00012bc1                __remlli
00013fb6                __remu
00013b2b                __remul
00012b73                __remull
            00000060    __stack
0001401a                __subd
            00004000    __sys_memory
            00000acc    __sysstack
            00005078    __tmpnams
            00005264    __unlock
000135aa                __wrt_ok
00011ff8                _abort
000119f7                _add_device
00011f9c                _atoi
00013d9b                _auto_init
00013f43                _c_int00
00011f76                _calloc
00011f6e                _chkheap
00011984                _close
00013f05                _exit
000139c7                _fclose
000136f0                _fflush
0001197b                _find_registered_device
00012b38                _fopen
00013803                _fputc
00013215                _fputs
00011ae7                _free
00011f18                _free_memory
00012a6f                _freopen
00013c79                _fseek
00012000                _getenv
00011915                _lseek
0001394a                _ltoa
00013fee                _main
00011c18                _malloc
00011ebe                _max_free
00013fcb                _memccpy
00013ec6                _memcpy
00011bb3                _minit
00011856                _open
00013d4b                _printf
00013803                _putc
0001389a                _putchar
0001334a                _puts
000117a8                _read
00013c0c                _readmsg
00011d0d                _realloc
00014063                _remove
00011772                _remove_device
00011719                _rename
000134c4                _setvbuf
000116e6                _unlink
000115a4                _write
00013749                _writemsg
ffffffff                binit
            00000bcc    cinit
            00004000    edata
            0000526a    end
ffffffff                etext
ffffffff                pinit


GLOBAL SYMBOLS: SORTED BY Symbol Address 

abs. value/
byte addr   word addr   name
---------   ---------   ----
00000001                $TI_capability_requires_rev3
00000001                __TI_args_main
00000002                $TI_capability$C5500$CallingConvention
00000002                $TI_capability$C5500$MemoryModel
            00000060    __stack
00000200                __SYSSTACK_SIZE
00001000                __STACK_SIZE
00001000                __SYSMEM_SIZE
            00000860    __STACK_END
            00000860    __ctypes_
            000009ac    __CIOBUF_
            00000acc    __sysstack
            00000bcc    ___cinit__
            00000bcc    cinit
            00004000    .data
            00004000    ___data__
            00004000    ___edata__
            00004000    __sys_memory
            00004000    edata
            00005000    .bss
            00005000    ___bss__
            00005000    __ftable
            00005078    __tmpnams
            00005118    __ft_end
            00005262    __lock
            00005264    __unlock
            00005266    __cleanup_ptr
            00005268    __dtors_ptr
            0000526a    ___end__
            0000526a    end
00011362                __printfi
000115a4                _write
000116e6                _unlink
00011719                _rename
00011772                _remove_device
000117a8                _read
00011856                _open
00011915                _lseek
0001197b                _find_registered_device
00011984                _close
000119f7                _add_device
00011ae7                _free
00011bb3                _minit
00011c18                _malloc
00011d0d                _realloc
00011ebe                _max_free
00011f18                _free_memory
00011f6e                _chkheap
00011f76                _calloc
00011f9c                _atoi
00011ff8                _abort
00011ff9                C$$EXIT
00012000                _getenv
0001207b                _HOSTwrite
00012108                _HOSTunlink
00012172                _HOSTtime
000121d0                _HOSTrename
0001227e                _HOSTread
0001230b                _HOSTopen
000123aa                _HOSTlseek
0001245f                _HOSTclose
000124ca                _HOSTclock
00012528                __divd
00012a15                __cleanup
00012a6f                _freopen
00012b38                _fopen
00012b73                __remull
00012bc1                __remlli
00012bf0                __mpylli
00012ca8                __divull
00012d9c                __divlli
00012dd1                __addd
0001302b                __neqd
0001305f                __lssd
000130a7                __leqd
000130f4                __gtrd
0001313f                __geqd
00013189                __eqld
000131bd                __cmpd
00013215                _fputs
0001334a                _puts
00013378                __mpyd
000134c4                _setvbuf
000135aa                __wrt_ok
0001362a                __rd_ok
00013687                __doflush
000136f0                _fflush
00013749                _writemsg
000137fe                C$$IO$$
00013803                _fputc
00013803                _putc
0001389a                _putchar
000138a9                __divul
0001394a                _ltoa
000139c7                _fclose
00013a42                __frcmpyd
00013ab8                __frcmpyd_div
00013b2b                __remul
00013b9d                __fixdli
00013c0c                _readmsg
00013c79                _fseek
00013ce4                __fltlid
00013d4b                _printf
00013d9b                _auto_init
00013de8                __args_main
00013e33                __remli
00013e7e                __divli
00013ec6                _memcpy
00013f05                _exit
00013f43                _c_int00
00013f77                __fixdi
00013fa1                I$$UDIV
00013fa1                __divu
00013fb6                I$$UMOD
00013fb6                __remu
00013fcb                _memccpy
00013fee                _main
00014000                ___isinf
0001401a                __subd
0001402e                I$$LMPY
0001402e                __mpyli
00014041                __register_unlock
00014049                __register_lock
00014051                __nop
00014053                __negd
00014063                _remove
00ffff00                _Reset
ffffffff                .text
ffffffff                ___binit__
ffffffff                ___c_args__
ffffffff                ___etext__
ffffffff                ___pinit__
ffffffff                ___text__
ffffffff                binit
ffffffff                etext
ffffffff                pinit

[136 symbols]
