<?xml version="1.0"?>
<link_info>
   <banner>TMS320C55x Linker PC v4.4.1</banner>
   <copyright>Copyright (c) 1996-2012 Texas Instruments Incorporated</copyright>
   <link_time>0x604e64d0</link_time>
   <output_file>17_asm_DFT.out</output_file>
   <entry_point>
      <name>_c_int00</name>
      <address>0x141a5</address>
   </entry_point>
   <input_file_list>
      <input_file id="fl-2">
         <path>.\src\</path>
         <kind>object</kind>
         <file>asm_dft128Test.obj</file>
         <name>asm_dft128Test.obj</name>
      </input_file>
      <input_file id="fl-3">
         <path>.\src\</path>
         <kind>object</kind>
         <file>dft128.obj</file>
         <name>dft128.obj</name>
      </input_file>
      <input_file id="fl-4">
         <path>.\src\</path>
         <kind>object</kind>
         <file>mag_128.obj</file>
         <name>mag_128.obj</name>
      </input_file>
      <input_file id="fl-5">
         <path>.\src\</path>
         <kind>object</kind>
         <file>sine_cos.obj</file>
         <name>sine_cos.obj</name>
      </input_file>
      <input_file id="fl-1c">
         <path>C:\ti\ccs1011\ccs\tools\compiler\c5500_4.4.1\lib\</path>
         <kind>archive</kind>
         <file>rts55x.lib</file>
         <name>boot.obj</name>
      </input_file>
      <input_file id="fl-1d">
         <path>C:\ti\ccs1011\ccs\tools\compiler\c5500_4.4.1\lib\</path>
         <kind>archive</kind>
         <file>rts55x.lib</file>
         <name>exit.obj</name>
      </input_file>
      <input_file id="fl-1e">
         <path>C:\ti\ccs1011\ccs\tools\compiler\c5500_4.4.1\lib\</path>
         <kind>archive</kind>
         <file>rts55x.lib</file>
         <name>fclose.obj</name>
      </input_file>
      <input_file id="fl-1f">
         <path>C:\ti\ccs1011\ccs\tools\compiler\c5500_4.4.1\lib\</path>
         <kind>archive</kind>
         <file>rts55x.lib</file>
         <name>fflush.obj</name>
      </input_file>
      <input_file id="fl-20">
         <path>C:\ti\ccs1011\ccs\tools\compiler\c5500_4.4.1\lib\</path>
         <kind>archive</kind>
         <file>rts55x.lib</file>
         <name>fopen.obj</name>
      </input_file>
      <input_file id="fl-21">
         <path>C:\ti\ccs1011\ccs\tools\compiler\c5500_4.4.1\lib\</path>
         <kind>archive</kind>
         <file>rts55x.lib</file>
         <name>fprintf.obj</name>
      </input_file>
      <input_file id="fl-22">
         <path>C:\ti\ccs1011\ccs\tools\compiler\c5500_4.4.1\lib\</path>
         <kind>archive</kind>
         <file>rts55x.lib</file>
         <name>fputc.obj</name>
      </input_file>
      <input_file id="fl-23">
         <path>C:\ti\ccs1011\ccs\tools\compiler\c5500_4.4.1\lib\</path>
         <kind>archive</kind>
         <file>rts55x.lib</file>
         <name>fputs.obj</name>
      </input_file>
      <input_file id="fl-24">
         <path>C:\ti\ccs1011\ccs\tools\compiler\c5500_4.4.1\lib\</path>
         <kind>archive</kind>
         <file>rts55x.lib</file>
         <name>lowlev.obj</name>
      </input_file>
      <input_file id="fl-25">
         <path>C:\ti\ccs1011\ccs\tools\compiler\c5500_4.4.1\lib\</path>
         <kind>archive</kind>
         <file>rts55x.lib</file>
         <name>memcpy.obj</name>
      </input_file>
      <input_file id="fl-26">
         <path>C:\ti\ccs1011\ccs\tools\compiler\c5500_4.4.1\lib\</path>
         <kind>archive</kind>
         <file>rts55x.lib</file>
         <name>memory.obj</name>
      </input_file>
      <input_file id="fl-27">
         <path>C:\ti\ccs1011\ccs\tools\compiler\c5500_4.4.1\lib\</path>
         <kind>archive</kind>
         <file>rts55x.lib</file>
         <name>printf.obj</name>
      </input_file>
      <input_file id="fl-28">
         <path>C:\ti\ccs1011\ccs\tools\compiler\c5500_4.4.1\lib\</path>
         <kind>archive</kind>
         <file>rts55x.lib</file>
         <name>remove.obj</name>
      </input_file>
      <input_file id="fl-29">
         <path>C:\ti\ccs1011\ccs\tools\compiler\c5500_4.4.1\lib\</path>
         <kind>archive</kind>
         <file>rts55x.lib</file>
         <name>trgdrv.obj</name>
      </input_file>
      <input_file id="fl-2a">
         <path>C:\ti\ccs1011\ccs\tools\compiler\c5500_4.4.1\lib\</path>
         <kind>archive</kind>
         <file>rts55x.lib</file>
         <name>trgmsg.obj</name>
      </input_file>
      <input_file id="fl-2b">
         <path>C:\ti\ccs1011\ccs\tools\compiler\c5500_4.4.1\lib\</path>
         <kind>archive</kind>
         <file>rts55x.lib</file>
         <name>vectors.obj</name>
      </input_file>
      <input_file id="fl-2c">
         <path>C:\ti\ccs1011\ccs\tools\compiler\c5500_4.4.1\lib\</path>
         <kind>archive</kind>
         <file>rts55x.lib</file>
         <name>_io_perm.obj</name>
      </input_file>
      <input_file id="fl-2d">
         <path>C:\ti\ccs1011\ccs\tools\compiler\c5500_4.4.1\lib\</path>
         <kind>archive</kind>
         <file>rts55x.lib</file>
         <name>_lock.obj</name>
      </input_file>
      <input_file id="fl-2e">
         <path>C:\ti\ccs1011\ccs\tools\compiler\c5500_4.4.1\lib\</path>
         <kind>archive</kind>
         <file>rts55x.lib</file>
         <name>_printfi.obj</name>
      </input_file>
      <input_file id="fl-2f">
         <path>C:\ti\ccs1011\ccs\tools\compiler\c5500_4.4.1\lib\</path>
         <kind>archive</kind>
         <file>rts55x.lib</file>
         <name>args_main.obj</name>
      </input_file>
      <input_file id="fl-30">
         <path>C:\ti\ccs1011\ccs\tools\compiler\c5500_4.4.1\lib\</path>
         <kind>archive</kind>
         <file>rts55x.lib</file>
         <name>atoi.obj</name>
      </input_file>
      <input_file id="fl-31">
         <path>C:\ti\ccs1011\ccs\tools\compiler\c5500_4.4.1\lib\</path>
         <kind>archive</kind>
         <file>rts55x.lib</file>
         <name>autoinit.obj</name>
      </input_file>
      <input_file id="fl-32">
         <path>C:\ti\ccs1011\ccs\tools\compiler\c5500_4.4.1\lib\</path>
         <kind>archive</kind>
         <file>rts55x.lib</file>
         <name>cmpd.obj</name>
      </input_file>
      <input_file id="fl-33">
         <path>C:\ti\ccs1011\ccs\tools\compiler\c5500_4.4.1\lib\</path>
         <kind>archive</kind>
         <file>rts55x.lib</file>
         <name>ctype.obj</name>
      </input_file>
      <input_file id="fl-34">
         <path>C:\ti\ccs1011\ccs\tools\compiler\c5500_4.4.1\lib\</path>
         <kind>archive</kind>
         <file>rts55x.lib</file>
         <name>defs.obj</name>
      </input_file>
      <input_file id="fl-35">
         <path>C:\ti\ccs1011\ccs\tools\compiler\c5500_4.4.1\lib\</path>
         <kind>archive</kind>
         <file>rts55x.lib</file>
         <name>divd.obj</name>
      </input_file>
      <input_file id="fl-36">
         <path>C:\ti\ccs1011\ccs\tools\compiler\c5500_4.4.1\lib\</path>
         <kind>archive</kind>
         <file>rts55x.lib</file>
         <name>divul.obj</name>
      </input_file>
      <input_file id="fl-37">
         <path>C:\ti\ccs1011\ccs\tools\compiler\c5500_4.4.1\lib\</path>
         <kind>archive</kind>
         <file>rts55x.lib</file>
         <name>fixdi.obj</name>
      </input_file>
      <input_file id="fl-38">
         <path>C:\ti\ccs1011\ccs\tools\compiler\c5500_4.4.1\lib\</path>
         <kind>archive</kind>
         <file>rts55x.lib</file>
         <name>fixdli.obj</name>
      </input_file>
      <input_file id="fl-39">
         <path>C:\ti\ccs1011\ccs\tools\compiler\c5500_4.4.1\lib\</path>
         <kind>archive</kind>
         <file>rts55x.lib</file>
         <name>fltlid.obj</name>
      </input_file>
      <input_file id="fl-3a">
         <path>C:\ti\ccs1011\ccs\tools\compiler\c5500_4.4.1\lib\</path>
         <kind>archive</kind>
         <file>rts55x.lib</file>
         <name>frcmpyd_div.obj</name>
      </input_file>
      <input_file id="fl-3b">
         <path>C:\ti\ccs1011\ccs\tools\compiler\c5500_4.4.1\lib\</path>
         <kind>archive</kind>
         <file>rts55x.lib</file>
         <name>fseek.obj</name>
      </input_file>
      <input_file id="fl-3c">
         <path>C:\ti\ccs1011\ccs\tools\compiler\c5500_4.4.1\lib\</path>
         <kind>archive</kind>
         <file>rts55x.lib</file>
         <name>isinf.obj</name>
      </input_file>
      <input_file id="fl-3d">
         <path>C:\ti\ccs1011\ccs\tools\compiler\c5500_4.4.1\lib\</path>
         <kind>archive</kind>
         <file>rts55x.lib</file>
         <name>llmpy.obj</name>
      </input_file>
      <input_file id="fl-3e">
         <path>C:\ti\ccs1011\ccs\tools\compiler\c5500_4.4.1\lib\</path>
         <kind>archive</kind>
         <file>rts55x.lib</file>
         <name>lmpy.obj</name>
      </input_file>
      <input_file id="fl-3f">
         <path>C:\ti\ccs1011\ccs\tools\compiler\c5500_4.4.1\lib\</path>
         <kind>archive</kind>
         <file>rts55x.lib</file>
         <name>ltoa.obj</name>
      </input_file>
      <input_file id="fl-40">
         <path>C:\ti\ccs1011\ccs\tools\compiler\c5500_4.4.1\lib\</path>
         <kind>archive</kind>
         <file>rts55x.lib</file>
         <name>memccpy.obj</name>
      </input_file>
      <input_file id="fl-41">
         <path>C:\ti\ccs1011\ccs\tools\compiler\c5500_4.4.1\lib\</path>
         <kind>archive</kind>
         <file>rts55x.lib</file>
         <name>mpyd.obj</name>
      </input_file>
      <input_file id="fl-42">
         <path>C:\ti\ccs1011\ccs\tools\compiler\c5500_4.4.1\lib\</path>
         <kind>archive</kind>
         <file>rts55x.lib</file>
         <name>negd.obj</name>
      </input_file>
      <input_file id="fl-43">
         <path>C:\ti\ccs1011\ccs\tools\compiler\c5500_4.4.1\lib\</path>
         <kind>archive</kind>
         <file>rts55x.lib</file>
         <name>remli.obj</name>
      </input_file>
      <input_file id="fl-44">
         <path>C:\ti\ccs1011\ccs\tools\compiler\c5500_4.4.1\lib\</path>
         <kind>archive</kind>
         <file>rts55x.lib</file>
         <name>remul.obj</name>
      </input_file>
      <input_file id="fl-45">
         <path>C:\ti\ccs1011\ccs\tools\compiler\c5500_4.4.1\lib\</path>
         <kind>archive</kind>
         <file>rts55x.lib</file>
         <name>setvbuf.obj</name>
      </input_file>
      <input_file id="fl-46">
         <path>C:\ti\ccs1011\ccs\tools\compiler\c5500_4.4.1\lib\</path>
         <kind>archive</kind>
         <file>rts55x.lib</file>
         <name>subd.obj</name>
      </input_file>
      <input_file id="fl-47">
         <path>C:\ti\ccs1011\ccs\tools\compiler\c5500_4.4.1\lib\</path>
         <kind>archive</kind>
         <file>rts55x.lib</file>
         <name>udiv.obj</name>
      </input_file>
      <input_file id="fl-48">
         <path>C:\ti\ccs1011\ccs\tools\compiler\c5500_4.4.1\lib\</path>
         <kind>archive</kind>
         <file>rts55x.lib</file>
         <name>addd.obj</name>
      </input_file>
      <input_file id="fl-49">
         <path>C:\ti\ccs1011\ccs\tools\compiler\c5500_4.4.1\lib\</path>
         <kind>archive</kind>
         <file>rts55x.lib</file>
         <name>divli.obj</name>
      </input_file>
      <input_file id="fl-4a">
         <path>C:\ti\ccs1011\ccs\tools\compiler\c5500_4.4.1\lib\</path>
         <kind>archive</kind>
         <file>rts55x.lib</file>
         <name>frcmpyd.obj</name>
      </input_file>
   </input_file_list>
   <object_component_list>
      <object_component id="oc-6e">
         <name>vectors</name>
         <load_address>0xffff00</load_address>
         <run_address>0xffff00</run_address>
         <size>0x100</size>
         <input_file_ref idref="fl-2b"/>
      </object_component>
      <object_component id="oc-10">
         <name>.cinit</name>
         <load_address>0x1838</load_address>
         <run_address>0x1838</run_address>
         <size>0x106</size>
         <input_file_ref idref="fl-2"/>
      </object_component>
      <object_component id="oc-4c">
         <name>.cinit</name>
         <load_address>0x193e</load_address>
         <run_address>0x193e</run_address>
         <size>0x5a</size>
         <input_file_ref idref="fl-24"/>
      </object_component>
      <object_component id="oc-96">
         <name>.cinit</name>
         <load_address>0x1998</load_address>
         <run_address>0x1998</run_address>
         <size>0x54</size>
         <input_file_ref idref="fl-34"/>
      </object_component>
      <object_component id="oc-79">
         <name>.cinit</name>
         <load_address>0x19ec</load_address>
         <run_address>0x19ec</run_address>
         <size>0x14</size>
         <input_file_ref idref="fl-2d"/>
      </object_component>
      <object_component id="oc-2a">
         <name>.cinit</name>
         <load_address>0x1a00</load_address>
         <run_address>0x1a00</run_address>
         <size>0x14</size>
         <input_file_ref idref="fl-1d"/>
      </object_component>
      <object_component id="oc-39">
         <name>.cinit</name>
         <load_address>0x1a14</load_address>
         <run_address>0x1a14</run_address>
         <size>0x8</size>
         <input_file_ref idref="fl-20"/>
      </object_component>
      <object_component id="oc-56">
         <name>.cinit</name>
         <load_address>0x1a1c</load_address>
         <run_address>0x1a1c</run_address>
         <size>0x8</size>
         <input_file_ref idref="fl-26"/>
      </object_component>
      <object_component id="oc-7c">
         <name>.text</name>
         <load_address>0x10000</load_address>
         <run_address>0x10000</run_address>
         <size>0x15a4</size>
         <input_file_ref idref="fl-2e"/>
      </object_component>
      <object_component id="oc-49">
         <name>.text</name>
         <load_address>0x115a4</load_address>
         <run_address>0x115a4</run_address>
         <size>0x543</size>
         <input_file_ref idref="fl-24"/>
      </object_component>
      <object_component id="oc-53">
         <name>.text</name>
         <load_address>0x11ae7</load_address>
         <run_address>0x11ae7</run_address>
         <size>0x4b5</size>
         <input_file_ref idref="fl-26"/>
      </object_component>
      <object_component id="oc-1e">
         <name>.text</name>
         <load_address>0x11f9c</load_address>
         <run_address>0x11f9c</run_address>
         <size>0x61</size>
         <input_file_ref idref="fl-5"/>
      </object_component>
      <object_component id="oc-6d">
         <name>.text</name>
         <load_address>0x11ffd</load_address>
         <run_address>0x11ffd</run_address>
         <size>0x2</size>
         <input_file_ref idref="fl-2b"/>
      </object_component>
      <object_component id="oc-62">
         <name>.text</name>
         <load_address>0x12000</load_address>
         <run_address>0x12000</run_address>
         <size>0x528</size>
         <input_file_ref idref="fl-29"/>
      </object_component>
      <object_component id="oc-98">
         <name>.text</name>
         <load_address>0x12528</load_address>
         <run_address>0x12528</run_address>
         <size>0x3cc</size>
         <input_file_ref idref="fl-35"/>
      </object_component>
      <object_component id="oc-36">
         <name>.text</name>
         <load_address>0x128f4</load_address>
         <run_address>0x128f4</run_address>
         <size>0x27f</size>
         <input_file_ref idref="fl-20"/>
      </object_component>
      <object_component id="oc-b9">
         <name>.text</name>
         <load_address>0x12b73</load_address>
         <run_address>0x12b73</run_address>
         <size>0x25e</size>
         <input_file_ref idref="fl-3d"/>
      </object_component>
      <object_component id="oc-e5">
         <name>.text</name>
         <load_address>0x12dd1</load_address>
         <run_address>0x12dd1</run_address>
         <size>0x25a</size>
         <input_file_ref idref="fl-48"/>
      </object_component>
      <object_component id="oc-8e">
         <name>.text</name>
         <load_address>0x1302b</load_address>
         <run_address>0x1302b</run_address>
         <size>0x1ea</size>
         <input_file_ref idref="fl-32"/>
      </object_component>
      <object_component id="oc-44">
         <name>.text</name>
         <load_address>0x13215</load_address>
         <run_address>0x13215</run_address>
         <size>0x163</size>
         <input_file_ref idref="fl-23"/>
      </object_component>
      <object_component id="oc-c9">
         <name>.text</name>
         <load_address>0x13378</load_address>
         <run_address>0x13378</run_address>
         <size>0x14c</size>
         <input_file_ref idref="fl-41"/>
      </object_component>
      <object_component id="oc-d">
         <name>.text</name>
         <load_address>0x134c4</load_address>
         <run_address>0x134c4</run_address>
         <size>0xf8</size>
         <input_file_ref idref="fl-2"/>
      </object_component>
      <object_component id="oc-d9">
         <name>.text</name>
         <load_address>0x135bc</load_address>
         <run_address>0x135bc</run_address>
         <size>0xe6</size>
         <input_file_ref idref="fl-45"/>
      </object_component>
      <object_component id="oc-72">
         <name>.text</name>
         <load_address>0x136a2</load_address>
         <run_address>0x136a2</run_address>
         <size>0xdd</size>
         <input_file_ref idref="fl-2c"/>
      </object_component>
      <object_component id="oc-32">
         <name>.text</name>
         <load_address>0x1377f</load_address>
         <run_address>0x1377f</run_address>
         <size>0xc2</size>
         <input_file_ref idref="fl-1f"/>
      </object_component>
      <object_component id="oc-6a">
         <name>.text:CIO_breakpoint</name>
         <load_address>0x13841</load_address>
         <run_address>0x13841</run_address>
         <size>0xba</size>
         <input_file_ref idref="fl-2a"/>
      </object_component>
      <object_component id="oc-15">
         <name>.text</name>
         <load_address>0x138fb</load_address>
         <run_address>0x138fb</run_address>
         <size>0xb2</size>
         <input_file_ref idref="fl-3"/>
      </object_component>
      <object_component id="oc-40">
         <name>.text</name>
         <load_address>0x139ad</load_address>
         <run_address>0x139ad</run_address>
         <size>0xa6</size>
         <input_file_ref idref="fl-22"/>
      </object_component>
      <object_component id="oc-9c">
         <name>.text</name>
         <load_address>0x13a53</load_address>
         <run_address>0x13a53</run_address>
         <size>0xa1</size>
         <input_file_ref idref="fl-36"/>
      </object_component>
      <object_component id="oc-c1">
         <name>.text</name>
         <load_address>0x13af4</load_address>
         <run_address>0x13af4</run_address>
         <size>0x7d</size>
         <input_file_ref idref="fl-3f"/>
      </object_component>
      <object_component id="oc-2e">
         <name>.text</name>
         <load_address>0x13b71</load_address>
         <run_address>0x13b71</run_address>
         <size>0x7b</size>
         <input_file_ref idref="fl-1e"/>
      </object_component>
      <object_component id="oc-ed">
         <name>.text</name>
         <load_address>0x13bec</load_address>
         <run_address>0x13bec</run_address>
         <size>0x76</size>
         <input_file_ref idref="fl-4a"/>
      </object_component>
      <object_component id="oc-ad">
         <name>.text</name>
         <load_address>0x13c62</load_address>
         <run_address>0x13c62</run_address>
         <size>0x73</size>
         <input_file_ref idref="fl-3a"/>
      </object_component>
      <object_component id="oc-d5">
         <name>.text</name>
         <load_address>0x13cd5</load_address>
         <run_address>0x13cd5</run_address>
         <size>0x72</size>
         <input_file_ref idref="fl-44"/>
      </object_component>
      <object_component id="oc-a4">
         <name>.text</name>
         <load_address>0x13d47</load_address>
         <run_address>0x13d47</run_address>
         <size>0x6f</size>
         <input_file_ref idref="fl-38"/>
      </object_component>
      <object_component id="oc-67">
         <name>.text</name>
         <load_address>0x13db6</load_address>
         <run_address>0x13db6</run_address>
         <size>0x6d</size>
         <input_file_ref idref="fl-2a"/>
      </object_component>
      <object_component id="oc-b1">
         <name>.text</name>
         <load_address>0x13e23</load_address>
         <run_address>0x13e23</run_address>
         <size>0x6b</size>
         <input_file_ref idref="fl-3b"/>
      </object_component>
      <object_component id="oc-a8">
         <name>.text</name>
         <load_address>0x13e8e</load_address>
         <run_address>0x13e8e</run_address>
         <size>0x67</size>
         <input_file_ref idref="fl-39"/>
      </object_component>
      <object_component id="oc-86">
         <name>.text</name>
         <load_address>0x13ef5</load_address>
         <run_address>0x13ef5</run_address>
         <size>0x5c</size>
         <input_file_ref idref="fl-30"/>
      </object_component>
      <object_component id="oc-5a">
         <name>.text</name>
         <load_address>0x13f51</load_address>
         <run_address>0x13f51</run_address>
         <size>0x50</size>
         <input_file_ref idref="fl-27"/>
      </object_component>
      <object_component id="oc-8a">
         <name>.text</name>
         <load_address>0x13fa1</load_address>
         <run_address>0x13fa1</run_address>
         <size>0x4d</size>
         <input_file_ref idref="fl-31"/>
      </object_component>
      <object_component id="oc-cd">
         <name>.text</name>
         <load_address>0x13fee</load_address>
         <run_address>0x13fee</run_address>
         <size>0x10</size>
         <input_file_ref idref="fl-42"/>
      </object_component>
      <object_component id="oc-82">
         <name>.text</name>
         <load_address>0x14000</load_address>
         <run_address>0x14000</run_address>
         <size>0x4b</size>
         <input_file_ref idref="fl-2f"/>
      </object_component>
      <object_component id="oc-d1">
         <name>.text</name>
         <load_address>0x1404b</load_address>
         <run_address>0x1404b</run_address>
         <size>0x4b</size>
         <input_file_ref idref="fl-43"/>
      </object_component>
      <object_component id="oc-3c">
         <name>.text</name>
         <load_address>0x14096</load_address>
         <run_address>0x14096</run_address>
         <size>0x4a</size>
         <input_file_ref idref="fl-21"/>
      </object_component>
      <object_component id="oc-e9">
         <name>.text</name>
         <load_address>0x140e0</load_address>
         <run_address>0x140e0</run_address>
         <size>0x48</size>
         <input_file_ref idref="fl-49"/>
      </object_component>
      <object_component id="oc-4f">
         <name>.text</name>
         <load_address>0x14128</load_address>
         <run_address>0x14128</run_address>
         <size>0x3f</size>
         <input_file_ref idref="fl-25"/>
      </object_component>
      <object_component id="oc-27">
         <name>.text</name>
         <load_address>0x14167</load_address>
         <run_address>0x14167</run_address>
         <size>0x3e</size>
         <input_file_ref idref="fl-1d"/>
      </object_component>
      <object_component id="oc-c">
         <name>.text</name>
         <load_address>0x141a5</load_address>
         <run_address>0x141a5</run_address>
         <size>0x34</size>
         <input_file_ref idref="fl-1c"/>
      </object_component>
      <object_component id="oc-a0">
         <name>.text</name>
         <load_address>0x141d9</load_address>
         <run_address>0x141d9</run_address>
         <size>0x2a</size>
         <input_file_ref idref="fl-37"/>
      </object_component>
      <object_component id="oc-e1">
         <name>.text</name>
         <load_address>0x14203</load_address>
         <run_address>0x14203</run_address>
         <size>0x2a</size>
         <input_file_ref idref="fl-47"/>
      </object_component>
      <object_component id="oc-c5">
         <name>.text</name>
         <load_address>0x1422d</load_address>
         <run_address>0x1422d</run_address>
         <size>0x23</size>
         <input_file_ref idref="fl-40"/>
      </object_component>
      <object_component id="oc-1a">
         <name>.text</name>
         <load_address>0x14250</load_address>
         <run_address>0x14250</run_address>
         <size>0x20</size>
         <input_file_ref idref="fl-4"/>
      </object_component>
      <object_component id="oc-b5">
         <name>.text</name>
         <load_address>0x14270</load_address>
         <run_address>0x14270</run_address>
         <size>0x1a</size>
         <input_file_ref idref="fl-3c"/>
      </object_component>
      <object_component id="oc-dd">
         <name>.text</name>
         <load_address>0x1428a</load_address>
         <run_address>0x1428a</run_address>
         <size>0x14</size>
         <input_file_ref idref="fl-46"/>
      </object_component>
      <object_component id="oc-bd">
         <name>.text</name>
         <load_address>0x1429e</load_address>
         <run_address>0x1429e</run_address>
         <size>0x13</size>
         <input_file_ref idref="fl-3e"/>
      </object_component>
      <object_component id="oc-76">
         <name>.text</name>
         <load_address>0x142b1</load_address>
         <run_address>0x142b1</run_address>
         <size>0x12</size>
         <input_file_ref idref="fl-2d"/>
      </object_component>
      <object_component id="oc-5e">
         <name>.text</name>
         <load_address>0x142c3</load_address>
         <run_address>0x142c3</run_address>
         <size>0xa</size>
         <input_file_ref idref="fl-28"/>
      </object_component>
      <object_component id="oc-2b">
         <name>.text:CIO_breakpoint</name>
         <load_address>0x142cd</load_address>
         <run_address>0x142cd</run_address>
         <size>0x7</size>
         <input_file_ref idref="fl-1d"/>
      </object_component>
      <object_component id="oc-23">
         <name>.stack</name>
         <uninitialized>true</uninitialized>
         <run_address>0xc0</run_address>
         <size>0x0</size>
         <input_file_ref idref="fl-1c"/>
      </object_component>
      <object_component id="oc-107">
         <name>.stack</name>
         <uninitialized>true</uninitialized>
         <run_address>0xc0</run_address>
         <size>0x0</size>
      </object_component>
      <object_component id="oc-f1">
         <name>.sysstack</name>
         <uninitialized>true</uninitialized>
         <run_address>0x1638</run_address>
         <size>0x0</size>
         <input_file_ref idref="fl-1c"/>
      </object_component>
      <object_component id="oc-109">
         <name>.sysstack</name>
         <uninitialized>true</uninitialized>
         <run_address>0x1638</run_address>
         <size>0x0</size>
      </object_component>
      <object_component id="oc-57">
         <name>.sysmem</name>
         <uninitialized>true</uninitialized>
         <run_address>0x8000</run_address>
         <size>0x0</size>
         <input_file_ref idref="fl-26"/>
      </object_component>
      <object_component id="oc-108">
         <name>.sysmem</name>
         <uninitialized>true</uninitialized>
         <run_address>0x8000</run_address>
         <size>0x0</size>
      </object_component>
      <object_component id="oc-1f">
         <name>.data</name>
         <load_address>0x9000</load_address>
         <run_address>0x9000</run_address>
         <size>0x16</size>
         <input_file_ref idref="fl-5"/>
      </object_component>
      <object_component id="oc-69">
         <name>.cio</name>
         <uninitialized>true</uninitialized>
         <run_address>0x13f8</run_address>
         <size>0x240</size>
         <input_file_ref idref="fl-2a"/>
      </object_component>
      <object_component id="oc-e">
         <name>.bss</name>
         <uninitialized>true</uninitialized>
         <run_address>0xa000</run_address>
         <size>0x580</size>
         <input_file_ref idref="fl-2"/>
      </object_component>
      <object_component id="oc-16">
         <name>.bss</name>
         <uninitialized>true</uninitialized>
         <run_address>0xaa36</run_address>
         <size>0x18</size>
         <input_file_ref idref="fl-3"/>
      </object_component>
      <object_component id="oc-28">
         <name>.bss</name>
         <uninitialized>true</uninitialized>
         <run_address>0xaa64</run_address>
         <size>0x8</size>
         <input_file_ref idref="fl-1d"/>
      </object_component>
      <object_component id="oc-37">
         <name>.bss</name>
         <uninitialized>true</uninitialized>
         <run_address>0xa952</run_address>
         <size>0x2</size>
         <input_file_ref idref="fl-20"/>
      </object_component>
      <object_component id="oc-4a">
         <name>.bss</name>
         <uninitialized>true</uninitialized>
         <run_address>0xa954</run_address>
         <size>0xe2</size>
         <input_file_ref idref="fl-24"/>
      </object_component>
      <object_component id="oc-54">
         <name>.bss</name>
         <uninitialized>true</uninitialized>
         <run_address>0xaa50</run_address>
         <size>0xc</size>
         <input_file_ref idref="fl-26"/>
      </object_component>
      <object_component id="oc-63">
         <name>.bss</name>
         <uninitialized>true</uninitialized>
         <run_address>0xa7b2</run_address>
         <size>0x1a0</size>
         <input_file_ref idref="fl-29"/>
      </object_component>
      <object_component id="oc-77">
         <name>.bss</name>
         <uninitialized>true</uninitialized>
         <run_address>0xaa5c</run_address>
         <size>0x8</size>
         <input_file_ref idref="fl-2d"/>
      </object_component>
      <object_component id="oc-94">
         <name>.bss</name>
         <uninitialized>true</uninitialized>
         <run_address>0xa580</run_address>
         <size>0x232</size>
         <input_file_ref idref="fl-34"/>
      </object_component>
      <object_component id="oc-f2">
         <name>.const:__ctypes_</name>
         <load_address>0x10c0</load_address>
         <run_address>0x10c0</run_address>
         <size>0x202</size>
         <input_file_ref idref="fl-33"/>
      </object_component>
      <object_component id="oc-11">
         <name>.const:.string</name>
         <load_address>0x12c4</load_address>
         <run_address>0x12c4</run_address>
         <size>0xb6</size>
         <input_file_ref idref="fl-2"/>
      </object_component>
      <object_component id="oc-7f">
         <name>.const:.string</name>
         <load_address>0x137c</load_address>
         <run_address>0x137c</run_address>
         <size>0x48</size>
         <input_file_ref idref="fl-2e"/>
      </object_component>
      <object_component id="oc-7e">
         <name>.const</name>
         <load_address>0x13c4</load_address>
         <run_address>0x13c4</run_address>
         <size>0x18</size>
         <input_file_ref idref="fl-2e"/>
      </object_component>
      <object_component id="oc-f3">
         <name>.const:_initial_approx$1</name>
         <load_address>0x13dc</load_address>
         <run_address>0x13dc</run_address>
         <size>0x10</size>
         <input_file_ref idref="fl-35"/>
      </object_component>
      <object_component id="oc-46">
         <name>.const:.string</name>
         <load_address>0x13ec</load_address>
         <run_address>0x13ec</run_address>
         <size>0x4</size>
         <input_file_ref idref="fl-23"/>
      </object_component>
      <object_component id="oc-aa">
         <name>.const</name>
         <load_address>0x13f0</load_address>
         <run_address>0x13f0</run_address>
         <size>0x4</size>
         <input_file_ref idref="fl-39"/>
      </object_component>
      <object_component id="oc-f">
         <name>.debug_info</name>
         <load_address>0x0</load_address>
         <run_address>0x0</run_address>
         <size>0x84c</size>
         <input_file_ref idref="fl-2"/>
      </object_component>
      <object_component id="oc-17">
         <name>.debug_info</name>
         <load_address>0x84c</load_address>
         <run_address>0x84c</run_address>
         <size>0xda</size>
         <input_file_ref idref="fl-3"/>
      </object_component>
      <object_component id="oc-1b">
         <name>.debug_info</name>
         <load_address>0x926</load_address>
         <run_address>0x926</run_address>
         <size>0xcb</size>
         <input_file_ref idref="fl-4"/>
      </object_component>
      <object_component id="oc-20">
         <name>.debug_info</name>
         <load_address>0x9f1</load_address>
         <run_address>0x9f1</run_address>
         <size>0xce</size>
         <input_file_ref idref="fl-5"/>
      </object_component>
      <object_component id="oc-24">
         <name>.debug_info</name>
         <load_address>0xabf</load_address>
         <run_address>0xabf</run_address>
         <size>0xe8</size>
         <input_file_ref idref="fl-1c"/>
      </object_component>
      <object_component id="oc-29">
         <name>.debug_info</name>
         <load_address>0xba7</load_address>
         <run_address>0xba7</run_address>
         <size>0x5fb</size>
         <input_file_ref idref="fl-1d"/>
      </object_component>
      <object_component id="oc-2f">
         <name>.debug_info</name>
         <load_address>0x11a2</load_address>
         <run_address>0x11a2</run_address>
         <size>0x64f</size>
         <input_file_ref idref="fl-1e"/>
      </object_component>
      <object_component id="oc-33">
         <name>.debug_info</name>
         <load_address>0x17f1</load_address>
         <run_address>0x17f1</run_address>
         <size>0x706</size>
         <input_file_ref idref="fl-1f"/>
      </object_component>
      <object_component id="oc-38">
         <name>.debug_info</name>
         <load_address>0x1ef7</load_address>
         <run_address>0x1ef7</run_address>
         <size>0xa1c</size>
         <input_file_ref idref="fl-20"/>
      </object_component>
      <object_component id="oc-3d">
         <name>.debug_info</name>
         <load_address>0x2913</load_address>
         <run_address>0x2913</run_address>
         <size>0x763</size>
         <input_file_ref idref="fl-21"/>
      </object_component>
      <object_component id="oc-41">
         <name>.debug_info</name>
         <load_address>0x3076</load_address>
         <run_address>0x3076</run_address>
         <size>0x6aa</size>
         <input_file_ref idref="fl-22"/>
      </object_component>
      <object_component id="oc-45">
         <name>.debug_info</name>
         <load_address>0x3720</load_address>
         <run_address>0x3720</run_address>
         <size>0x942</size>
         <input_file_ref idref="fl-23"/>
      </object_component>
      <object_component id="oc-4b">
         <name>.debug_info</name>
         <load_address>0x4062</load_address>
         <run_address>0x4062</run_address>
         <size>0x144b</size>
         <input_file_ref idref="fl-24"/>
      </object_component>
      <object_component id="oc-50">
         <name>.debug_info</name>
         <load_address>0x54ad</load_address>
         <run_address>0x54ad</run_address>
         <size>0xd1</size>
         <input_file_ref idref="fl-25"/>
      </object_component>
      <object_component id="oc-55">
         <name>.debug_info</name>
         <load_address>0x557e</load_address>
         <run_address>0x557e</run_address>
         <size>0xb97</size>
         <input_file_ref idref="fl-26"/>
      </object_component>
      <object_component id="oc-5b">
         <name>.debug_info</name>
         <load_address>0x6115</load_address>
         <run_address>0x6115</run_address>
         <size>0x76c</size>
         <input_file_ref idref="fl-27"/>
      </object_component>
      <object_component id="oc-5f">
         <name>.debug_info</name>
         <load_address>0x6881</load_address>
         <run_address>0x6881</run_address>
         <size>0x510</size>
         <input_file_ref idref="fl-28"/>
      </object_component>
      <object_component id="oc-64">
         <name>.debug_info</name>
         <load_address>0x6d91</load_address>
         <run_address>0x6d91</run_address>
         <size>0xed4</size>
         <input_file_ref idref="fl-29"/>
      </object_component>
      <object_component id="oc-68">
         <name>.debug_info</name>
         <load_address>0x7c65</load_address>
         <run_address>0x7c65</run_address>
         <size>0x744</size>
         <input_file_ref idref="fl-2a"/>
      </object_component>
      <object_component id="oc-6f">
         <name>.debug_info</name>
         <load_address>0x83a9</load_address>
         <run_address>0x83a9</run_address>
         <size>0xbc</size>
         <input_file_ref idref="fl-2b"/>
      </object_component>
      <object_component id="oc-73">
         <name>.debug_info</name>
         <load_address>0x8465</load_address>
         <run_address>0x8465</run_address>
         <size>0x662</size>
         <input_file_ref idref="fl-2c"/>
      </object_component>
      <object_component id="oc-78">
         <name>.debug_info</name>
         <load_address>0x8ac7</load_address>
         <run_address>0x8ac7</run_address>
         <size>0x5bc</size>
         <input_file_ref idref="fl-2d"/>
      </object_component>
      <object_component id="oc-7d">
         <name>.debug_info</name>
         <load_address>0x9083</load_address>
         <run_address>0x9083</run_address>
         <size>0x27bd</size>
         <input_file_ref idref="fl-2e"/>
      </object_component>
      <object_component id="oc-83">
         <name>.debug_info</name>
         <load_address>0xb840</load_address>
         <run_address>0xb840</run_address>
         <size>0x586</size>
         <input_file_ref idref="fl-2f"/>
      </object_component>
      <object_component id="oc-87">
         <name>.debug_info</name>
         <load_address>0xbdc6</load_address>
         <run_address>0xbdc6</run_address>
         <size>0x5a4</size>
         <input_file_ref idref="fl-30"/>
      </object_component>
      <object_component id="oc-8b">
         <name>.debug_info</name>
         <load_address>0xc36a</load_address>
         <run_address>0xc36a</run_address>
         <size>0xcd</size>
         <input_file_ref idref="fl-31"/>
      </object_component>
      <object_component id="oc-8f">
         <name>.debug_info</name>
         <load_address>0xc437</load_address>
         <run_address>0xc437</run_address>
         <size>0x81f</size>
         <input_file_ref idref="fl-32"/>
      </object_component>
      <object_component id="oc-92">
         <name>.debug_info</name>
         <load_address>0xcc56</load_address>
         <run_address>0xcc56</run_address>
         <size>0x498</size>
         <input_file_ref idref="fl-33"/>
      </object_component>
      <object_component id="oc-95">
         <name>.debug_info</name>
         <load_address>0xd0ee</load_address>
         <run_address>0xd0ee</run_address>
         <size>0x57e</size>
         <input_file_ref idref="fl-34"/>
      </object_component>
      <object_component id="oc-99">
         <name>.debug_info</name>
         <load_address>0xd66c</load_address>
         <run_address>0xd66c</run_address>
         <size>0x7e8</size>
         <input_file_ref idref="fl-35"/>
      </object_component>
      <object_component id="oc-9d">
         <name>.debug_info</name>
         <load_address>0xde54</load_address>
         <run_address>0xde54</run_address>
         <size>0x534</size>
         <input_file_ref idref="fl-36"/>
      </object_component>
      <object_component id="oc-a1">
         <name>.debug_info</name>
         <load_address>0xe388</load_address>
         <run_address>0xe388</run_address>
         <size>0x4cf</size>
         <input_file_ref idref="fl-37"/>
      </object_component>
      <object_component id="oc-a5">
         <name>.debug_info</name>
         <load_address>0xe857</load_address>
         <run_address>0xe857</run_address>
         <size>0x534</size>
         <input_file_ref idref="fl-38"/>
      </object_component>
      <object_component id="oc-a9">
         <name>.debug_info</name>
         <load_address>0xed8b</load_address>
         <run_address>0xed8b</run_address>
         <size>0x549</size>
         <input_file_ref idref="fl-39"/>
      </object_component>
      <object_component id="oc-ae">
         <name>.debug_info</name>
         <load_address>0xf2d4</load_address>
         <run_address>0xf2d4</run_address>
         <size>0x53e</size>
         <input_file_ref idref="fl-3a"/>
      </object_component>
      <object_component id="oc-b2">
         <name>.debug_info</name>
         <load_address>0xf812</load_address>
         <run_address>0xf812</run_address>
         <size>0x5f7</size>
         <input_file_ref idref="fl-3b"/>
      </object_component>
      <object_component id="oc-b6">
         <name>.debug_info</name>
         <load_address>0xfe09</load_address>
         <run_address>0xfe09</run_address>
         <size>0x680</size>
         <input_file_ref idref="fl-3c"/>
      </object_component>
      <object_component id="oc-ba">
         <name>.debug_info</name>
         <load_address>0x10489</load_address>
         <run_address>0x10489</run_address>
         <size>0x7d4</size>
         <input_file_ref idref="fl-3d"/>
      </object_component>
      <object_component id="oc-be">
         <name>.debug_info</name>
         <load_address>0x10c5d</load_address>
         <run_address>0x10c5d</run_address>
         <size>0xbd</size>
         <input_file_ref idref="fl-3e"/>
      </object_component>
      <object_component id="oc-c2">
         <name>.debug_info</name>
         <load_address>0x10d1a</load_address>
         <run_address>0x10d1a</run_address>
         <size>0x5ad</size>
         <input_file_ref idref="fl-3f"/>
      </object_component>
      <object_component id="oc-c6">
         <name>.debug_info</name>
         <load_address>0x112c7</load_address>
         <run_address>0x112c7</run_address>
         <size>0x574</size>
         <input_file_ref idref="fl-40"/>
      </object_component>
      <object_component id="oc-ca">
         <name>.debug_info</name>
         <load_address>0x1183b</load_address>
         <run_address>0x1183b</run_address>
         <size>0x55b</size>
         <input_file_ref idref="fl-41"/>
      </object_component>
      <object_component id="oc-ce">
         <name>.debug_info</name>
         <load_address>0x11d96</load_address>
         <run_address>0x11d96</run_address>
         <size>0x4b7</size>
         <input_file_ref idref="fl-42"/>
      </object_component>
      <object_component id="oc-d2">
         <name>.debug_info</name>
         <load_address>0x1224d</load_address>
         <run_address>0x1224d</run_address>
         <size>0x4f2</size>
         <input_file_ref idref="fl-43"/>
      </object_component>
      <object_component id="oc-d6">
         <name>.debug_info</name>
         <load_address>0x1273f</load_address>
         <run_address>0x1273f</run_address>
         <size>0x534</size>
         <input_file_ref idref="fl-44"/>
      </object_component>
      <object_component id="oc-da">
         <name>.debug_info</name>
         <load_address>0x12c73</load_address>
         <run_address>0x12c73</run_address>
         <size>0x64a</size>
         <input_file_ref idref="fl-45"/>
      </object_component>
      <object_component id="oc-de">
         <name>.debug_info</name>
         <load_address>0x132bd</load_address>
         <run_address>0x132bd</run_address>
         <size>0x4de</size>
         <input_file_ref idref="fl-46"/>
      </object_component>
      <object_component id="oc-e2">
         <name>.debug_info</name>
         <load_address>0x1379b</load_address>
         <run_address>0x1379b</run_address>
         <size>0xef</size>
         <input_file_ref idref="fl-47"/>
      </object_component>
      <object_component id="oc-e6">
         <name>.debug_info</name>
         <load_address>0x1388a</load_address>
         <run_address>0x1388a</run_address>
         <size>0x5ab</size>
         <input_file_ref idref="fl-48"/>
      </object_component>
      <object_component id="oc-ea">
         <name>.debug_info</name>
         <load_address>0x13e35</load_address>
         <run_address>0x13e35</run_address>
         <size>0x4f2</size>
         <input_file_ref idref="fl-49"/>
      </object_component>
      <object_component id="oc-ee">
         <name>.debug_info</name>
         <load_address>0x14327</load_address>
         <run_address>0x14327</run_address>
         <size>0x4d2</size>
         <input_file_ref idref="fl-4a"/>
      </object_component>
      <object_component id="oc-110">
         <name>.debug_info</name>
         <load_address>0x147f9</load_address>
         <run_address>0x147f9</run_address>
         <size>0x6e</size>
      </object_component>
      <object_component id="oc-12">
         <name>.debug_frame</name>
         <load_address>0x0</load_address>
         <run_address>0x0</run_address>
         <size>0xe5</size>
         <input_file_ref idref="fl-2"/>
      </object_component>
      <object_component id="oc-13">
         <name>.debug_line</name>
         <load_address>0x0</load_address>
         <run_address>0x0</run_address>
         <size>0x7c</size>
         <input_file_ref idref="fl-2"/>
      </object_component>
      <object_component id="oc-18">
         <name>.debug_line</name>
         <load_address>0x7c</load_address>
         <run_address>0x7c</run_address>
         <size>0x65</size>
         <input_file_ref idref="fl-3"/>
      </object_component>
      <object_component id="oc-1c">
         <name>.debug_line</name>
         <load_address>0xe1</load_address>
         <run_address>0xe1</run_address>
         <size>0x4a</size>
         <input_file_ref idref="fl-4"/>
      </object_component>
      <object_component id="oc-21">
         <name>.debug_line</name>
         <load_address>0x12b</load_address>
         <run_address>0x12b</run_address>
         <size>0x5e</size>
         <input_file_ref idref="fl-5"/>
      </object_component>
      <object_component id="oc-25">
         <name>.debug_line</name>
         <load_address>0x189</load_address>
         <run_address>0x189</run_address>
         <size>0x54</size>
         <input_file_ref idref="fl-1c"/>
      </object_component>
      <object_component id="oc-2c">
         <name>.debug_line</name>
         <load_address>0x1dd</load_address>
         <run_address>0x1dd</run_address>
         <size>0x51</size>
         <input_file_ref idref="fl-1d"/>
      </object_component>
      <object_component id="oc-30">
         <name>.debug_line</name>
         <load_address>0x22e</load_address>
         <run_address>0x22e</run_address>
         <size>0x3d</size>
         <input_file_ref idref="fl-1e"/>
      </object_component>
      <object_component id="oc-34">
         <name>.debug_line</name>
         <load_address>0x26b</load_address>
         <run_address>0x26b</run_address>
         <size>0x5b</size>
         <input_file_ref idref="fl-1f"/>
      </object_component>
      <object_component id="oc-3a">
         <name>.debug_line</name>
         <load_address>0x2c6</load_address>
         <run_address>0x2c6</run_address>
         <size>0xd7</size>
         <input_file_ref idref="fl-20"/>
      </object_component>
      <object_component id="oc-3e">
         <name>.debug_line</name>
         <load_address>0x39d</load_address>
         <run_address>0x39d</run_address>
         <size>0x6a</size>
         <input_file_ref idref="fl-21"/>
      </object_component>
      <object_component id="oc-42">
         <name>.debug_line</name>
         <load_address>0x407</load_address>
         <run_address>0x407</run_address>
         <size>0x56</size>
         <input_file_ref idref="fl-22"/>
      </object_component>
      <object_component id="oc-47">
         <name>.debug_line</name>
         <load_address>0x45d</load_address>
         <run_address>0x45d</run_address>
         <size>0xa8</size>
         <input_file_ref idref="fl-23"/>
      </object_component>
      <object_component id="oc-4d">
         <name>.debug_line</name>
         <load_address>0x505</load_address>
         <run_address>0x505</run_address>
         <size>0x1b0</size>
         <input_file_ref idref="fl-24"/>
      </object_component>
      <object_component id="oc-51">
         <name>.debug_line</name>
         <load_address>0x6b5</load_address>
         <run_address>0x6b5</run_address>
         <size>0x4d</size>
         <input_file_ref idref="fl-25"/>
      </object_component>
      <object_component id="oc-58">
         <name>.debug_line</name>
         <load_address>0x702</load_address>
         <run_address>0x702</run_address>
         <size>0x112</size>
         <input_file_ref idref="fl-26"/>
      </object_component>
      <object_component id="oc-5c">
         <name>.debug_line</name>
         <load_address>0x814</load_address>
         <run_address>0x814</run_address>
         <size>0x69</size>
         <input_file_ref idref="fl-27"/>
      </object_component>
      <object_component id="oc-60">
         <name>.debug_line</name>
         <load_address>0x87d</load_address>
         <run_address>0x87d</run_address>
         <size>0x39</size>
         <input_file_ref idref="fl-28"/>
      </object_component>
      <object_component id="oc-65">
         <name>.debug_line</name>
         <load_address>0x8b6</load_address>
         <run_address>0x8b6</run_address>
         <size>0x15d</size>
         <input_file_ref idref="fl-29"/>
      </object_component>
      <object_component id="oc-6b">
         <name>.debug_line</name>
         <load_address>0xa13</load_address>
         <run_address>0xa13</run_address>
         <size>0x6a</size>
         <input_file_ref idref="fl-2a"/>
      </object_component>
      <object_component id="oc-70">
         <name>.debug_line</name>
         <load_address>0xa7d</load_address>
         <run_address>0xa7d</run_address>
         <size>0x37</size>
         <input_file_ref idref="fl-2b"/>
      </object_component>
      <object_component id="oc-74">
         <name>.debug_line</name>
         <load_address>0xab4</load_address>
         <run_address>0xab4</run_address>
         <size>0x57</size>
         <input_file_ref idref="fl-2c"/>
      </object_component>
      <object_component id="oc-7a">
         <name>.debug_line</name>
         <load_address>0xb0b</load_address>
         <run_address>0xb0b</run_address>
         <size>0x57</size>
         <input_file_ref idref="fl-2d"/>
      </object_component>
      <object_component id="oc-80">
         <name>.debug_line</name>
         <load_address>0xb62</load_address>
         <run_address>0xb62</run_address>
         <size>0x328</size>
         <input_file_ref idref="fl-2e"/>
      </object_component>
      <object_component id="oc-84">
         <name>.debug_line</name>
         <load_address>0xe8a</load_address>
         <run_address>0xe8a</run_address>
         <size>0x41</size>
         <input_file_ref idref="fl-2f"/>
      </object_component>
      <object_component id="oc-88">
         <name>.debug_line</name>
         <load_address>0xecb</load_address>
         <run_address>0xecb</run_address>
         <size>0x46</size>
         <input_file_ref idref="fl-30"/>
      </object_component>
      <object_component id="oc-8c">
         <name>.debug_line</name>
         <load_address>0xf11</load_address>
         <run_address>0xf11</run_address>
         <size>0x55</size>
         <input_file_ref idref="fl-31"/>
      </object_component>
      <object_component id="oc-90">
         <name>.debug_line</name>
         <load_address>0xf66</load_address>
         <run_address>0xf66</run_address>
         <size>0xad</size>
         <input_file_ref idref="fl-32"/>
      </object_component>
      <object_component id="oc-9a">
         <name>.debug_line</name>
         <load_address>0x1013</load_address>
         <run_address>0x1013</run_address>
         <size>0x5b</size>
         <input_file_ref idref="fl-35"/>
      </object_component>
      <object_component id="oc-9e">
         <name>.debug_line</name>
         <load_address>0x106e</load_address>
         <run_address>0x106e</run_address>
         <size>0x44</size>
         <input_file_ref idref="fl-36"/>
      </object_component>
      <object_component id="oc-a2">
         <name>.debug_line</name>
         <load_address>0x10b2</load_address>
         <run_address>0x10b2</run_address>
         <size>0x3d</size>
         <input_file_ref idref="fl-37"/>
      </object_component>
      <object_component id="oc-a6">
         <name>.debug_line</name>
         <load_address>0x10ef</load_address>
         <run_address>0x10ef</run_address>
         <size>0x3d</size>
         <input_file_ref idref="fl-38"/>
      </object_component>
      <object_component id="oc-ab">
         <name>.debug_line</name>
         <load_address>0x112c</load_address>
         <run_address>0x112c</run_address>
         <size>0x44</size>
         <input_file_ref idref="fl-39"/>
      </object_component>
      <object_component id="oc-af">
         <name>.debug_line</name>
         <load_address>0x1170</load_address>
         <run_address>0x1170</run_address>
         <size>0x40</size>
         <input_file_ref idref="fl-3a"/>
      </object_component>
      <object_component id="oc-b3">
         <name>.debug_line</name>
         <load_address>0x11b0</load_address>
         <run_address>0x11b0</run_address>
         <size>0x3c</size>
         <input_file_ref idref="fl-3b"/>
      </object_component>
      <object_component id="oc-b7">
         <name>.debug_line</name>
         <load_address>0x11ec</load_address>
         <run_address>0x11ec</run_address>
         <size>0x38</size>
         <input_file_ref idref="fl-3c"/>
      </object_component>
      <object_component id="oc-bb">
         <name>.debug_line</name>
         <load_address>0x1224</load_address>
         <run_address>0x1224</run_address>
         <size>0xa8</size>
         <input_file_ref idref="fl-3d"/>
      </object_component>
      <object_component id="oc-bf">
         <name>.debug_line</name>
         <load_address>0x12cc</load_address>
         <run_address>0x12cc</run_address>
         <size>0x3c</size>
         <input_file_ref idref="fl-3e"/>
      </object_component>
      <object_component id="oc-c3">
         <name>.debug_line</name>
         <load_address>0x1308</load_address>
         <run_address>0x1308</run_address>
         <size>0x40</size>
         <input_file_ref idref="fl-3f"/>
      </object_component>
      <object_component id="oc-c7">
         <name>.debug_line</name>
         <load_address>0x1348</load_address>
         <run_address>0x1348</run_address>
         <size>0x3c</size>
         <input_file_ref idref="fl-40"/>
      </object_component>
      <object_component id="oc-cb">
         <name>.debug_line</name>
         <load_address>0x1384</load_address>
         <run_address>0x1384</run_address>
         <size>0x3c</size>
         <input_file_ref idref="fl-41"/>
      </object_component>
      <object_component id="oc-cf">
         <name>.debug_line</name>
         <load_address>0x13c0</load_address>
         <run_address>0x13c0</run_address>
         <size>0x37</size>
         <input_file_ref idref="fl-42"/>
      </object_component>
      <object_component id="oc-d3">
         <name>.debug_line</name>
         <load_address>0x13f7</load_address>
         <run_address>0x13f7</run_address>
         <size>0x3c</size>
         <input_file_ref idref="fl-43"/>
      </object_component>
      <object_component id="oc-d7">
         <name>.debug_line</name>
         <load_address>0x1433</load_address>
         <run_address>0x1433</run_address>
         <size>0x44</size>
         <input_file_ref idref="fl-44"/>
      </object_component>
      <object_component id="oc-db">
         <name>.debug_line</name>
         <load_address>0x1477</load_address>
         <run_address>0x1477</run_address>
         <size>0x3f</size>
         <input_file_ref idref="fl-45"/>
      </object_component>
      <object_component id="oc-df">
         <name>.debug_line</name>
         <load_address>0x14b6</load_address>
         <run_address>0x14b6</run_address>
         <size>0x37</size>
         <input_file_ref idref="fl-46"/>
      </object_component>
      <object_component id="oc-e3">
         <name>.debug_line</name>
         <load_address>0x14ed</load_address>
         <run_address>0x14ed</run_address>
         <size>0x58</size>
         <input_file_ref idref="fl-47"/>
      </object_component>
      <object_component id="oc-e7">
         <name>.debug_line</name>
         <load_address>0x1545</load_address>
         <run_address>0x1545</run_address>
         <size>0x5c</size>
         <input_file_ref idref="fl-48"/>
      </object_component>
      <object_component id="oc-eb">
         <name>.debug_line</name>
         <load_address>0x15a1</load_address>
         <run_address>0x15a1</run_address>
         <size>0x3c</size>
         <input_file_ref idref="fl-49"/>
      </object_component>
      <object_component id="oc-ef">
         <name>.debug_line</name>
         <load_address>0x15dd</load_address>
         <run_address>0x15dd</run_address>
         <size>0x3a</size>
         <input_file_ref idref="fl-4a"/>
      </object_component>
      <object_component id="oc-14">
         <name>.debug_abbrev</name>
         <load_address>0x0</load_address>
         <run_address>0x0</run_address>
         <size>0x134</size>
         <input_file_ref idref="fl-2"/>
      </object_component>
      <object_component id="oc-19">
         <name>.debug_abbrev</name>
         <load_address>0x134</load_address>
         <run_address>0x134</run_address>
         <size>0x3a</size>
         <input_file_ref idref="fl-3"/>
      </object_component>
      <object_component id="oc-1d">
         <name>.debug_abbrev</name>
         <load_address>0x16e</load_address>
         <run_address>0x16e</run_address>
         <size>0x2c</size>
         <input_file_ref idref="fl-4"/>
      </object_component>
      <object_component id="oc-22">
         <name>.debug_abbrev</name>
         <load_address>0x19a</load_address>
         <run_address>0x19a</run_address>
         <size>0x2c</size>
         <input_file_ref idref="fl-5"/>
      </object_component>
      <object_component id="oc-26">
         <name>.debug_abbrev</name>
         <load_address>0x1c6</load_address>
         <run_address>0x1c6</run_address>
         <size>0x3a</size>
         <input_file_ref idref="fl-1c"/>
      </object_component>
      <object_component id="oc-2d">
         <name>.debug_abbrev</name>
         <load_address>0x200</load_address>
         <run_address>0x200</run_address>
         <size>0xf7</size>
         <input_file_ref idref="fl-1d"/>
      </object_component>
      <object_component id="oc-31">
         <name>.debug_abbrev</name>
         <load_address>0x2f7</load_address>
         <run_address>0x2f7</run_address>
         <size>0x118</size>
         <input_file_ref idref="fl-1e"/>
      </object_component>
      <object_component id="oc-35">
         <name>.debug_abbrev</name>
         <load_address>0x40f</load_address>
         <run_address>0x40f</run_address>
         <size>0x136</size>
         <input_file_ref idref="fl-1f"/>
      </object_component>
      <object_component id="oc-3b">
         <name>.debug_abbrev</name>
         <load_address>0x545</load_address>
         <run_address>0x545</run_address>
         <size>0x1a2</size>
         <input_file_ref idref="fl-20"/>
      </object_component>
      <object_component id="oc-3f">
         <name>.debug_abbrev</name>
         <load_address>0x6e7</load_address>
         <run_address>0x6e7</run_address>
         <size>0x123</size>
         <input_file_ref idref="fl-21"/>
      </object_component>
      <object_component id="oc-43">
         <name>.debug_abbrev</name>
         <load_address>0x80a</load_address>
         <run_address>0x80a</run_address>
         <size>0x103</size>
         <input_file_ref idref="fl-22"/>
      </object_component>
      <object_component id="oc-48">
         <name>.debug_abbrev</name>
         <load_address>0x90d</load_address>
         <run_address>0x90d</run_address>
         <size>0x140</size>
         <input_file_ref idref="fl-23"/>
      </object_component>
      <object_component id="oc-4e">
         <name>.debug_abbrev</name>
         <load_address>0xa4d</load_address>
         <run_address>0xa4d</run_address>
         <size>0x225</size>
         <input_file_ref idref="fl-24"/>
      </object_component>
      <object_component id="oc-52">
         <name>.debug_abbrev</name>
         <load_address>0xc72</load_address>
         <run_address>0xc72</run_address>
         <size>0x38</size>
         <input_file_ref idref="fl-25"/>
      </object_component>
      <object_component id="oc-59">
         <name>.debug_abbrev</name>
         <load_address>0xcaa</load_address>
         <run_address>0xcaa</run_address>
         <size>0x1de</size>
         <input_file_ref idref="fl-26"/>
      </object_component>
      <object_component id="oc-5d">
         <name>.debug_abbrev</name>
         <load_address>0xe88</load_address>
         <run_address>0xe88</run_address>
         <size>0x145</size>
         <input_file_ref idref="fl-27"/>
      </object_component>
      <object_component id="oc-61">
         <name>.debug_abbrev</name>
         <load_address>0xfcd</load_address>
         <run_address>0xfcd</run_address>
         <size>0xbf</size>
         <input_file_ref idref="fl-28"/>
      </object_component>
      <object_component id="oc-66">
         <name>.debug_abbrev</name>
         <load_address>0x108c</load_address>
         <run_address>0x108c</run_address>
         <size>0x15a</size>
         <input_file_ref idref="fl-29"/>
      </object_component>
      <object_component id="oc-6c">
         <name>.debug_abbrev</name>
         <load_address>0x11e6</load_address>
         <run_address>0x11e6</run_address>
         <size>0xde</size>
         <input_file_ref idref="fl-2a"/>
      </object_component>
      <object_component id="oc-71">
         <name>.debug_abbrev</name>
         <load_address>0x12c4</load_address>
         <run_address>0x12c4</run_address>
         <size>0x26</size>
         <input_file_ref idref="fl-2b"/>
      </object_component>
      <object_component id="oc-75">
         <name>.debug_abbrev</name>
         <load_address>0x12ea</load_address>
         <run_address>0x12ea</run_address>
         <size>0xd1</size>
         <input_file_ref idref="fl-2c"/>
      </object_component>
      <object_component id="oc-7b">
         <name>.debug_abbrev</name>
         <load_address>0x13bb</load_address>
         <run_address>0x13bb</run_address>
         <size>0x9f</size>
         <input_file_ref idref="fl-2d"/>
      </object_component>
      <object_component id="oc-81">
         <name>.debug_abbrev</name>
         <load_address>0x145a</load_address>
         <run_address>0x145a</run_address>
         <size>0x1f8</size>
         <input_file_ref idref="fl-2e"/>
      </object_component>
      <object_component id="oc-85">
         <name>.debug_abbrev</name>
         <load_address>0x1652</load_address>
         <run_address>0x1652</run_address>
         <size>0xec</size>
         <input_file_ref idref="fl-2f"/>
      </object_component>
      <object_component id="oc-89">
         <name>.debug_abbrev</name>
         <load_address>0x173e</load_address>
         <run_address>0x173e</run_address>
         <size>0xd5</size>
         <input_file_ref idref="fl-30"/>
      </object_component>
      <object_component id="oc-8d">
         <name>.debug_abbrev</name>
         <load_address>0x1813</load_address>
         <run_address>0x1813</run_address>
         <size>0x44</size>
         <input_file_ref idref="fl-31"/>
      </object_component>
      <object_component id="oc-91">
         <name>.debug_abbrev</name>
         <load_address>0x1857</load_address>
         <run_address>0x1857</run_address>
         <size>0xb7</size>
         <input_file_ref idref="fl-32"/>
      </object_component>
      <object_component id="oc-93">
         <name>.debug_abbrev</name>
         <load_address>0x190e</load_address>
         <run_address>0x190e</run_address>
         <size>0x68</size>
         <input_file_ref idref="fl-33"/>
      </object_component>
      <object_component id="oc-97">
         <name>.debug_abbrev</name>
         <load_address>0x1976</load_address>
         <run_address>0x1976</run_address>
         <size>0x83</size>
         <input_file_ref idref="fl-34"/>
      </object_component>
      <object_component id="oc-9b">
         <name>.debug_abbrev</name>
         <load_address>0x19f9</load_address>
         <run_address>0x19f9</run_address>
         <size>0x112</size>
         <input_file_ref idref="fl-35"/>
      </object_component>
      <object_component id="oc-9f">
         <name>.debug_abbrev</name>
         <load_address>0x1b0b</load_address>
         <run_address>0x1b0b</run_address>
         <size>0xb5</size>
         <input_file_ref idref="fl-36"/>
      </object_component>
      <object_component id="oc-a3">
         <name>.debug_abbrev</name>
         <load_address>0x1bc0</load_address>
         <run_address>0x1bc0</run_address>
         <size>0x8f</size>
         <input_file_ref idref="fl-37"/>
      </object_component>
      <object_component id="oc-a7">
         <name>.debug_abbrev</name>
         <load_address>0x1c4f</load_address>
         <run_address>0x1c4f</run_address>
         <size>0xb7</size>
         <input_file_ref idref="fl-38"/>
      </object_component>
      <object_component id="oc-ac">
         <name>.debug_abbrev</name>
         <load_address>0x1d06</load_address>
         <run_address>0x1d06</run_address>
         <size>0xc2</size>
         <input_file_ref idref="fl-39"/>
      </object_component>
      <object_component id="oc-b0">
         <name>.debug_abbrev</name>
         <load_address>0x1dc8</load_address>
         <run_address>0x1dc8</run_address>
         <size>0x9a</size>
         <input_file_ref idref="fl-3a"/>
      </object_component>
      <object_component id="oc-b4">
         <name>.debug_abbrev</name>
         <load_address>0x1e62</load_address>
         <run_address>0x1e62</run_address>
         <size>0xd1</size>
         <input_file_ref idref="fl-3b"/>
      </object_component>
      <object_component id="oc-b8">
         <name>.debug_abbrev</name>
         <load_address>0x1f33</load_address>
         <run_address>0x1f33</run_address>
         <size>0xd0</size>
         <input_file_ref idref="fl-3c"/>
      </object_component>
      <object_component id="oc-bc">
         <name>.debug_abbrev</name>
         <load_address>0x2003</load_address>
         <run_address>0x2003</run_address>
         <size>0xb7</size>
         <input_file_ref idref="fl-3d"/>
      </object_component>
      <object_component id="oc-c0">
         <name>.debug_abbrev</name>
         <load_address>0x20ba</load_address>
         <run_address>0x20ba</run_address>
         <size>0x38</size>
         <input_file_ref idref="fl-3e"/>
      </object_component>
      <object_component id="oc-c4">
         <name>.debug_abbrev</name>
         <load_address>0x20f2</load_address>
         <run_address>0x20f2</run_address>
         <size>0xec</size>
         <input_file_ref idref="fl-3f"/>
      </object_component>
      <object_component id="oc-c8">
         <name>.debug_abbrev</name>
         <load_address>0x21de</load_address>
         <run_address>0x21de</run_address>
         <size>0xb7</size>
         <input_file_ref idref="fl-40"/>
      </object_component>
      <object_component id="oc-cc">
         <name>.debug_abbrev</name>
         <load_address>0x2295</load_address>
         <run_address>0x2295</run_address>
         <size>0xdc</size>
         <input_file_ref idref="fl-41"/>
      </object_component>
      <object_component id="oc-d0">
         <name>.debug_abbrev</name>
         <load_address>0x2371</load_address>
         <run_address>0x2371</run_address>
         <size>0x81</size>
         <input_file_ref idref="fl-42"/>
      </object_component>
      <object_component id="oc-d4">
         <name>.debug_abbrev</name>
         <load_address>0x23f2</load_address>
         <run_address>0x23f2</run_address>
         <size>0xa6</size>
         <input_file_ref idref="fl-43"/>
      </object_component>
      <object_component id="oc-d8">
         <name>.debug_abbrev</name>
         <load_address>0x2498</load_address>
         <run_address>0x2498</run_address>
         <size>0xb5</size>
         <input_file_ref idref="fl-44"/>
      </object_component>
      <object_component id="oc-dc">
         <name>.debug_abbrev</name>
         <load_address>0x254d</load_address>
         <run_address>0x254d</run_address>
         <size>0x10b</size>
         <input_file_ref idref="fl-45"/>
      </object_component>
      <object_component id="oc-e0">
         <name>.debug_abbrev</name>
         <load_address>0x2658</load_address>
         <run_address>0x2658</run_address>
         <size>0x8f</size>
         <input_file_ref idref="fl-46"/>
      </object_component>
      <object_component id="oc-e4">
         <name>.debug_abbrev</name>
         <load_address>0x26e7</load_address>
         <run_address>0x26e7</run_address>
         <size>0x38</size>
         <input_file_ref idref="fl-47"/>
      </object_component>
      <object_component id="oc-e8">
         <name>.debug_abbrev</name>
         <load_address>0x271f</load_address>
         <run_address>0x271f</run_address>
         <size>0xd4</size>
         <input_file_ref idref="fl-48"/>
      </object_component>
      <object_component id="oc-ec">
         <name>.debug_abbrev</name>
         <load_address>0x27f3</load_address>
         <run_address>0x27f3</run_address>
         <size>0xa6</size>
         <input_file_ref idref="fl-49"/>
      </object_component>
      <object_component id="oc-f0">
         <name>.debug_abbrev</name>
         <load_address>0x2899</load_address>
         <run_address>0x2899</run_address>
         <size>0x81</size>
         <input_file_ref idref="fl-4a"/>
      </object_component>
      <object_component id="oc-111">
         <name>.debug_abbrev</name>
         <load_address>0x291a</load_address>
         <run_address>0x291a</run_address>
         <size>0xd</size>
      </object_component>
   </object_component_list>
   <logical_group_list>
      <logical_group id="lg-2">
         <name>vectors</name>
         <load_address>0xffff00</load_address>
         <run_address>0xffff00</run_address>
         <size>0x100</size>
         <contents>
            <object_component_ref idref="oc-6e"/>
         </contents>
      </logical_group>
      <logical_group id="lg-3">
         <name>.cinit</name>
         <load_address>0x1838</load_address>
         <run_address>0x1838</run_address>
         <size>0x1ee</size>
         <contents>
            <object_component_ref idref="oc-10"/>
            <object_component_ref idref="oc-4c"/>
            <object_component_ref idref="oc-96"/>
            <object_component_ref idref="oc-79"/>
            <object_component_ref idref="oc-2a"/>
            <object_component_ref idref="oc-39"/>
            <object_component_ref idref="oc-56"/>
         </contents>
      </logical_group>
      <logical_group id="lg-10d">
         <name>.text.1</name>
         <load_address>0x10000</load_address>
         <run_address>0x10000</run_address>
         <size>0x2000</size>
         <contents>
            <object_component_ref idref="oc-7c"/>
            <object_component_ref idref="oc-49"/>
            <object_component_ref idref="oc-53"/>
            <object_component_ref idref="oc-1e"/>
            <object_component_ref idref="oc-6d"/>
         </contents>
      </logical_group>
      <logical_group id="lg-10e">
         <name>.text.2</name>
         <load_address>0x12000</load_address>
         <run_address>0x12000</run_address>
         <size>0x1fff</size>
         <contents>
            <object_component_ref idref="oc-62"/>
            <object_component_ref idref="oc-98"/>
            <object_component_ref idref="oc-36"/>
            <object_component_ref idref="oc-b9"/>
            <object_component_ref idref="oc-e5"/>
            <object_component_ref idref="oc-8e"/>
            <object_component_ref idref="oc-44"/>
            <object_component_ref idref="oc-c9"/>
            <object_component_ref idref="oc-d"/>
            <object_component_ref idref="oc-d9"/>
            <object_component_ref idref="oc-72"/>
            <object_component_ref idref="oc-32"/>
            <object_component_ref idref="oc-6a"/>
            <object_component_ref idref="oc-15"/>
            <object_component_ref idref="oc-40"/>
            <object_component_ref idref="oc-9c"/>
            <object_component_ref idref="oc-c1"/>
            <object_component_ref idref="oc-2e"/>
            <object_component_ref idref="oc-ed"/>
            <object_component_ref idref="oc-ad"/>
            <object_component_ref idref="oc-d5"/>
            <object_component_ref idref="oc-a4"/>
            <object_component_ref idref="oc-67"/>
            <object_component_ref idref="oc-b1"/>
            <object_component_ref idref="oc-a8"/>
            <object_component_ref idref="oc-86"/>
            <object_component_ref idref="oc-5a"/>
            <object_component_ref idref="oc-8a"/>
            <object_component_ref idref="oc-cd"/>
         </contents>
      </logical_group>
      <logical_group id="lg-10f">
         <name>.text.3</name>
         <load_address>0x14000</load_address>
         <run_address>0x14000</run_address>
         <size>0x2d5</size>
         <contents>
            <object_component_ref idref="oc-82"/>
            <object_component_ref idref="oc-d1"/>
            <object_component_ref idref="oc-3c"/>
            <object_component_ref idref="oc-e9"/>
            <object_component_ref idref="oc-4f"/>
            <object_component_ref idref="oc-27"/>
            <object_component_ref idref="oc-c"/>
            <object_component_ref idref="oc-a0"/>
            <object_component_ref idref="oc-e1"/>
            <object_component_ref idref="oc-c5"/>
            <object_component_ref idref="oc-1a"/>
            <object_component_ref idref="oc-b5"/>
            <object_component_ref idref="oc-dd"/>
            <object_component_ref idref="oc-bd"/>
            <object_component_ref idref="oc-76"/>
            <object_component_ref idref="oc-5e"/>
            <object_component_ref idref="oc-2b"/>
         </contents>
      </logical_group>
      <split_section id="lg-4">
         <name>.text</name>
         <contents>
            <logical_group_ref idref="lg-10d"/>
            <logical_group_ref idref="lg-10e"/>
            <logical_group_ref idref="lg-10f"/>
         </contents>
      </split_section>
      <logical_group id="lg-5">
         <name>.stack</name>
         <run_address>0xc0</run_address>
         <size>0x1000</size>
         <contents>
            <object_component_ref idref="oc-23"/>
            <object_component_ref idref="oc-107"/>
         </contents>
      </logical_group>
      <logical_group id="lg-6">
         <name>.sysstack</name>
         <run_address>0x1638</run_address>
         <size>0x200</size>
         <contents>
            <object_component_ref idref="oc-f1"/>
            <object_component_ref idref="oc-109"/>
         </contents>
      </logical_group>
      <logical_group id="lg-7">
         <name>.sysmem</name>
         <run_address>0x8000</run_address>
         <size>0x1000</size>
         <contents>
            <object_component_ref idref="oc-57"/>
            <object_component_ref idref="oc-108"/>
         </contents>
      </logical_group>
      <logical_group id="lg-8">
         <name>.data</name>
         <load_address>0x9000</load_address>
         <run_address>0x9000</run_address>
         <size>0x16</size>
         <contents>
            <object_component_ref idref="oc-1f"/>
         </contents>
      </logical_group>
      <logical_group id="lg-9">
         <name>.cio</name>
         <run_address>0x13f8</run_address>
         <size>0x240</size>
         <contents>
            <object_component_ref idref="oc-69"/>
         </contents>
      </logical_group>
      <logical_group id="lg-a">
         <name>.bss</name>
         <run_address>0xa000</run_address>
         <size>0xa6c</size>
         <contents>
            <object_component_ref idref="oc-e"/>
            <object_component_ref idref="oc-16"/>
            <object_component_ref idref="oc-28"/>
            <object_component_ref idref="oc-37"/>
            <object_component_ref idref="oc-4a"/>
            <object_component_ref idref="oc-54"/>
            <object_component_ref idref="oc-63"/>
            <object_component_ref idref="oc-77"/>
            <object_component_ref idref="oc-94"/>
         </contents>
      </logical_group>
      <logical_group id="lg-b">
         <name>.const</name>
         <load_address>0x10c0</load_address>
         <run_address>0x10c0</run_address>
         <size>0x334</size>
         <contents>
            <object_component_ref idref="oc-f2"/>
            <object_component_ref idref="oc-11"/>
            <object_component_ref idref="oc-7f"/>
            <object_component_ref idref="oc-7e"/>
            <object_component_ref idref="oc-f3"/>
            <object_component_ref idref="oc-46"/>
            <object_component_ref idref="oc-aa"/>
         </contents>
      </logical_group>
      <logical_group id="lg-fe">
         <name>.debug_info</name>
         <load_address>0x0</load_address>
         <run_address>0x0</run_address>
         <size>0x14867</size>
         <contents>
            <object_component_ref idref="oc-f"/>
            <object_component_ref idref="oc-17"/>
            <object_component_ref idref="oc-1b"/>
            <object_component_ref idref="oc-20"/>
            <object_component_ref idref="oc-24"/>
            <object_component_ref idref="oc-29"/>
            <object_component_ref idref="oc-2f"/>
            <object_component_ref idref="oc-33"/>
            <object_component_ref idref="oc-38"/>
            <object_component_ref idref="oc-3d"/>
            <object_component_ref idref="oc-41"/>
            <object_component_ref idref="oc-45"/>
            <object_component_ref idref="oc-4b"/>
            <object_component_ref idref="oc-50"/>
            <object_component_ref idref="oc-55"/>
            <object_component_ref idref="oc-5b"/>
            <object_component_ref idref="oc-5f"/>
            <object_component_ref idref="oc-64"/>
            <object_component_ref idref="oc-68"/>
            <object_component_ref idref="oc-6f"/>
            <object_component_ref idref="oc-73"/>
            <object_component_ref idref="oc-78"/>
            <object_component_ref idref="oc-7d"/>
            <object_component_ref idref="oc-83"/>
            <object_component_ref idref="oc-87"/>
            <object_component_ref idref="oc-8b"/>
            <object_component_ref idref="oc-8f"/>
            <object_component_ref idref="oc-92"/>
            <object_component_ref idref="oc-95"/>
            <object_component_ref idref="oc-99"/>
            <object_component_ref idref="oc-9d"/>
            <object_component_ref idref="oc-a1"/>
            <object_component_ref idref="oc-a5"/>
            <object_component_ref idref="oc-a9"/>
            <object_component_ref idref="oc-ae"/>
            <object_component_ref idref="oc-b2"/>
            <object_component_ref idref="oc-b6"/>
            <object_component_ref idref="oc-ba"/>
            <object_component_ref idref="oc-be"/>
            <object_component_ref idref="oc-c2"/>
[...]
      </symbol>
      <symbol id="sm-7">
         <name>binit</name>
         <value>0xffffffff</value>
      </symbol>
      <symbol id="sm-8">
         <name>___binit__</name>
         <value>0xffffffff</value>
      </symbol>
      <symbol id="sm-9">
         <name>__STACK_SIZE</name>
         <value>0x1000</value>
      </symbol>
      <symbol id="sm-a">
         <name>__STACK_END</name>
         <value>0x10c0</value>
      </symbol>
      <symbol id="sm-b">
         <name>__SYSMEM_SIZE</name>
         <value>0x1000</value>
      </symbol>
      <symbol id="sm-c">
         <name>___c_args__</name>
         <value>0xffffffff</value>
      </symbol>
      <symbol id="sm-d">
         <name>__SYSSTACK_SIZE</name>
         <value>0x200</value>
      </symbol>
      <symbol id="sm-e">
         <name>.text</name>
         <value>0xffffffff</value>
      </symbol>
      <symbol id="sm-f">
         <name>___text__</name>
         <value>0xffffffff</value>
      </symbol>
      <symbol id="sm-10">
         <name>etext</name>
         <value>0xffffffff</value>
      </symbol>
      <symbol id="sm-11">
         <name>___etext__</name>
         <value>0xffffffff</value>
      </symbol>
      <symbol id="sm-12">
         <name>.data</name>
         <value>0x9000</value>
      </symbol>
      <symbol id="sm-13">
         <name>___data__</name>
         <value>0x9000</value>
      </symbol>
      <symbol id="sm-14">
         <name>edata</name>
         <value>0x9016</value>
      </symbol>
      <symbol id="sm-15">
         <name>___edata__</name>
         <value>0x9016</value>
      </symbol>
      <symbol id="sm-16">
         <name>.bss</name>
         <value>0xa000</value>
      </symbol>
      <symbol id="sm-17">
         <name>___bss__</name>
         <value>0xa000</value>
      </symbol>
      <symbol id="sm-18">
         <name>end</name>
         <value>0xaa6c</value>
      </symbol>
      <symbol id="sm-19">
         <name>___end__</name>
         <value>0xaa6c</value>
      </symbol>
      <symbol id="sm-57">
         <name>_main</name>
         <value>0x134c4</value>
         <object_component_ref idref="oc-d"/>
      </symbol>
      <symbol id="sm-58">
         <name>_spectrum</name>
         <value>0xa500</value>
         <object_component_ref idref="oc-e"/>
      </symbol>
      <symbol id="sm-59">
         <name>_xin</name>
         <value>0xa100</value>
         <object_component_ref idref="oc-e"/>
      </symbol>
      <symbol id="sm-5a">
         <name>_xout</name>
         <value>0xa300</value>
         <object_component_ref idref="oc-e"/>
      </symbol>
      <symbol id="sm-5b">
         <name>_input</name>
         <value>0xa000</value>
         <object_component_ref idref="oc-e"/>
      </symbol>
      <symbol id="sm-72">
         <name>_dft_128</name>
         <value>0x138fb</value>
         <object_component_ref idref="oc-15"/>
      </symbol>
      <symbol id="sm-7d">
         <name>_mag_128</name>
         <value>0x14250</value>
         <object_component_ref idref="oc-1a"/>
      </symbol>
      <symbol id="sm-8c">
         <name>_sine_cos</name>
         <value>0x11f9c</value>
         <object_component_ref idref="oc-1e"/>
      </symbol>
      <symbol id="sm-98">
         <name>__sysstack</name>
         <value>0x1638</value>
         <object_component_ref idref="oc-f1"/>
      </symbol>
      <symbol id="sm-99">
         <name>_c_int00</name>
         <value>0x141a5</value>
         <object_component_ref idref="oc-c"/>
      </symbol>
      <symbol id="sm-9a">
         <name>__stack</name>
         <value>0xc0</value>
         <object_component_ref idref="oc-23"/>
      </symbol>
      <symbol id="sm-aa">
         <name>C$$EXIT</name>
         <value>0x142ce</value>
         <object_component_ref idref="oc-2b"/>
      </symbol>
      <symbol id="sm-ab">
         <name>_exit</name>
         <value>0x14167</value>
         <object_component_ref idref="oc-27"/>
      </symbol>
      <symbol id="sm-ac">
         <name>_abort</name>
         <value>0x142cd</value>
         <object_component_ref idref="oc-2b"/>
      </symbol>
      <symbol id="sm-ad">
         <name>__cleanup_ptr</name>
         <value>0xaa64</value>
         <object_component_ref idref="oc-28"/>
      </symbol>
      <symbol id="sm-ae">
         <name>__dtors_ptr</name>
         <value>0xaa68</value>
         <object_component_ref idref="oc-28"/>
      </symbol>
      <symbol id="sm-b8">
         <name>_fclose</name>
         <value>0x13b71</value>
         <object_component_ref idref="oc-2e"/>
      </symbol>
      <symbol id="sm-c2">
         <name>__doflush</name>
         <value>0x1377f</value>
         <object_component_ref idref="oc-32"/>
      </symbol>
      <symbol id="sm-c3">
         <name>_fflush</name>
         <value>0x137e8</value>
         <object_component_ref idref="oc-32"/>
      </symbol>
      <symbol id="sm-d2">
         <name>__cleanup</name>
         <value>0x12a15</value>
         <object_component_ref idref="oc-36"/>
      </symbol>
      <symbol id="sm-d3">
         <name>_fopen</name>
         <value>0x12b38</value>
         <object_component_ref idref="oc-36"/>
      </symbol>
      <symbol id="sm-d4">
         <name>_freopen</name>
         <value>0x12a6f</value>
         <object_component_ref idref="oc-36"/>
      </symbol>
      <symbol id="sm-de">
         <name>_fprintf</name>
         <value>0x14096</value>
         <object_component_ref idref="oc-3c"/>
      </symbol>
      <symbol id="sm-e8">
         <name>_putchar</name>
         <value>0x13a44</value>
         <object_component_ref idref="oc-40"/>
      </symbol>
      <symbol id="sm-e9">
         <name>_putc</name>
         <value>0x139ad</value>
         <object_component_ref idref="oc-40"/>
      </symbol>
      <symbol id="sm-ea">
         <name>_fputc</name>
         <value>0x139ad</value>
         <object_component_ref idref="oc-40"/>
      </symbol>
      <symbol id="sm-f8">
         <name>_puts</name>
         <value>0x1334a</value>
         <object_component_ref idref="oc-44"/>
      </symbol>
      <symbol id="sm-f9">
         <name>_fputs</name>
         <value>0x13215</value>
         <object_component_ref idref="oc-44"/>
      </symbol>
      <symbol id="sm-10b">
         <name>_add_device</name>
         <value>0x119f7</value>
         <object_component_ref idref="oc-49"/>
      </symbol>
      <symbol id="sm-10c">
         <name>_rename</name>
         <value>0x11719</value>
         <object_component_ref idref="oc-49"/>
      </symbol>
      <symbol id="sm-10d">
         <name>_read</name>
         <value>0x117a8</value>
         <object_component_ref idref="oc-49"/>
      </symbol>
      <symbol id="sm-10e">
         <name>_unlink</name>
         <value>0x116e6</value>
         <object_component_ref idref="oc-49"/>
      </symbol>
      <symbol id="sm-10f">
         <name>_remove_device</name>
         <value>0x11772</value>
         <object_component_ref idref="oc-49"/>
      </symbol>
      <symbol id="sm-110">
         <name>_open</name>
         <value>0x11856</value>
         <object_component_ref idref="oc-49"/>
      </symbol>
      <symbol id="sm-111">
         <name>_find_registered_device</name>
         <value>0x1197b</value>
         <object_component_ref idref="oc-49"/>
      </symbol>
      <symbol id="sm-112">
         <name>_lseek</name>
         <value>0x11915</value>
         <object_component_ref idref="oc-49"/>
      </symbol>
      <symbol id="sm-113">
         <name>_close</name>
         <value>0x11984</value>
         <object_component_ref idref="oc-49"/>
      </symbol>
      <symbol id="sm-114">
         <name>_write</name>
         <value>0x115a4</value>
         <object_component_ref idref="oc-49"/>
      </symbol>
      <symbol id="sm-11c">
         <name>_memcpy</name>
         <value>0x14128</value>
         <object_component_ref idref="oc-4f"/>
      </symbol>
      <symbol id="sm-12c">
         <name>__sys_memory</name>
         <value>0x8000</value>
         <object_component_ref idref="oc-57"/>
      </symbol>
      <symbol id="sm-12d">
         <name>_chkheap</name>
         <value>0x11f6e</value>
         <object_component_ref idref="oc-53"/>
      </symbol>
      <symbol id="sm-12e">
         <name>_realloc</name>
         <value>0x11d0d</value>
         <object_component_ref idref="oc-53"/>
      </symbol>
      <symbol id="sm-12f">
         <name>_free_memory</name>
         <value>0x11f18</value>
         <object_component_ref idref="oc-53"/>
      </symbol>
      <symbol id="sm-130">
         <name>_max_free</name>
         <value>0x11ebe</value>
         <object_component_ref idref="oc-53"/>
      </symbol>
      <symbol id="sm-131">
         <name>_free</name>
         <value>0x11ae7</value>
         <object_component_ref idref="oc-53"/>
      </symbol>
      <symbol id="sm-132">
         <name>_calloc</name>
         <value>0x11f76</value>
         <object_component_ref idref="oc-53"/>
      </symbol>
      <symbol id="sm-133">
         <name>_malloc</name>
         <value>0x11c18</value>
         <object_component_ref idref="oc-53"/>
      </symbol>
      <symbol id="sm-134">
         <name>_minit</name>
         <value>0x11bb3</value>
         <object_component_ref idref="oc-53"/>
      </symbol>
      <symbol id="sm-13e">
         <name>_printf</name>
         <value>0x13f51</value>
         <object_component_ref idref="oc-5a"/>
      </symbol>
      <symbol id="sm-148">
         <name>_remove</name>
         <value>0x142c3</value>
         <object_component_ref idref="oc-5e"/>
      </symbol>
      <symbol id="sm-154">
         <name>_HOSTopen</name>
         <value>0x1230b</value>
         <object_component_ref idref="oc-62"/>
      </symbol>
      <symbol id="sm-155">
         <name>_HOSTread</name>
         <value>0x1227e</value>
         <object_component_ref idref="oc-62"/>
      </symbol>
      <symbol id="sm-156">
         <name>_HOSTtime</name>
         <value>0x12172</value>
         <object_component_ref idref="oc-62"/>
      </symbol>
      <symbol id="sm-157">
         <name>_getenv</name>
         <value>0x12000</value>
         <object_component_ref idref="oc-62"/>
      </symbol>
      <symbol id="sm-158">
         <name>_HOSTrename</name>
         <value>0x121d0</value>
         <object_component_ref idref="oc-62"/>
      </symbol>
      <symbol id="sm-159">
         <name>_HOSTclock</name>
         <value>0x124ca</value>
         <object_component_ref idref="oc-62"/>
      </symbol>
      <symbol id="sm-15a">
         <name>_HOSTwrite</name>
         <value>0x1207b</value>
         <object_component_ref idref="oc-62"/>
      </symbol>
      <symbol id="sm-15b">
         <name>_HOSTlseek</name>
         <value>0x123aa</value>
         <object_component_ref idref="oc-62"/>
      </symbol>
      <symbol id="sm-15c">
         <name>_HOSTunlink</name>
         <value>0x12108</value>
         <object_component_ref idref="oc-62"/>
      </symbol>
      <symbol id="sm-15d">
         <name>_HOSTclose</name>
         <value>0x1245f</value>
         <object_component_ref idref="oc-62"/>
      </symbol>
      <symbol id="sm-16f">
         <name>C$$IO$$</name>
         <value>0x138f6</value>
         <object_component_ref idref="oc-6a"/>
      </symbol>
      <symbol id="sm-170">
         <name>__CIOBUF_</name>
         <value>0x13f8</value>
         <object_component_ref idref="oc-69"/>
      </symbol>
      <symbol id="sm-171">
         <name>_readmsg</name>
         <value>0x13db6</value>
         <object_component_ref idref="oc-67"/>
      </symbol>
      <symbol id="sm-172">
         <name>_writemsg</name>
         <value>0x13841</value>
         <object_component_ref idref="oc-6a"/>
      </symbol>
      <symbol id="sm-17c">
         <name>_Reset</name>
         <value>0xffff00</value>
         <object_component_ref idref="oc-6e"/>
      </symbol>
      <symbol id="sm-186">
         <name>__rd_ok</name>
         <value>0x13722</value>
         <object_component_ref idref="oc-72"/>
      </symbol>
      <symbol id="sm-187">
         <name>__wrt_ok</name>
         <value>0x136a2</value>
         <object_component_ref idref="oc-72"/>
      </symbol>
      <symbol id="sm-195">
         <name>__unlock</name>
         <value>0xaa60</value>
         <object_component_ref idref="oc-77"/>
      </symbol>
      <symbol id="sm-196">
         <name>__lock</name>
         <value>0xaa5c</value>
         <object_component_ref idref="oc-77"/>
      </symbol>
      <symbol id="sm-197">
         <name>__register_lock</name>
         <value>0x142b9</value>
         <object_component_ref idref="oc-76"/>
      </symbol>
      <symbol id="sm-198">
         <name>__nop</name>
         <value>0x142c1</value>
         <object_component_ref idref="oc-76"/>
      </symbol>
      <symbol id="sm-199">
         <name>__register_unlock</name>
         <value>0x142b1</value>
         <object_component_ref idref="oc-76"/>
      </symbol>
      <symbol id="sm-1ab">
         <name>__printfi</name>
         <value>0x11362</value>
         <object_component_ref idref="oc-7c"/>
      </symbol>
      <symbol id="sm-1b5">
         <name>__args_main</name>
         <value>0x14000</value>
         <object_component_ref idref="oc-82"/>
      </symbol>
      <symbol id="sm-1b6">
         <name>__TI_args_main</name>
         <value>0x1</value>
      </symbol>
      <symbol id="sm-1c0">
         <name>_atoi</name>
         <value>0x13ef5</value>
         <object_component_ref idref="oc-86"/>
      </symbol>
      <symbol id="sm-1c8">
         <name>_auto_init</name>
         <value>0x13fa1</value>
         <object_component_ref idref="oc-8a"/>
      </symbol>
      <symbol id="sm-1d2">
         <name>__eqld</name>
         <value>0x13189</value>
         <object_component_ref idref="oc-8e"/>
      </symbol>
      <symbol id="sm-1d3">
         <name>__cmpd</name>
         <value>0x131bd</value>
         <object_component_ref idref="oc-8e"/>
      </symbol>
      <symbol id="sm-1d4">
         <name>__neqd</name>
         <value>0x1302b</value>
         <object_component_ref idref="oc-8e"/>
      </symbol>
      <symbol id="sm-1d5">
         <name>__gtrd</name>
         <value>0x130f4</value>
         <object_component_ref idref="oc-8e"/>
      </symbol>
      <symbol id="sm-1d6">
         <name>__geqd</name>
         <value>0x1313f</value>
         <object_component_ref idref="oc-8e"/>
      </symbol>
      <symbol id="sm-1d7">
         <name>__leqd</name>
         <value>0x130a7</value>
         <object_component_ref idref="oc-8e"/>
      </symbol>
      <symbol id="sm-1d8">
         <name>__lssd</name>
         <value>0x1305f</value>
         <object_component_ref idref="oc-8e"/>
      </symbol>
      <symbol id="sm-1e0">
         <name>__ctypes_</name>
         <value>0x10c0</value>
         <object_component_ref idref="oc-f2"/>
      </symbol>
      <symbol id="sm-1ea">
         <name>__tmpnams</name>
         <value>0xa670</value>
         <object_component_ref idref="oc-94"/>
      </symbol>
      <symbol id="sm-1eb">
         <name>__ft_end</name>
         <value>0xa7b0</value>
         <object_component_ref idref="oc-94"/>
      </symbol>
      <symbol id="sm-1ec">
         <name>__ftable</name>
         <value>0xa580</value>
         <object_component_ref idref="oc-94"/>
      </symbol>
      <symbol id="sm-1f8">
         <name>__divd</name>
         <value>0x12528</value>
         <object_component_ref idref="oc-98"/>
      </symbol>
      <symbol id="sm-203">
         <name>__divul</name>
         <value>0x13a53</value>
         <object_component_ref idref="oc-9c"/>
      </symbol>
      <symbol id="sm-20d">
         <name>__fixdi</name>
         <value>0x141d9</value>
         <object_component_ref idref="oc-a0"/>
      </symbol>
      <symbol id="sm-217">
         <name>__fixdli</name>
         <value>0x13d47</value>
         <object_component_ref idref="oc-a4"/>
      </symbol>
      <symbol id="sm-223">
         <name>__fltlid</name>
         <value>0x13e8e</value>
         <object_component_ref idref="oc-a8"/>
      </symbol>
      <symbol id="sm-22d">
         <name>__frcmpyd_div</name>
         <value>0x13c62</value>
         <object_component_ref idref="oc-ad"/>
      </symbol>
      <symbol id="sm-237">
         <name>_fseek</name>
         <value>0x13e23</value>
         <object_component_ref idref="oc-b1"/>
      </symbol>
      <symbol id="sm-241">
         <name>___isinf</name>
         <value>0x14270</value>
         <object_component_ref idref="oc-b5"/>
      </symbol>
      <symbol id="sm-24b">
         <name>__divull</name>
         <value>0x12ca8</value>
         <object_component_ref idref="oc-b9"/>
      </symbol>
      <symbol id="sm-24c">
         <name>__mpylli</name>
         <value>0x12bf0</value>
         <object_component_ref idref="oc-b9"/>
      </symbol>
      <symbol id="sm-24d">
         <name>__remlli</name>
         <value>0x12bc1</value>
         <object_component_ref idref="oc-b9"/>
      </symbol>
      <symbol id="sm-24e">
         <name>__divlli</name>
         <value>0x12d9c</value>
         <object_component_ref idref="oc-b9"/>
      </symbol>
      <symbol id="sm-24f">
         <name>__remull</name>
         <value>0x12b73</value>
         <object_component_ref idref="oc-b9"/>
      </symbol>
      <symbol id="sm-257">
         <name>__mpyli</name>
         <value>0x1429e</value>
         <object_component_ref idref="oc-bd"/>
      </symbol>
      <symbol id="sm-258">
         <name>I$$LMPY</name>
         <value>0x1429e</value>
         <object_component_ref idref="oc-bd"/>
      </symbol>
      <symbol id="sm-262">
         <name>_ltoa</name>
         <value>0x13af4</value>
         <object_component_ref idref="oc-c1"/>
      </symbol>
      <symbol id="sm-26d">
         <name>_memccpy</name>
         <value>0x1422d</value>
         <object_component_ref idref="oc-c5"/>
      </symbol>
      <symbol id="sm-277">
         <name>__mpyd</name>
         <value>0x13378</value>
         <object_component_ref idref="oc-c9"/>
      </symbol>
      <symbol id="sm-281">
         <name>__negd</name>
         <value>0x13fee</value>
         <object_component_ref idref="oc-cd"/>
      </symbol>
      <symbol id="sm-28b">
         <name>__remli</name>
         <value>0x1404b</value>
         <object_component_ref idref="oc-d1"/>
      </symbol>
      <symbol id="sm-296">
         <name>__remul</name>
         <value>0x13cd5</value>
         <object_component_ref idref="oc-d5"/>
      </symbol>
      <symbol id="sm-2a0">
         <name>_setvbuf</name>
         <value>0x135bc</value>
         <object_component_ref idref="oc-d9"/>
      </symbol>
      <symbol id="sm-2aa">
         <name>__subd</name>
         <value>0x1428a</value>
         <object_component_ref idref="oc-dd"/>
      </symbol>
      <symbol id="sm-2b2">
         <name>__remu</name>
         <value>0x14218</value>
         <object_component_ref idref="oc-e1"/>
      </symbol>
      <symbol id="sm-2b3">
         <name>__divu</name>
         <value>0x14203</value>
         <object_component_ref idref="oc-e1"/>
      </symbol>
      <symbol id="sm-2b4">
         <name>I$$UMOD</name>
         <value>0x14218</value>
         <object_component_ref idref="oc-e1"/>
      </symbol>
      <symbol id="sm-2b5">
         <name>I$$UDIV</name>
         <value>0x14203</value>
         <object_component_ref idref="oc-e1"/>
      </symbol>
      <symbol id="sm-2bf">
         <name>__addd</name>
         <value>0x12dd1</value>
         <object_component_ref idref="oc-e5"/>
      </symbol>
      <symbol id="sm-2c9">
         <name>__divli</name>
         <value>0x140e0</value>
         <object_component_ref idref="oc-e9"/>
      </symbol>
      <symbol id="sm-2d3">
         <name>__frcmpyd</name>
         <value>0x13bec</value>
         <object_component_ref idref="oc-ed"/>
      </symbol>
   </symbol_table>
</link_info>
