******************************************************************************
              TMS320C55x Linker PC v4.4.1                      
******************************************************************************
>> Linked Sun Mar 14 12:42:36 2021

OUTPUT FILE NAME:   <05_fixed_point_block_FIR.out>
ENTRY POINT SYMBOL: "_c_int00"  address: 00016635


MEMORY CONFIGURATION

         name            origin    length      used     unused   attr    fill
                        (bytes)   (bytes)    (bytes)   (bytes)
----------------------  --------  ---------  --------  --------  ----  --------
  MMR                   00000000   000000c0  00000000  000000c0  RWIX
  DARAM0                000000c0   00001f40  00001aaa  00000496  RWIX
  DARAM1                00002000   00002000  00000000  00002000  RWIX
  DARAM2                00004000   00002000  00000000  00002000  RWIX
  DARAM3                00006000   00002000  00000000  00002000  RWIX
  DARAM4                00008000   00002000  00001060  00000fa0  RWIX
  DARAM5                0000a000   00002000  00000674  0000198c  RWIX
  DARAM6                0000c000   00002000  00000000  00002000  RWIX
  DARAM7                0000e000   00002000  00000000  00002000  RWIX
  SARAM0                00010000   00002000  00002000  00000000  RWIX
  SARAM1                00012000   00002000  00002000  00000000  RWIX
  SARAM2                00014000   00002000  00001ffe  00000002  RWIX
  SARAM3                00016000   00002000  00000727  000018d9  RWIX
  SARAM4                00018000   00002000  00000000  00002000  RWIX
  SARAM5                0001a000   00002000  00000000  00002000  RWIX
  SARAM6                0001c000   00002000  00000000  00002000  RWIX
  SARAM7                0001e000   00002000  00000000  00002000  RWIX
  SARAM8                00020000   00002000  00000000  00002000  RWIX
  SARAM9                00022000   00002000  00000000  00002000  RWIX
  SARAM10               00024000   00002000  00000000  00002000  RWIX
  SARAM11               00026000   00002000  00000000  00002000  RWIX
  SARAM12               00028000   00002000  00000000  00002000  RWIX
  SARAM13               0002a000   00002000  00000000  00002000  RWIX
  SARAM14               0002c000   00002000  00000000  00002000  RWIX
  SARAM15               0002e000   00002000  00000000  00002000  RWIX
  SARAM16               00030000   00002000  00000000  00002000  RWIX
  SARAM17               00032000   00002000  00000000  00002000  RWIX
  SARAM18               00034000   00002000  00000000  00002000  RWIX
  SARAM19               00036000   00002000  00000000  00002000  RWIX
  SARAM20               00038000   00002000  00000000  00002000  RWIX
  SARAM21               0003a000   00002000  00000000  00002000  RWIX
  SARAM22               0003c000   00002000  00000000  00002000  RWIX
  SARAM23               0003e000   00002000  00000000  00002000  RWIX
  SARAM24               00040000   00002000  00000000  00002000  RWIX
  SARAM25               00042000   00002000  00000000  00002000  RWIX
  SARAM26               00044000   00002000  00000000  00002000  RWIX
  SARAM27               00046000   00002000  00000000  00002000  RWIX
  SARAM28               00048000   00002000  00000000  00002000  RWIX
  SARAM29               0004a000   00002000  00000000  00002000  RWIX
  SARAM30               0004c000   00002000  00000000  00002000  RWIX
  SARAM31               0004e000   00002000  00000000  00002000  RWIX
  ROM                   00fe0000   0001ff00  00000000  0001ff00  RWIX
  VECS                  00ffff00   00000100  00000100  00000000  RWIX


SECTION ALLOCATION MAP
(Addresses surrounded by []'s are displayed for convenience only!)

output                                                          attributes/
section   page  orgn(bytes) orgn(words) len(bytes) len(words)   input sections
--------  ----  ----------- ----------- ---------- ----------   --------------
.stack       0   [ 000000c0 ]  00000060          *   00000800   UNINITIALIZED
                 [ 000000c0 ]  00000060          *   00000800   --HOLE--

.const       0   [ 000010c0 ]  00000860          *   0000028a   
                 [ 000010c0 ]  00000860          *   00000101   rts55x.lib : ctype.obj (.const:__ctypes_)
                 [ 000012c2 ]  00000961          *   00000001   --HOLE-- [fill = 0]
                 [ 000012c4 ]  00000962          *   000000ee   fixedPointBlockFirTest.obj (.const:.string)
                 [ 000014a0 ]  00000a50          *   00000024   rts55x.lib : _printfi.obj (.const:.string)
                 [ 000014e8 ]  00000a74          *   00000014              : strtod.obj (.const:_digits)
                 [ 00001510 ]  00000a88          *   00000014              : strtold.obj (.const:_digits)
                 [ 00001538 ]  00000a9c          *   0000000c              : strtod.obj (.const:_powerof10)
                 [ 00001550 ]  00000aa8          *   0000000c              : strtold.obj (.const:_powerof10)
                 [ 00001568 ]  00000ab4          *   0000000c              : _printfi.obj (.const)
                 [ 00001580 ]  00000ac0          *   00000008              : divd.obj (.const:_initial_approx$1)
                 [ 00001590 ]  00000ac8          *   00000008              : strtod.obj (.const)
                 [ 000015a0 ]  00000ad0          *   00000008              : strtold.obj (.const)
                 [ 000015b0 ]  00000ad8          *   00000007              : _scanfi.obj (.const:_flit$1)
                 [ 000015be ]  00000adf          *   00000006              : _scanfi.obj (.const:_barr$2)
                 [ 000015ca ]  00000ae5          *   00000001   --HOLE-- [fill = 0]
                 [ 000015cc ]  00000ae6          *   00000002              : fputs.obj (.const:.string)
                 [ 000015d0 ]  00000ae8          *   00000002              : fltlid.obj (.const)

.cio         0   [ 000015d8 ]  00000aec          *   00000120   UNINITIALIZED
                 [ 000015d8 ]  00000aec          *   00000120   rts55x.lib : trgmsg.obj (.cio)

.sysstack 
*            0   [ 00001818 ]  00000c0c          *   00000100   UNINITIALIZED
                 [ 00001818 ]  00000c0c          *   00000100   --HOLE--

.cinit       0   [ 00001a18 ]  00000d0c          *   000000ab   
                 [ 00001a18 ]  00000d0c          *   00000033   fixedPointBlockFirTest.obj (.cinit)
                 [ 00001a7e ]  00000d3f          *   0000002d   rts55x.lib : lowlev.obj (.cinit)
                 [ 00001ad8 ]  00000d6c          *   0000002a              : defs.obj (.cinit)
                 [ 00001b2c ]  00000d96          *   0000000a              : _lock.obj (.cinit)
                 [ 00001b40 ]  00000da0          *   0000000a              : exit.obj (.cinit)
                 [ 00001b54 ]  00000daa          *   00000004              : errno.obj (.cinit)
                 [ 00001b5c ]  00000dae          *   00000004              : fopen.obj (.cinit)
                 [ 00001b64 ]  00000db2          *   00000004              : memory.obj (.cinit)
                 [ 00001b6c ]  00000db6          *   00000001   --HOLE-- [fill = 0]

.sysmem      0   [ 00008000 ]  00004000          *   00000800   UNINITIALIZED
                 [ 00008000 ]  00004000          *   00000800   --HOLE--

.data        0   [ 00009000 ]  00004800          *   00000030   UNINITIALIZED
                 [ 00009000 ]  00004800          *   00000030   fixedPointBlockFirTest.obj (.data:fir)

.bss         0   [ 0000a000 ]  00005000          *   0000033a   UNINITIALIZED
                 [ 0000a000 ]  00005000          *   00000119   rts55x.lib : defs.obj (.bss)
                 [ 0000a232 ]  00005119          *   000000d0              : trgdrv.obj (.bss)
                 [ 0000a3d2 ]  000051e9          *   000000a0   fixedPointBlockFirTest.obj (.bss)
                 [ 0000a512 ]  00005289          *   00000001   rts55x.lib : errno.obj (.bss)
                 [ 0000a514 ]  0000528a          *   00000071              : lowlev.obj (.bss)
                 [ 0000a5f6 ]  000052fb          *   00000030   fixedPointBlockFirTest.obj (.bss:fir)
                 [ 0000a656 ]  0000532b          *   00000001   rts55x.lib : fopen.obj (.bss)
                 [ 0000a658 ]  0000532c          *   00000006              : memory.obj (.bss)
                 [ 0000a664 ]  00005332          *   00000004              : _lock.obj (.bss)
                 [ 0000a66c ]  00005336          *   00000004              : exit.obj (.bss)

.text.1      0     00010000  [ 00008000 ] 00002000          *   
                   00010000  [ 00008000 ] 000015a4          *   rts55x.lib : _printfi.obj (.text)
                   000115a4  [ 00008ad2 ] 00000543          *              : lowlev.obj (.text)
                   00011ae7  [ 00008d73+] 000004b5          *              : memory.obj (.text)
                   00011f9c  [ 00008fce ] 0000005c          *              : atoi.obj (.text)
                   00011ff8  [ 00008ffc ] 00000007          *              : exit.obj (.text:CIO_breakpoint)
                   00011fff  [ 00008fff ] 00000001          *   --HOLE-- [fill = 20]

.text.2      0     00012000  [ 00009000 ] 00002000          *   
                   00012000  [ 00009000 ] 00000edb          *   rts55x.lib : _scanfi.obj (.text)
                   00012edb  [ 0000976d+] 00000528          *              : trgdrv.obj (.text)
                   00013403  [ 00009a01+] 000003cc          *              : divd.obj (.text)
                   000137cf  [ 00009be7+] 00000301          *              : strtoll.obj (.text)
                   00013ad0  [ 00009d68 ] 000002bd          *              : strtod.obj (.text)
                   00013d8d  [ 00009ec6+] 0000025e          *              : llmpy.obj (.text)
                   00013feb  [ 00009ff5+] 00000014          *              : subd.obj (.text)
                   00013fff  [ 00009fff ] 00000001          *   --HOLE-- [fill = 20]

.text.3      0     00014000  [ 0000a000 ] 00001ffe          *   
                   00014000  [ 0000a000 ] 0000029f          *   rts55x.lib : strtold.obj (.text)
                   0001429f  [ 0000a14f+] 0000027f          *              : fopen.obj (.text)
                   0001451e  [ 0000a28f ] 0000025a          *              : addd.obj (.text)
                   00014778  [ 0000a3bc ] 0000024b          *              : strtoull.obj (.text)
                   000149c3  [ 0000a4e1+] 00000224          *   fixedPointBlockFirTest.obj (.text)
                   00014be7  [ 0000a5f3+] 00000208          *   rts55x.lib : strtol.obj (.text)
                   00014def  [ 0000a6f7+] 000001ee          *              : fwrite.obj (.text)
                   00014fdd  [ 0000a7ee+] 000001ea          *              : cmpd.obj (.text)
                   000151c7  [ 0000a8e3+] 000001d1          *              : strtoul.obj (.text)
                   00015398  [ 0000a9cc ] 00000163          *              : fputs.obj (.text)
                   000154fb  [ 0000aa7d+] 00000161          *              : fscanf.obj (.text)
                   0001565c  [ 0000ab2e ] 0000014c          *              : mpyd.obj (.text)
                   000157a8  [ 0000abd4 ] 0000010f          *              : fread.obj (.text)
                   000158b7  [ 0000ac5b+] 000000e6          *              : setvbuf.obj (.text)
                   0001599d  [ 0000acce+] 000000dd          *              : _io_perm.obj (.text)
                   00015a7a  [ 0000ad3d ] 000000c8          *   fixedPointBlockFir.obj (.text:fir)
                   00015b42  [ 0000ada1 ] 000000c2          *   rts55x.lib : fflush.obj (.text)
                   00015c04  [ 0000ae02 ] 000000ba          *              : trgmsg.obj (.text:CIO_breakpoint)
                   00015cbe  [ 0000ae5f ] 000000ae          *              : _bufread.obj (.text)
                   00015d6c  [ 0000aeb6 ] 000000a6          *              : fputc.obj (.text)
                   00015e12  [ 0000af09 ] 000000a1          *              : divul.obj (.text)
                   00015eb3  [ 0000af59+] 0000009b          *              : fgetc.obj (.text)
                   00015f4e  [ 0000afa7 ] 0000009a          *              : ungetc.obj (.text)
                   00015fe8  [ 0000aff4 ] 00000013          *              : lmpy.obj (.text)
                   00015ffb  [ 0000affd+] 00000002          *              : vectors.obj (.text)
                   00015ffd  [ 0000affe ] 00000001          *   --HOLE-- [fill = 20]

.text.4      0     00016000  [ 0000b000 ] 00000727          *   
                   00016000  [ 0000b000 ] 0000007d          *   rts55x.lib : ltoa.obj (.text)
                   0001607d  [ 0000b03e+] 0000007b          *              : fclose.obj (.text)
                   000160f8  [ 0000b07c ] 00000076          *              : frcmpyd.obj (.text)
                   0001616e  [ 0000b0b7 ] 00000073          *              : frcmpyd_div.obj (.text)
                   000161e1  [ 0000b0f0+] 00000072          *              : remul.obj (.text)
                   00016253  [ 0000b129+] 0000006f          *              : fixdli.obj (.text)
                   000162c2  [ 0000b161 ] 0000006d          *              : trgmsg.obj (.text)
                   0001632f  [ 0000b197+] 0000006b          *              : fseek.obj (.text)
                   0001639a  [ 0000b1cd ] 00000067          *              : fltlid.obj (.text)
                   00016401  [ 0000b200+] 00000050          *              : printf.obj (.text)
                   00016451  [ 0000b228+] 0000004d          *              : autoinit.obj (.text)
                   0001649e  [ 0000b24f ] 0000004b          *              : args_main.obj (.text)
                   000164e9  [ 0000b274+] 0000004b          *              : remli.obj (.text)
                   00016534  [ 0000b29a ] 00000048          *              : divli.obj (.text)
                   0001657c  [ 0000b2be ] 0000003f          *              : memcpy.obj (.text)
                   000165bb  [ 0000b2dd+] 0000003e          *              : exit.obj (.text)
                   000165f9  [ 0000b2fc+] 0000003c          *              : idiv.obj (.text)
                   00016635  [ 0000b31a+] 00000034          *              : boot.obj (.text)
                   00016669  [ 0000b334+] 0000002a          *              : fixdi.obj (.text)
                   00016693  [ 0000b349+] 0000002a          *              : udiv.obj (.text)
                   000166bd  [ 0000b35e+] 00000023          *              : memccpy.obj (.text)
                   000166e0  [ 0000b370 ] 0000001a          *              : isinf.obj (.text)
                   000166fa  [ 0000b37d ] 00000012          *              : _lock.obj (.text)
                   0001670c  [ 0000b386 ] 00000010          *              : negd.obj (.text)
                   0001671c  [ 0000b38e ] 0000000a          *              : remove.obj (.text)
                   00016726  [ 0000b393 ] 00000001          *   --HOLE-- [fill = 20]

vectors      0     00ffff00  [ 007fff80 ] 00000100          *   NOLOAD SECTION
                   00ffff00  [ 007fff80 ] 00000100          *   rts55x.lib : vectors.obj (vectors)


GLOBAL SYMBOLS: SORTED ALPHABETICALLY BY Name 

abs. value/
byte addr   word addr   name
---------   ---------   ----
00000002                $TI_capability$C5500$CallingConvention
00000002                $TI_capability$C5500$MemoryModel
00000001                $TI_capability_requires_rev3
            00005000    .bss
            00004800    .data
ffffffff                .text
00011ff9                C$$EXIT
00015cb9                C$$IO$$
000165f9                I$$DIV
00015fe8                I$$LMPY
00016618                I$$MOD
00016693                I$$UDIV
000166a8                I$$UMOD
000133a5                _HOSTclock
0001333a                _HOSTclose
00013285                _HOSTlseek
000131e6                _HOSTopen
00013159                _HOSTread
000130ab                _HOSTrename
0001304d                _HOSTtime
00012fe3                _HOSTunlink
00012f56                _HOSTwrite
00ffff00                _Reset
            00000aec    __CIOBUF_
            00000860    __STACK_END
00001000                __STACK_SIZE
00001000                __SYSMEM_SIZE
00000200                __SYSSTACK_SIZE
00000001                __TI_args_main
ffffffff                ___binit__
            00005000    ___bss__
ffffffff                ___c_args__
            00000d0c    ___cinit__
            00004800    ___data__
            00004830    ___edata__
            0000533a    ___end__
ffffffff                ___etext__
000166e0                ___isinf
ffffffff                ___pinit__
ffffffff                ___text__
0001451e                __addd
0001649e                __args_main
00015cbe                __buff_read
000143c0                __cleanup
            00005336    __cleanup_ptr
0001516f                __cmpd
            00000860    __ctypes_
00013403                __divd
000165f9                __divi
00016534                __divli
00013fb6                __divlli
00016693                __divu
00015e12                __divul
00013ec2                __divull
00015b42                __doflush
            00005338    __dtors_ptr
0001513b                __eqld
00016669                __fixdi
00016253                __fixdli
0001639a                __fltlid
000160f8                __frcmpyd
0001616e                __frcmpyd_div
            00005118    __ft_end
            00005000    __ftable
000150f1                __geqd
000150a6                __gtrd
00015059                __leqd
            00005332    __lock
00015011                __lssd
0001565c                __mpyd
00015fe8                __mpyli
00013e0a                __mpylli
0001670c                __negd
00014fdd                __neqd
0001670a                __nop
00011362                __printfi
00015a1d                __rd_ok
00016702                __register_lock
000166fa                __register_unlock
00016618                __remi
000164e9                __remli
00013ddb                __remlli
000166a8                __remu
000161e1                __remul
00013d8d                __remull
000129d3                __scanfi
            00000060    __stack
00013feb                __subd
            00004000    __sys_memory
            00000c0c    __sysstack
            00005078    __tmpnams
            00005334    __unlock
0001599d                __wrt_ok
00011ff8                _abort
000119f7                _add_device
00011f9c                _atoi
00016451                _auto_init
00016635                _c_int00
00011f76                _calloc
00011f6e                _chkheap
00011984                _close
            00005289    _errno
000165bb                _exit
0001607d                _fclose
00015bab                _fflush
00015eb3                _fgetc
0001197b                _find_registered_device
            00004800    _firCoefFixedPoint
00015a7a                _fixedPointBlockFir
000144e3                _fopen
00015d6c                _fputc
00015398                _fputs
000157a8                _fread
00011ae7                _free
00011f18                _free_memory
0001441a                _freopen
00015537                _fscanf
0001632f                _fseek
00014def                _fwrite
00015eb3                _getc
00015f3f                _getchar
00012edb                _getenv
00011915                _lseek
00016000                _ltoa
000149c3                _main
00011c18                _malloc
00011ebe                _max_free
000166bd                _memccpy
0001657c                _memcpy
00011bb3                _minit
00011856                _open
00016401                _printf
00015d6c                _putc
00015e03                _putchar
000154cd                _puts
000117a8                _read
000162c2                _readmsg
00011d0d                _realloc
0001671c                _remove
00011772                _remove_device
00011719                _rename
000154fb                _scanf
000158b7                _setvbuf
00013ad0                _strtod
00014be7                _strtol
00014000                _strtold
000137cf                _strtoll
000151c7                _strtoul
00014778                _strtoull
00015f4e                _ungetc
000116e6                _unlink
            000052fb    _w
000115a4                _write
00015c04                _writemsg
            000051e9    _x
            00005239    _y
ffffffff                binit
            00000d0c    cinit
            00004830    edata
            0000533a    end
ffffffff                etext
ffffffff                pinit


GLOBAL SYMBOLS: SORTED BY Symbol Address 

abs. value/
byte addr   word addr   name
---------   ---------   ----
00000001                $TI_capability_requires_rev3
00000001                __TI_args_main
00000002                $TI_capability$C5500$CallingConvention
00000002                $TI_capability$C5500$MemoryModel
            00000060    __stack
00000200                __SYSSTACK_SIZE
00001000                __STACK_SIZE
00001000                __SYSMEM_SIZE
            00000860    __STACK_END
            00000860    __ctypes_
            00000aec    __CIOBUF_
            00000c0c    __sysstack
            00000d0c    ___cinit__
            00000d0c    cinit
            00004000    __sys_memory
            00004800    .data
            00004800    ___data__
            00004800    _firCoefFixedPoint
            00004830    ___edata__
            00004830    edata
            00005000    .bss
            00005000    ___bss__
            00005000    __ftable
            00005078    __tmpnams
            00005118    __ft_end
            000051e9    _x
            00005239    _y
            00005289    _errno
            000052fb    _w
            00005332    __lock
            00005334    __unlock
            00005336    __cleanup_ptr
            00005338    __dtors_ptr
            0000533a    ___end__
            0000533a    end
00011362                __printfi
000115a4                _write
000116e6                _unlink
00011719                _rename
00011772                _remove_device
000117a8                _read
00011856                _open
00011915                _lseek
0001197b                _find_registered_device
00011984                _close
000119f7                _add_device
00011ae7                _free
00011bb3                _minit
00011c18                _malloc
00011d0d                _realloc
00011ebe                _max_free
00011f18                _free_memory
00011f6e                _chkheap
00011f76                _calloc
00011f9c                _atoi
00011ff8                _abort
00011ff9                C$$EXIT
000129d3                __scanfi
00012edb                _getenv
00012f56                _HOSTwrite
00012fe3                _HOSTunlink
0001304d                _HOSTtime
000130ab                _HOSTrename
00013159                _HOSTread
000131e6                _HOSTopen
00013285                _HOSTlseek
0001333a                _HOSTclose
000133a5                _HOSTclock
00013403                __divd
000137cf                _strtoll
00013ad0                _strtod
00013d8d                __remull
00013ddb                __remlli
00013e0a                __mpylli
00013ec2                __divull
00013fb6                __divlli
00013feb                __subd
00014000                _strtold
000143c0                __cleanup
0001441a                _freopen
000144e3                _fopen
0001451e                __addd
00014778                _strtoull
000149c3                _main
00014be7                _strtol
00014def                _fwrite
00014fdd                __neqd
00015011                __lssd
00015059                __leqd
000150a6                __gtrd
000150f1                __geqd
0001513b                __eqld
0001516f                __cmpd
000151c7                _strtoul
00015398                _fputs
000154cd                _puts
000154fb                _scanf
00015537                _fscanf
0001565c                __mpyd
000157a8                _fread
000158b7                _setvbuf
0001599d                __wrt_ok
00015a1d                __rd_ok
00015a7a                _fixedPointBlockFir
00015b42                __doflush
00015bab                _fflush
00015c04                _writemsg
00015cb9                C$$IO$$
00015cbe                __buff_read
00015d6c                _fputc
00015d6c                _putc
00015e03                _putchar
00015e12                __divul
00015eb3                _fgetc
00015eb3                _getc
00015f3f                _getchar
00015f4e                _ungetc
00015fe8                I$$LMPY
00015fe8                __mpyli
00016000                _ltoa
0001607d                _fclose
000160f8                __frcmpyd
0001616e                __frcmpyd_div
000161e1                __remul
00016253                __fixdli
000162c2                _readmsg
0001632f                _fseek
0001639a                __fltlid
00016401                _printf
00016451                _auto_init
0001649e                __args_main
000164e9                __remli
00016534                __divli
0001657c                _memcpy
000165bb                _exit
000165f9                I$$DIV
000165f9                __divi
00016618                I$$MOD
00016618                __remi
00016635                _c_int00
00016669                __fixdi
00016693                I$$UDIV
00016693                __divu
000166a8                I$$UMOD
000166a8                __remu
000166bd                _memccpy
000166e0                ___isinf
000166fa                __register_unlock
00016702                __register_lock
0001670a                __nop
0001670c                __negd
0001671c                _remove
00ffff00                _Reset
ffffffff                .text
ffffffff                ___binit__
ffffffff                ___c_args__
ffffffff                ___etext__
ffffffff                ___pinit__
ffffffff                ___text__
ffffffff                binit
ffffffff                etext
ffffffff                pinit

[162 symbols]
