******************************************************************************
              TMS320C55x Linker PC v4.4.1                      
******************************************************************************
>> Linked Mon Mar 15 19:06:27 2021

OUTPUT FILE NAME:   <04_I2S_DMA_Audio_Loopback.out>
ENTRY POINT SYMBOL: "_c_int00"  address: 00014c43


MEMORY CONFIGURATION

         name            origin    length      used     unused   attr    fill
                        (bytes)   (bytes)    (bytes)   (bytes)
----------------------  --------  ---------  --------  --------  ----  --------
  MMR                   00000000   000000c0  00000000  000000c0  RWIX
  DARAM0                000000c0   00001f40  00001848  000006f8  RWIX
  DARAM1                00002000   00002000  00000100  00001f00  RWIX
  DARAM2                00004000   00002000  00000000  00002000  RWIX
  DARAM3                00006000   00002000  00000000  00002000  RWIX
  DARAM4                00008000   00002000  00001000  00001000  RWIX
  DARAM5                0000a000   00002000  00000b06  000014fa  RWIX
  DARAM6                0000c000   00002000  00000000  00002000  RWIX
  DARAM7                0000e000   00002000  00000000  00002000  RWIX
  SARAM0                00010000   00002000  00001ffc  00000004  RWIX
  SARAM1                00012000   00002000  00001ffa  00000006  RWIX
  SARAM2                00014000   00002000  00000d5a  000012a6  RWIX
  SARAM3                00016000   00002000  00000000  00002000  RWIX
  SARAM4                00018000   00002000  00000000  00002000  RWIX
  SARAM5                0001a000   00002000  00000000  00002000  RWIX
  SARAM6                0001c000   00002000  00000000  00002000  RWIX
  SARAM7                0001e000   00002000  00000000  00002000  RWIX
  SARAM8                00020000   00002000  00000000  00002000  RWIX
  SARAM9                00022000   00002000  00000000  00002000  RWIX
  SARAM10               00024000   00002000  00000000  00002000  RWIX
  SARAM11               00026000   00002000  00000000  00002000  RWIX
  SARAM12               00028000   00002000  00000000  00002000  RWIX
  SARAM13               0002a000   00002000  00000000  00002000  RWIX
  SARAM14               0002c000   00002000  00000000  00002000  RWIX
  SARAM15               0002e000   00002000  00000000  00002000  RWIX
  SARAM16               00030000   00002000  00000000  00002000  RWIX
  SARAM17               00032000   00002000  00000000  00002000  RWIX
  SARAM18               00034000   00002000  00000000  00002000  RWIX
  SARAM19               00036000   00002000  00000000  00002000  RWIX
  SARAM20               00038000   00002000  00000000  00002000  RWIX
  SARAM21               0003a000   00002000  00000000  00002000  RWIX
  SARAM22               0003c000   00002000  00000000  00002000  RWIX
  SARAM23               0003e000   00002000  00000000  00002000  RWIX
  SARAM24               00040000   00002000  00000000  00002000  RWIX
  SARAM25               00042000   00002000  00000000  00002000  RWIX
  SARAM26               00044000   00002000  00000000  00002000  RWIX
  SARAM27               00046000   00002000  00000000  00002000  RWIX
  SARAM28               00048000   00002000  00000000  00002000  RWIX
  SARAM29               0004a000   00002000  00000000  00002000  RWIX
  SARAM30               0004c000   00002000  00000000  00002000  RWIX
  SARAM31               0004e000   00002000  00000000  00002000  RWIX
  ROM                   00fe0000   0001ff00  00000000  0001ff00  RWIX
  VECS                  00ffff00   00000100  00000100  00000000  RWIX


SECTION ALLOCATION MAP
(Addresses surrounded by []'s are displayed for convenience only!)

output                                                          attributes/
section   page  orgn(bytes) orgn(words) len(bytes) len(words)   input sections
--------  ----  ----------- ----------- ---------- ----------   --------------
.stack       0   [ 000000c0 ]  00000060          *   00000800   UNINITIALIZED
                 [ 000000c0 ]  00000060          *   00000800   --HOLE--

.const       0   [ 000010c0 ]  00000860          *   00000174   
                 [ 000010c0 ]  00000860          *   00000101   rts55x.lib : ctype.obj (.const:__ctypes_)
                 [ 000012c2 ]  00000961          *   00000001   --HOLE-- [fill = 0]
                 [ 000012c4 ]  00000962          *   00000035   audioLoopbackTest.obj (.const:.string)
                 [ 0000132e ]  00000997          *   00000001   --HOLE-- [fill = 0]
                 [ 00001330 ]  00000998          *   00000024   rts55x.lib : _printfi.obj (.const:.string)
                 [ 00001378 ]  000009bc          *   0000000c              : _printfi.obj (.const)
                 [ 00001390 ]  000009c8          *   00000008              : divd.obj (.const:_initial_approx$1)
                 [ 000013a0 ]  000009d0          *   00000002              : fputs.obj (.const:.string)
                 [ 000013a4 ]  000009d2          *   00000002              : fltlid.obj (.const)

.cio         0   [ 000013a8 ]  000009d4          *   00000120   UNINITIALIZED
                 [ 000013a8 ]  000009d4          *   00000120   rts55x.lib : trgmsg.obj (.cio)

.sysstack 
*            0   [ 000015e8 ]  00000af4          *   00000100   UNINITIALIZED
                 [ 000015e8 ]  00000af4          *   00000100   --HOLE--

.cinit       0   [ 000017e8 ]  00000bf4          *   00000090   
                 [ 000017e8 ]  00000bf4          *   0000002d   rts55x.lib : lowlev.obj (.cinit)
                 [ 00001842 ]  00000c21          *   0000002a              : defs.obj (.cinit)
                 [ 00001896 ]  00000c4b          *   00000018   dma.obj (.cinit)
                 [ 000018c6 ]  00000c63          *   0000000a   rts55x.lib : _lock.obj (.cinit)
                 [ 000018da ]  00000c6d          *   0000000a              : exit.obj (.cinit)
                 [ 000018ee ]  00000c77          *   00000004   i2s.obj (.cinit)
                 [ 000018f6 ]  00000c7b          *   00000004   rts55x.lib : fopen.obj (.cinit)
                 [ 000018fe ]  00000c7f          *   00000004              : memory.obj (.cinit)
                 [ 00001906 ]  00000c83          *   00000001   --HOLE-- [fill = 0]

vector       0     00002000  [ 00001000 ] 00000100          *   
                   00002000  [ 00001000 ] 00000100          *   vector.obj (vector)

.sysmem      0   [ 00008000 ]  00004000          *   00000800   UNINITIALIZED
                 [ 00008000 ]  00004000          *   00000800   --HOLE--

.data        0   [ 00008000 ]  00004000          *   00000000   UNINITIALIZED

.bss         0   [ 0000a000 ]  00005000          *   00000583   UNINITIALIZED
                 [ 0000a000 ]  00005000          *   00000300   audio.obj (.bss)
                 [ 0000a600 ]  00005300          *   00000119   rts55x.lib : defs.obj (.bss)
                 [ 0000a832 ]  00005419          *   000000d0              : trgdrv.obj (.bss)
                 [ 0000a9d2 ]  000054e9          *   00000001   i2s.obj (.bss)
                 [ 0000a9d4 ]  000054ea          *   00000071   rts55x.lib : lowlev.obj (.bss)
                 [ 0000aab6 ]  0000555b          *   00000001              : fopen.obj (.bss)
                 [ 0000aab8 ]  0000555c          *   00000016   dma.obj (.bss)
                 [ 0000aae4 ]  00005572          *   00000006   rts55x.lib : memory.obj (.bss)
                 [ 0000aaf0 ]  00005578          *   00000004              : _lock.obj (.bss)
                 [ 0000aaf8 ]  0000557c          *   00000004              : exit.obj (.bss)
                 [ 0000ab00 ]  00005580          *   00000003   AIC3204_init.obj (.bss)

.text.1      0     00010000  [ 00008000 ] 00001ffc          *   
                   00010000  [ 00008000 ] 000015a4          *   rts55x.lib : _printfi.obj (.text)
                   000115a4  [ 00008ad2 ] 00000543          *              : lowlev.obj (.text)
                   00011ae7  [ 00008d73+] 000004b5          *              : memory.obj (.text)
                   00011f9c  [ 00008fce ] 0000005c          *              : atoi.obj (.text)
                   00011ff8  [ 00008ffc ] 00000002          *              : vectors.obj (.text)
                   00011ffa  [ 00008ffd ] 00000002          *   --HOLE-- [fill = 20]

.text.2      0     00012000  [ 00009000 ] 00001ffa          *   
                   00012000  [ 00009000 ] 00000528          *   rts55x.lib : trgdrv.obj (.text)
                   00012528  [ 00009294 ] 000003cc          *              : divd.obj (.text)
                   000128f4  [ 0000947a ] 0000032e          *   AIC3204_init.obj (.text)
                   00012c22  [ 00009611 ] 000002e5          *   dma.obj (.text)
                   00012f07  [ 00009783+] 00000298          *   i2s_register.obj (.text)
                   0001319f  [ 000098cf+] 0000027f          *   rts55x.lib : fopen.obj (.text)
                   0001341e  [ 00009a0f ] 0000025e          *              : llmpy.obj (.text)
                   0001367c  [ 00009b3e ] 0000025a          *              : addd.obj (.text)
                   000138d6  [ 00009c6b ] 000001ea          *              : cmpd.obj (.text)
                   00013ac0  [ 00009d60 ] 000001be          *   dma.obj (.text:retain)
                   00013c7e  [ 00009e3f ] 00000163          *   rts55x.lib : fputs.obj (.text)
                   00013de1  [ 00009ef0+] 0000014c          *              : mpyd.obj (.text)
                   00013f2d  [ 00009f96+] 000000c2          *              : fflush.obj (.text)
                   00013fef  [ 00009ff7+] 0000000a          *              : remove.obj (.text)
                   00013ff9  [ 00009ffc ] 00000001          *   --HOLE-- [fill = 20]

.text.3      0     00014000  [ 0000a000 ] 00000d5a          *   
                   00014000  [ 0000a000 ] 00000111          *   audio.obj (.text)
                   00014111  [ 0000a088+] 000000e6          *   rts55x.lib : setvbuf.obj (.text)
                   000141f7  [ 0000a0fb+] 000000dd          *              : _io_perm.obj (.text)
                   000142d4  [ 0000a16a ] 000000ba          *              : trgmsg.obj (.text:CIO_breakpoint)
                   0001438e  [ 0000a1c7 ] 000000ab          *   audioLoopbackTest.obj (.text)
                   00014439  [ 0000a21c+] 000000a6          *   rts55x.lib : fputc.obj (.text)
                   000144df  [ 0000a26f+] 000000a1          *              : divul.obj (.text)
                   00014580  [ 0000a2c0 ] 0000007d          *              : ltoa.obj (.text)
                   000145fd  [ 0000a2fe+] 0000007b          *              : fclose.obj (.text)
                   00014678  [ 0000a33c ] 00000079          *   vector.obj (.text)
                   000146f1  [ 0000a378+] 00000076          *   rts55x.lib : frcmpyd.obj (.text)
                   00014767  [ 0000a3b3+] 00000073          *              : frcmpyd_div.obj (.text)
                   000147da  [ 0000a3ed ] 00000072          *              : remul.obj (.text)
                   0001484c  [ 0000a426 ] 0000006f          *              : fixdli.obj (.text)
                   000148bb  [ 0000a45d+] 0000006d          *              : trgmsg.obj (.text)
                   00014928  [ 0000a494 ] 0000006b          *              : fseek.obj (.text)
                   00014993  [ 0000a4c9+] 00000067          *              : fltlid.obj (.text)
                   000149fa  [ 0000a4fd ] 00000051          *   i2s.obj (.text)
                   00014a4b  [ 0000a525+] 00000050          *   rts55x.lib : printf.obj (.text)
                   00014a9b  [ 0000a54d+] 0000004d          *              : autoinit.obj (.text)
                   00014ae8  [ 0000a574 ] 0000004b          *              : args_main.obj (.text)
                   00014b33  [ 0000a599+] 0000004b          *              : remli.obj (.text)
                   00014b7e  [ 0000a5bf ] 00000048          *              : divli.obj (.text)
                   00014bc6  [ 0000a5e3 ] 0000003f          *              : memcpy.obj (.text)
                   00014c05  [ 0000a602+] 0000003e          *              : exit.obj (.text)
                   00014c43  [ 0000a621+] 00000034          *              : boot.obj (.text)
                   00014c77  [ 0000a63b+] 0000002a          *              : fixdi.obj (.text)
                   00014ca1  [ 0000a650+] 0000002a          *              : udiv.obj (.text)
                   00014ccb  [ 0000a665+] 00000023          *              : memccpy.obj (.text)
                   00014cee  [ 0000a677 ] 0000001a          *              : isinf.obj (.text)
                   00014d08  [ 0000a684 ] 00000014          *              : subd.obj (.text)
                   00014d1c  [ 0000a68e ] 00000013          *              : lmpy.obj (.text)
                   00014d2f  [ 0000a697+] 00000012          *              : _lock.obj (.text)
                   00014d41  [ 0000a6a0+] 00000010          *              : negd.obj (.text)
                   00014d51  [ 0000a6a8+] 00000007          *              : exit.obj (.text:CIO_breakpoint)
                   00014d58  [ 0000a6ac ] 00000002          *   --HOLE-- [fill = 20]

vectors      0     00ffff00  [ 007fff80 ] 00000100          *   NOLOAD SECTION
                   00ffff00  [ 007fff80 ] 00000100          *   rts55x.lib : vectors.obj (vectors)


GLOBAL SYMBOLS: SORTED ALPHABETICALLY BY Name 

abs. value/
byte addr   word addr   name
---------   ---------   ----
00000002                $TI_capability$C5500$CallingConvention
00000002                $TI_capability$C5500$MemoryModel
00000001                $TI_capability_requires_rev3
            00005000    .bss
            00004000    .data
ffffffff                .text
00014d52                C$$EXIT
00014389                C$$IO$$
00014d1c                I$$LMPY
00014ca1                I$$UDIV
00014cb6                I$$UMOD
000128f4                _AIC3204_init
            000054e9    _Buf_Address
            0000556c    _CurrentRxL_DMAChannel
            0000556d    _CurrentRxR_DMAChannel
            0000556e    _CurrentTxL_DMAChannel
            0000556f    _CurrentTxR_DMAChannel
00013ac0                _DMA_Isr
000124ca                _HOSTclock
0001245f                _HOSTclose
000123aa                _HOSTlseek
0001230b                _HOSTopen
0001227e                _HOSTread
000121d0                _HOSTrename
00012172                _HOSTtime
00012108                _HOSTunlink
0001207b                _HOSTwrite
00002000                _RST
            00005180    _RcvL1
            00005240    _RcvL2
            000051e0    _RcvR1
            000052a0    _RcvR2
00ffff00                _Reset
            0000555c    _RxL1_DMA_address
            0000555e    _RxL2_DMA_address
            00005560    _RxR1_DMA_address
            00005562    _RxR2_DMA_address
            00005564    _TxL1_DMA_address
            00005566    _TxL2_DMA_address
            00005568    _TxR1_DMA_address
            0000556a    _TxR2_DMA_address
            00005000    _XmitL1
            000050c0    _XmitL2
            00005060    _XmitR1
            00005120    _XmitR2
            000009d4    __CIOBUF_
            00000860    __STACK_END
00001000                __STACK_SIZE
00001000                __SYSMEM_SIZE
00000200                __SYSSTACK_SIZE
00000001                __TI_args_main
ffffffff                ___binit__
            00005000    ___bss__
ffffffff                ___c_args__
            00000bf4    ___cinit__
            00004000    ___data__
            00004000    ___edata__
            00005583    ___end__
ffffffff                ___etext__
00014cee                ___isinf
ffffffff                ___pinit__
ffffffff                ___text__
0001367c                __addd
00014ae8                __args_main
000132c0                __cleanup
            0000557c    __cleanup_ptr
00013a68                __cmpd
            00000860    __ctypes_
00012528                __divd
00014b7e                __divli
00013647                __divlli
00014ca1                __divu
000144df                __divul
00013553                __divull
00013f2d                __doflush
            0000557e    __dtors_ptr
00013a34                __eqld
00014c77                __fixdi
0001484c                __fixdli
00014993                __fltlid
000146f1                __frcmpyd
00014767                __frcmpyd_div
            00005418    __ft_end
            00005300    __ftable
000139ea                __geqd
0001399f                __gtrd
00013952                __leqd
            00005578    __lock
0001390a                __lssd
00013de1                __mpyd
00014d1c                __mpyli
0001349b                __mpylli
00014d41                __negd
000138d6                __neqd
00014d3f                __nop
00011362                __printfi
00014277                __rd_ok
00014d37                __register_lock
00014d2f                __register_unlock
00014b33                __remli
0001346c                __remlli
00014cb6                __remu
000147da                __remul
0001341e                __remull
            00000060    __stack
00014d08                __subd
            00004000    __sys_memory
            00000af4    __sysstack
            00005378    __tmpnams
            0000557a    __unlock
000141f7                __wrt_ok
00014d51                _abort
000119f7                _add_device
00011f9c                _atoi
00014000                _audio
00014a9b                _auto_init
00014c43                _c_int00
00011f76                _calloc
00011f6e                _chkheap
00011984                _close
00013167                _disable_i2s0
00013175                _disable_i2s1
00013183                _disable_i2s2
00013191                _disable_i2s3
00012efa                _enable_dma_int
0001312f                _enable_i2s0
0001313d                _enable_i2s1
0001314b                _enable_i2s2
00013159                _enable_i2s3
00014c05                _exit
000145fd                _fclose
00013f96                _fflush
0001197b                _find_registered_device
000133e3                _fopen
00014439                _fputc
00013c7e                _fputs
00011ae7                _free
00011f18                _free_memory
0001331a                _freopen
00014928                _fseek
00012000                _getenv
00012f07                _i2s0_read_CR
00012f4f                _i2s0_read_INTR
00012f55                _i2s0_read_INT_MASK
00012f61                _i2s0_read_RXL_LSW
00012f6d                _i2s0_read_RXL_MSW
00012f79                _i2s0_read_RXR_LSW
00012f85                _i2s0_read_RXR_MSW
00012f13                _i2s0_read_SRGR
00012f1f                _i2s0_read_TXL_LSW
00012f2b                _i2s0_read_TXL_MSW
00012f37                _i2s0_read_TXR_LSW
00012f43                _i2s0_read_TXR_MSW
00012f0d                _i2s0_write_CR
00012f5b                _i2s0_write_INT_MASK
00012f67                _i2s0_write_RXL_LSW
00012f73                _i2s0_write_RXL_MSW
00012f7f                _i2s0_write_RXR_LSW
00012f8b                _i2s0_write_RXR_MSW
00012f19                _i2s0_write_SRGR
00012f25                _i2s0_write_TXL_LSW
00012f31                _i2s0_write_TXL_MSW
00012f3d                _i2s0_write_TXR_LSW
00012f49                _i2s0_write_TXR_MSW
00012f91                _i2s1_read_CR
00012fd9                _i2s1_read_INTR
00012fdf                _i2s1_read_INT_MASK
00012feb                _i2s1_read_RXL_LSW
00012ff7                _i2s1_read_RXL_MSW
00013003                _i2s1_read_RXR_LSW
0001300f                _i2s1_read_RXR_MSW
00012f9d                _i2s1_read_SRGR
00012fa9                _i2s1_read_TXL_LSW
00012fb5                _i2s1_read_TXL_MSW
00012fc1                _i2s1_read_TXR_LSW
00012fcd                _i2s1_read_TXR_MSW
00012f97                _i2s1_write_CR
00012fe5                _i2s1_write_INT_MASK
00012ff1                _i2s1_write_RXL_LSW
00012ffd                _i2s1_write_RXL_MSW
00013009                _i2s1_write_RXR_LSW
00013015                _i2s1_write_RXR_MSW
00012fa3                _i2s1_write_SRGR
00012faf                _i2s1_write_TXL_LSW
00012fbb                _i2s1_write_TXL_MSW
00012fc7                _i2s1_write_TXR_LSW
00012fd3                _i2s1_write_TXR_MSW
0001301b                _i2s2_read_CR
00013063                _i2s2_read_INTR
00013069                _i2s2_read_INT_MASK
00013075                _i2s2_read_RXL_LSW
00013081                _i2s2_read_RXL_MSW
0001308d                _i2s2_read_RXR_LSW
00013099                _i2s2_read_RXR_MSW
00013027                _i2s2_read_SRGR
00013033                _i2s2_read_TXL_LSW
0001303f                _i2s2_read_TXL_MSW
0001304b                _i2s2_read_TXR_LSW
00013057                _i2s2_read_TXR_MSW
00013021                _i2s2_write_CR
0001306f                _i2s2_write_INT_MASK
0001307b                _i2s2_write_RXL_LSW
00013087                _i2s2_write_RXL_MSW
00013093                _i2s2_write_RXR_LSW
0001309f                _i2s2_write_RXR_MSW
0001302d                _i2s2_write_SRGR
00013039                _i2s2_write_TXL_LSW
00013045                _i2s2_write_TXL_MSW
00013051                _i2s2_write_TXR_LSW
0001305d                _i2s2_write_TXR_MSW
000130a5                _i2s3_read_CR
000130ed                _i2s3_read_INTR
000130f3                _i2s3_read_INT_MASK
000130ff                _i2s3_read_RXL_LSW
0001310b                _i2s3_read_RXL_MSW
00013117                _i2s3_read_RXR_LSW
00013123                _i2s3_read_RXR_MSW
000130b1                _i2s3_read_SRGR
000130bd                _i2s3_read_TXL_LSW
000130c9                _i2s3_read_TXL_MSW
000130d5                _i2s3_read_TXR_LSW
000130e1                _i2s3_read_TXR_MSW
000130ab                _i2s3_write_CR
000130f9                _i2s3_write_INT_MASK
00013105                _i2s3_write_RXL_LSW
00013111                _i2s3_write_RXL_MSW
0001311d                _i2s3_write_RXR_LSW
00013129                _i2s3_write_RXR_MSW
000130b7                _i2s3_write_SRGR
000130c3                _i2s3_write_TXL_LSW
000130cf                _i2s3_write_TXL_MSW
000130db                _i2s3_write_TXR_LSW
000130e7                _i2s3_write_TXR_MSW
            00005570    _leftChannel
00011915                _lseek
00014580                _ltoa
0001438e                _main
00011c18                _malloc
00011ebe                _max_free
00014ccb                _memccpy
00014bc6                _memcpy
00011bb3                _minit
00011856                _open
00014a4b                _printf
00014439                _putc
000144d0                _putchar
00013db3                _puts
000117a8                _read
000148bb                _readmsg
00011d0d                _realloc
00013fef                _remove
00011772                _remove_device
00011719                _rename
            00005571    _rightChannel
00012c22                _setDMA_address
00012d82                _set_dma0_ch0_i2s0_Lout
00012d2a                _set_dma0_ch0_stop
00012de0                _set_dma0_ch1_i2s0_Rout
00012d40                _set_dma0_ch1_stop
00012e3e                _set_dma0_ch2_i2s0_Lin
00012d56                _set_dma0_ch2_stop
00012e9c                _set_dma0_ch3_i2s0_Rin
00012d6c                _set_dma0_ch3_stop
000149fa                _set_i2s0_master
00014a29                _set_i2s0_slave
00014111                _setvbuf
000116e6                _unlink
000115a4                _write
000142d4                _writemsg
ffffffff                binit
            00000bf4    cinit
            00004000    edata
            00005583    end
ffffffff                etext
ffffffff                pinit
00014678                reset_isr


GLOBAL SYMBOLS: SORTED BY Symbol Address 

abs. value/
byte addr   word addr   name
---------   ---------   ----
00000001                $TI_capability_requires_rev3
00000001                __TI_args_main
00000002                $TI_capability$C5500$CallingConvention
00000002                $TI_capability$C5500$MemoryModel
            00000060    __stack
00000200                __SYSSTACK_SIZE
00001000                __STACK_SIZE
00001000                __SYSMEM_SIZE
            00000860    __STACK_END
            00000860    __ctypes_
            000009d4    __CIOBUF_
            00000af4    __sysstack
            00000bf4    ___cinit__
            00000bf4    cinit
00002000                _RST
            00004000    .data
            00004000    ___data__
            00004000    ___edata__
            00004000    __sys_memory
            00004000    edata
            00005000    .bss
            00005000    _XmitL1
            00005000    ___bss__
            00005060    _XmitR1
            000050c0    _XmitL2
            00005120    _XmitR2
            00005180    _RcvL1
            000051e0    _RcvR1
            00005240    _RcvL2
            000052a0    _RcvR2
            00005300    __ftable
            00005378    __tmpnams
            00005418    __ft_end
            000054e9    _Buf_Address
            0000555c    _RxL1_DMA_address
            0000555e    _RxL2_DMA_address
            00005560    _RxR1_DMA_address
            00005562    _RxR2_DMA_address
            00005564    _TxL1_DMA_address
            00005566    _TxL2_DMA_address
            00005568    _TxR1_DMA_address
            0000556a    _TxR2_DMA_address
            0000556c    _CurrentRxL_DMAChannel
            0000556d    _CurrentRxR_DMAChannel
            0000556e    _CurrentTxL_DMAChannel
            0000556f    _CurrentTxR_DMAChannel
            00005570    _leftChannel
            00005571    _rightChannel
            00005578    __lock
            0000557a    __unlock
            0000557c    __cleanup_ptr
            0000557e    __dtors_ptr
            00005583    ___end__
            00005583    end
00011362                __printfi
000115a4                _write
000116e6                _unlink
00011719                _rename
00011772                _remove_device
000117a8                _read
00011856                _open
00011915                _lseek
0001197b                _find_registered_device
00011984                _close
000119f7                _add_device
00011ae7                _free
00011bb3                _minit
00011c18                _malloc
00011d0d                _realloc
00011ebe                _max_free
00011f18                _free_memory
00011f6e                _chkheap
00011f76                _calloc
00011f9c                _atoi
00012000                _getenv
0001207b                _HOSTwrite
00012108                _HOSTunlink
00012172                _HOSTtime
000121d0                _HOSTrename
0001227e                _HOSTread
0001230b                _HOSTopen
000123aa                _HOSTlseek
0001245f                _HOSTclose
000124ca                _HOSTclock
00012528                __divd
000128f4                _AIC3204_init
00012c22                _setDMA_address
00012d2a                _set_dma0_ch0_stop
00012d40                _set_dma0_ch1_stop
00012d56                _set_dma0_ch2_stop
00012d6c                _set_dma0_ch3_stop
00012d82                _set_dma0_ch0_i2s0_Lout
00012de0                _set_dma0_ch1_i2s0_Rout
00012e3e                _set_dma0_ch2_i2s0_Lin
00012e9c                _set_dma0_ch3_i2s0_Rin
00012efa                _enable_dma_int
00012f07                _i2s0_read_CR
00012f0d                _i2s0_write_CR
00012f13                _i2s0_read_SRGR
00012f19                _i2s0_write_SRGR
00012f1f                _i2s0_read_TXL_LSW
00012f25                _i2s0_write_TXL_LSW
00012f2b                _i2s0_read_TXL_MSW
00012f31                _i2s0_write_TXL_MSW
00012f37                _i2s0_read_TXR_LSW
00012f3d                _i2s0_write_TXR_LSW
00012f43                _i2s0_read_TXR_MSW
00012f49                _i2s0_write_TXR_MSW
00012f4f                _i2s0_read_INTR
00012f55                _i2s0_read_INT_MASK
00012f5b                _i2s0_write_INT_MASK
00012f61                _i2s0_read_RXL_LSW
00012f67                _i2s0_write_RXL_LSW
00012f6d                _i2s0_read_RXL_MSW
00012f73                _i2s0_write_RXL_MSW
00012f79                _i2s0_read_RXR_LSW
00012f7f                _i2s0_write_RXR_LSW
00012f85                _i2s0_read_RXR_MSW
00012f8b                _i2s0_write_RXR_MSW
00012f91                _i2s1_read_CR
00012f97                _i2s1_write_CR
00012f9d                _i2s1_read_SRGR
00012fa3                _i2s1_write_SRGR
00012fa9                _i2s1_read_TXL_LSW
00012faf                _i2s1_write_TXL_LSW
00012fb5                _i2s1_read_TXL_MSW
00012fbb                _i2s1_write_TXL_MSW
00012fc1                _i2s1_read_TXR_LSW
00012fc7                _i2s1_write_TXR_LSW
00012fcd                _i2s1_read_TXR_MSW
00012fd3                _i2s1_write_TXR_MSW
00012fd9                _i2s1_read_INTR
00012fdf                _i2s1_read_INT_MASK
00012fe5                _i2s1_write_INT_MASK
00012feb                _i2s1_read_RXL_LSW
00012ff1                _i2s1_write_RXL_LSW
00012ff7                _i2s1_read_RXL_MSW
00012ffd                _i2s1_write_RXL_MSW
00013003                _i2s1_read_RXR_LSW
00013009                _i2s1_write_RXR_LSW
0001300f                _i2s1_read_RXR_MSW
00013015                _i2s1_write_RXR_MSW
0001301b                _i2s2_read_CR
00013021                _i2s2_write_CR
00013027                _i2s2_read_SRGR
0001302d                _i2s2_write_SRGR
00013033                _i2s2_read_TXL_LSW
00013039                _i2s2_write_TXL_LSW
0001303f                _i2s2_read_TXL_MSW
00013045                _i2s2_write_TXL_MSW
0001304b                _i2s2_read_TXR_LSW
00013051                _i2s2_write_TXR_LSW
00013057                _i2s2_read_TXR_MSW
0001305d                _i2s2_write_TXR_MSW
00013063                _i2s2_read_INTR
00013069                _i2s2_read_INT_MASK
0001306f                _i2s2_write_INT_MASK
00013075                _i2s2_read_RXL_LSW
0001307b                _i2s2_write_RXL_LSW
00013081                _i2s2_read_RXL_MSW
00013087                _i2s2_write_RXL_MSW
0001308d                _i2s2_read_RXR_LSW
00013093                _i2s2_write_RXR_LSW
00013099                _i2s2_read_RXR_MSW
0001309f                _i2s2_write_RXR_MSW
000130a5                _i2s3_read_CR
000130ab                _i2s3_write_CR
000130b1                _i2s3_read_SRGR
000130b7                _i2s3_write_SRGR
000130bd                _i2s3_read_TXL_LSW
000130c3                _i2s3_write_TXL_LSW
000130c9                _i2s3_read_TXL_MSW
000130cf                _i2s3_write_TXL_MSW
000130d5                _i2s3_read_TXR_LSW
000130db                _i2s3_write_TXR_LSW
000130e1                _i2s3_read_TXR_MSW
000130e7                _i2s3_write_TXR_MSW
000130ed                _i2s3_read_INTR
000130f3                _i2s3_read_INT_MASK
000130f9                _i2s3_write_INT_MASK
000130ff                _i2s3_read_RXL_LSW
00013105                _i2s3_write_RXL_LSW
0001310b                _i2s3_read_RXL_MSW
00013111                _i2s3_write_RXL_MSW
00013117                _i2s3_read_RXR_LSW
0001311d                _i2s3_write_RXR_LSW
00013123                _i2s3_read_RXR_MSW
00013129                _i2s3_write_RXR_MSW
0001312f                _enable_i2s0
0001313d                _enable_i2s1
0001314b                _enable_i2s2
00013159                _enable_i2s3
00013167                _disable_i2s0
00013175                _disable_i2s1
00013183                _disable_i2s2
00013191                _disable_i2s3
000132c0                __cleanup
0001331a                _freopen
000133e3                _fopen
0001341e                __remull
0001346c                __remlli
0001349b                __mpylli
00013553                __divull
00013647                __divlli
0001367c                __addd
000138d6                __neqd
0001390a                __lssd
00013952                __leqd
0001399f                __gtrd
000139ea                __geqd
00013a34                __eqld
00013a68                __cmpd
00013ac0                _DMA_Isr
00013c7e                _fputs
00013db3                _puts
00013de1                __mpyd
00013f2d                __doflush
00013f96                _fflush
00013fef                _remove
00014000                _audio
00014111                _setvbuf
000141f7                __wrt_ok
00014277                __rd_ok
000142d4                _writemsg
00014389                C$$IO$$
0001438e                _main
00014439                _fputc
00014439                _putc
000144d0                _putchar
000144df                __divul
00014580                _ltoa
000145fd                _fclose
00014678                reset_isr
000146f1                __frcmpyd
00014767                __frcmpyd_div
000147da                __remul
0001484c                __fixdli
000148bb                _readmsg
00014928                _fseek
00014993                __fltlid
000149fa                _set_i2s0_master
00014a29                _set_i2s0_slave
00014a4b                _printf
00014a9b                _auto_init
00014ae8                __args_main
00014b33                __remli
00014b7e                __divli
00014bc6                _memcpy
00014c05                _exit
00014c43                _c_int00
00014c77                __fixdi
00014ca1                I$$UDIV
00014ca1                __divu
00014cb6                I$$UMOD
00014cb6                __remu
00014ccb                _memccpy
00014cee                ___isinf
00014d08                __subd
00014d1c                I$$LMPY
00014d1c                __mpyli
00014d2f                __register_unlock
00014d37                __register_lock
00014d3f                __nop
00014d41                __negd
00014d51                _abort
00014d52                C$$EXIT
00ffff00                _Reset
ffffffff                .text
ffffffff                ___binit__
ffffffff                ___c_args__
ffffffff                ___etext__
ffffffff                ___pinit__
ffffffff                ___text__
ffffffff                binit
ffffffff                etext
ffffffff                pinit

[276 symbols]
