******************************************************************************
              TMS320C55x Linker PC v4.4.1                      
******************************************************************************
>> Linked Sun Mar 14 13:34:02 2021

OUTPUT FILE NAME:   <07_symetric_BlockFIR.out>
ENTRY POINT SYMBOL: "_c_int00"  address: 000165de


MEMORY CONFIGURATION

         name            origin    length      used     unused   attr    fill
                        (bytes)   (bytes)    (bytes)   (bytes)
----------------------  --------  ---------  --------  --------  ----  --------
  MMR                   00000000   000000c0  00000000  000000c0  RWIX
  DARAM0                000000c0   00001f40  00001aa6  0000049a  RWIX
  DARAM1                00002000   00002000  00000000  00002000  RWIX
  DARAM2                00004000   00002000  00000000  00002000  RWIX
  DARAM3                00006000   00002000  00000000  00002000  RWIX
  DARAM4                00008000   00002000  00001000  00001000  RWIX
  DARAM5                0000a000   00002000  00000534  00001acc  RWIX
  DARAM6                0000c000   00002000  00000000  00002000  RWIX
  DARAM7                0000e000   00002000  00000000  00002000  RWIX
  SARAM0                00010000   00002000  00001ffc  00000004  RWIX
  SARAM1                00012000   00002000  00002000  00000000  RWIX
  SARAM2                00014000   00002000  00001ffa  00000006  RWIX
  SARAM3                00016000   00002000  000006ea  00001916  RWIX
  SARAM4                00018000   00002000  00000000  00002000  RWIX
  SARAM5                0001a000   00002000  00000000  00002000  RWIX
  SARAM6                0001c000   00002000  00000000  00002000  RWIX
  SARAM7                0001e000   00002000  00000000  00002000  RWIX
  SARAM8                00020000   00002000  00000000  00002000  RWIX
  SARAM9                00022000   00002000  00000000  00002000  RWIX
  SARAM10               00024000   00002000  00000000  00002000  RWIX
  SARAM11               00026000   00002000  00000000  00002000  RWIX
  SARAM12               00028000   00002000  00000000  00002000  RWIX
  SARAM13               0002a000   00002000  00000000  00002000  RWIX
  SARAM14               0002c000   00002000  00000000  00002000  RWIX
  SARAM15               0002e000   00002000  00000000  00002000  RWIX
  SARAM16               00030000   00002000  00000000  00002000  RWIX
  SARAM17               00032000   00002000  00000000  00002000  RWIX
  SARAM18               00034000   00002000  00000000  00002000  RWIX
  SARAM19               00036000   00002000  00000000  00002000  RWIX
  SARAM20               00038000   00002000  00000000  00002000  RWIX
  SARAM21               0003a000   00002000  00000000  00002000  RWIX
  SARAM22               0003c000   00002000  00000000  00002000  RWIX
  SARAM23               0003e000   00002000  00000000  00002000  RWIX
  SARAM24               00040000   00002000  00000000  00002000  RWIX
  SARAM25               00042000   00002000  00000000  00002000  RWIX
  SARAM26               00044000   00002000  00000000  00002000  RWIX
  SARAM27               00046000   00002000  00000000  00002000  RWIX
  SARAM28               00048000   00002000  00000000  00002000  RWIX
  SARAM29               0004a000   00002000  00000000  00002000  RWIX
  SARAM30               0004c000   00002000  00000000  00002000  RWIX
  SARAM31               0004e000   00002000  00000000  00002000  RWIX
  ROM                   00fe0000   0001ff00  00000000  0001ff00  RWIX
  VECS                  00ffff00   00000100  00000100  00000000  RWIX


SECTION ALLOCATION MAP
(Addresses surrounded by []'s are displayed for convenience only!)

output                                                          attributes/
section   page  orgn(bytes) orgn(words) len(bytes) len(words)   input sections
--------  ----  ----------- ----------- ---------- ----------   --------------
.stack       0   [ 000000c0 ]  00000060          *   00000800   UNINITIALIZED
                 [ 000000c0 ]  00000060          *   00000800   --HOLE--

.const       0   [ 000010c0 ]  00000860          *   000002a0   
                 [ 000010c0 ]  00000860          *   00000101   rts55x.lib : ctype.obj (.const:__ctypes_)
                 [ 000012c2 ]  00000961          *   00000001   --HOLE-- [fill = 0]
                 [ 000012c4 ]  00000962          *   000000ec   symFirTest.obj (.const:.string)
                 [ 0000149c ]  00000a4e          *   00000024   rts55x.lib : _printfi.obj (.const:.string)
                 [ 000014e4 ]  00000a72          *   00000018   symFirTest.obj (.const:fir) [fill = 0]
                 [ 00001514 ]  00000a8a          *   00000014   rts55x.lib : strtod.obj (.const:_digits)
                 [ 0000153c ]  00000a9e          *   00000014              : strtold.obj (.const:_digits)
                 [ 00001564 ]  00000ab2          *   0000000c              : strtod.obj (.const:_powerof10)
                 [ 0000157c ]  00000abe          *   0000000c              : strtold.obj (.const:_powerof10)
                 [ 00001594 ]  00000aca          *   0000000c              : _printfi.obj (.const)
                 [ 000015ac ]  00000ad6          *   00000008              : divd.obj (.const:_initial_approx$1)
                 [ 000015bc ]  00000ade          *   00000008              : strtod.obj (.const)
                 [ 000015cc ]  00000ae6          *   00000008              : strtold.obj (.const)
                 [ 000015dc ]  00000aee          *   00000007              : _scanfi.obj (.const:_flit$1)
                 [ 000015ea ]  00000af5          *   00000006              : _scanfi.obj (.const:_barr$2)
                 [ 000015f6 ]  00000afb          *   00000001   --HOLE-- [fill = 0]
                 [ 000015f8 ]  00000afc          *   00000002              : fputs.obj (.const:.string)
                 [ 000015fc ]  00000afe          *   00000002              : fltlid.obj (.const)

.cio         0   [ 00001600 ]  00000b00          *   00000120   UNINITIALIZED
                 [ 00001600 ]  00000b00          *   00000120   rts55x.lib : trgmsg.obj (.cio)

.sysstack 
*            0   [ 00001840 ]  00000c20          *   00000100   UNINITIALIZED
                 [ 00001840 ]  00000c20          *   00000100   --HOLE--

.cinit       0   [ 00001a40 ]  00000d20          *   00000093   
                 [ 00001a40 ]  00000d20          *   0000002d   rts55x.lib : lowlev.obj (.cinit)
                 [ 00001a9a ]  00000d4d          *   0000002a              : defs.obj (.cinit)
                 [ 00001aee ]  00000d77          *   0000001b   symFirTest.obj (.cinit)
                 [ 00001b24 ]  00000d92          *   0000000a   rts55x.lib : _lock.obj (.cinit)
                 [ 00001b38 ]  00000d9c          *   0000000a              : exit.obj (.cinit)
                 [ 00001b4c ]  00000da6          *   00000004              : errno.obj (.cinit)
                 [ 00001b54 ]  00000daa          *   00000004              : fopen.obj (.cinit)
                 [ 00001b5c ]  00000dae          *   00000004              : memory.obj (.cinit)
                 [ 00001b64 ]  00000db2          *   00000001   --HOLE-- [fill = 0]

.sysmem      0   [ 00008000 ]  00004000          *   00000800   UNINITIALIZED
                 [ 00008000 ]  00004000          *   00000800   --HOLE--

.data        0   [ 00008000 ]  00004000          *   00000000   UNINITIALIZED

.bss         0   [ 0000a000 ]  00005000          *   0000029a   UNINITIALIZED
                 [ 0000a000 ]  00005000          *   00000119   rts55x.lib : defs.obj (.bss)
                 [ 0000a232 ]  00005119          *   000000d0              : trgdrv.obj (.bss)
                 [ 0000a3d2 ]  000051e9          *   00000001              : errno.obj (.bss)
                 [ 0000a3d4 ]  000051ea          *   00000071              : lowlev.obj (.bss)
                 [ 0000a4b6 ]  0000525b          *   00000030   symFirTest.obj (.bss:fir)
                 [ 0000a516 ]  0000528b          *   00000001   rts55x.lib : fopen.obj (.bss)
                 [ 0000a518 ]  0000528c          *   00000006              : memory.obj (.bss)
                 [ 0000a524 ]  00005292          *   00000004              : _lock.obj (.bss)
                 [ 0000a52c ]  00005296          *   00000004              : exit.obj (.bss)

.text.1      0     00010000  [ 00008000 ] 00001ffc          *   
                   00010000  [ 00008000 ] 000015a4          *   rts55x.lib : _printfi.obj (.text)
                   000115a4  [ 00008ad2 ] 00000543          *              : lowlev.obj (.text)
                   00011ae7  [ 00008d73+] 000004b5          *              : memory.obj (.text)
                   00011f9c  [ 00008fce ] 0000005c          *              : atoi.obj (.text)
                   00011ff8  [ 00008ffc ] 00000002          *              : vectors.obj (.text)
                   00011ffa  [ 00008ffd ] 00000002          *   --HOLE-- [fill = 20]

.text.2      0     00012000  [ 00009000 ] 00002000          *   
                   00012000  [ 00009000 ] 00000edb          *   rts55x.lib : _scanfi.obj (.text)
                   00012edb  [ 0000976d+] 00000528          *              : trgdrv.obj (.text)
                   00013403  [ 00009a01+] 000003cc          *              : divd.obj (.text)
                   000137cf  [ 00009be7+] 00000301          *              : strtoll.obj (.text)
                   00013ad0  [ 00009d68 ] 000002bd          *              : strtod.obj (.text)
                   00013d8d  [ 00009ec6+] 0000025e          *              : llmpy.obj (.text)
                   00013feb  [ 00009ff5+] 00000013          *              : lmpy.obj (.text)
                   00013ffe  [ 00009fff ] 00000002          *   --HOLE-- [fill = 20]

.text.3      0     00014000  [ 0000a000 ] 00001ffa          *   
                   00014000  [ 0000a000 ] 0000029f          *   rts55x.lib : strtold.obj (.text)
                   0001429f  [ 0000a14f+] 0000027f          *              : fopen.obj (.text)
                   0001451e  [ 0000a28f ] 0000025a          *              : addd.obj (.text)
                   00014778  [ 0000a3bc ] 0000024b          *              : strtoull.obj (.text)
                   000149c3  [ 0000a4e1+] 00000230          *   symFirTest.obj (.text)
                   00014bf3  [ 0000a5f9+] 00000208          *   rts55x.lib : strtol.obj (.text)
                   00014dfb  [ 0000a6fd+] 000001ee          *              : fwrite.obj (.text)
                   00014fe9  [ 0000a7f4+] 000001ea          *              : cmpd.obj (.text)
                   000151d3  [ 0000a8e9+] 000001d1          *              : strtoul.obj (.text)
                   000153a4  [ 0000a9d2 ] 00000163          *              : fputs.obj (.text)
                   00015507  [ 0000aa83+] 00000161          *              : fscanf.obj (.text)
                   00015668  [ 0000ab34 ] 0000014c          *              : mpyd.obj (.text)
                   000157b4  [ 0000abda ] 0000010f          *              : fread.obj (.text)
                   000158c3  [ 0000ac61+] 000000e6          *              : setvbuf.obj (.text)
                   000159a9  [ 0000acd4+] 000000dd          *              : _io_perm.obj (.text)
                   00015a86  [ 0000ad43 ] 000000c2          *              : fflush.obj (.text)
                   00015b48  [ 0000ada4 ] 000000ba          *              : trgmsg.obj (.text:CIO_breakpoint)
                   00015c02  [ 0000ae01 ] 000000ae          *              : _bufread.obj (.text)
                   00015cb0  [ 0000ae58 ] 000000a6          *              : fputc.obj (.text)
                   00015d56  [ 0000aeab ] 000000a1          *              : divul.obj (.text)
                   00015df7  [ 0000aefb+] 0000009b          *              : fgetc.obj (.text)
                   00015e92  [ 0000af49 ] 0000009a          *              : ungetc.obj (.text)
                   00015f2c  [ 0000af96 ] 0000007d          *              : ltoa.obj (.text)
                   00015fa9  [ 0000afd4+] 00000050          *              : printf.obj (.text)
                   00015ff9  [ 0000affc ] 00000001          *   --HOLE-- [fill = 20]

.text.4      0     00016000  [ 0000b000 ] 000000f2          *   
                   00016000  [ 0000b000 ] 0000007b          *   rts55x.lib : fclose.obj (.text)
                   0001607b  [ 0000b03d+] 00000076          *              : frcmpyd.obj (.text)
                   000160f1  [ 0000b078 ] 00000001          *   --HOLE-- [fill = 20]

.text.5      0     000160f4  [ 0000b07a ] 000005f8          *   
                   000160f4  [ 0000b07a ] 00000073          *   symFir.obj (.text:fir)
                   00016167  [ 0000b0b3+] 00000073          *   rts55x.lib : frcmpyd_div.obj (.text)
                   000161da  [ 0000b0ed ] 00000072          *              : remul.obj (.text)
                   0001624c  [ 0000b126 ] 0000006f          *              : fixdli.obj (.text)
                   000162bb  [ 0000b15d+] 0000006d          *              : trgmsg.obj (.text)
                   00016328  [ 0000b194 ] 0000006b          *              : fseek.obj (.text)
                   00016393  [ 0000b1c9+] 00000067          *              : fltlid.obj (.text)
                   000163fa  [ 0000b1fd ] 0000004d          *              : autoinit.obj (.text)
                   00016447  [ 0000b223+] 0000004b          *              : args_main.obj (.text)
                   00016492  [ 0000b249 ] 0000004b          *              : remli.obj (.text)
                   000164dd  [ 0000b26e+] 00000048          *              : divli.obj (.text)
                   00016525  [ 0000b292+] 0000003f          *              : memcpy.obj (.text)
                   00016564  [ 0000b2b2 ] 0000003e          *              : exit.obj (.text)
                   000165a2  [ 0000b2d1 ] 0000003c          *              : idiv.obj (.text)
                   000165de  [ 0000b2ef ] 00000034          *              : boot.obj (.text)
                   00016612  [ 0000b309 ] 0000002a          *              : fixdi.obj (.text)
                   0001663c  [ 0000b31e ] 0000002a          *              : udiv.obj (.text)
                   00016666  [ 0000b333 ] 00000023          *              : memccpy.obj (.text)
                   00016689  [ 0000b344+] 0000001a          *              : isinf.obj (.text)
                   000166a3  [ 0000b351+] 00000014          *              : subd.obj (.text)
                   000166b7  [ 0000b35b+] 00000012          *              : _lock.obj (.text)
                   000166c9  [ 0000b364+] 00000010          *              : negd.obj (.text)
                   000166d9  [ 0000b36c+] 0000000a          *              : remove.obj (.text)
                   000166e3  [ 0000b371+] 00000007          *              : exit.obj (.text:CIO_breakpoint)
                   000166ea  [ 0000b375 ] 00000002          *   --HOLE-- [fill = 20]

vectors      0     00ffff00  [ 007fff80 ] 00000100          *   NOLOAD SECTION
                   00ffff00  [ 007fff80 ] 00000100          *   rts55x.lib : vectors.obj (vectors)


GLOBAL SYMBOLS: SORTED ALPHABETICALLY BY Name 

abs. value/
byte addr   word addr   name
---------   ---------   ----
00000002                $TI_capability$C5500$CallingConvention
00000002                $TI_capability$C5500$MemoryModel
00000001                $TI_capability_requires_rev3
            00005000    .bss
            00004000    .data
ffffffff                .text
000166e4                C$$EXIT
00015bfd                C$$IO$$
000165a2                I$$DIV
00013feb                I$$LMPY
000165c1                I$$MOD
0001663c                I$$UDIV
00016651                I$$UMOD
000133a5                _HOSTclock
0001333a                _HOSTclose
00013285                _HOSTlseek
000131e6                _HOSTopen
00013159                _HOSTread
000130ab                _HOSTrename
0001304d                _HOSTtime
00012fe3                _HOSTunlink
00012f56                _HOSTwrite
00ffff00                _Reset
            00000b00    __CIOBUF_
            00000860    __STACK_END
00001000                __STACK_SIZE
00001000                __SYSMEM_SIZE
00000200                __SYSSTACK_SIZE
00000001                __TI_args_main
ffffffff                ___binit__
            00005000    ___bss__
ffffffff                ___c_args__
            00000d20    ___cinit__
            00004000    ___data__
            00004000    ___edata__
            0000529a    ___end__
ffffffff                ___etext__
00016689                ___isinf
ffffffff                ___pinit__
ffffffff                ___text__
0001451e                __addd
00016447                __args_main
00015c02                __buff_read
000143c0                __cleanup
            00005296    __cleanup_ptr
0001517b                __cmpd
            00000860    __ctypes_
00013403                __divd
000165a2                __divi
000164dd                __divli
00013fb6                __divlli
0001663c                __divu
00015d56                __divul
00013ec2                __divull
00015a86                __doflush
            00005298    __dtors_ptr
00015147                __eqld
00016612                __fixdi
0001624c                __fixdli
00016393                __fltlid
0001607b                __frcmpyd
00016167                __frcmpyd_div
            00005118    __ft_end
            00005000    __ftable
000150fd                __geqd
000150b2                __gtrd
00015065                __leqd
            00005292    __lock
0001501d                __lssd
00015668                __mpyd
00013feb                __mpyli
00013e0a                __mpylli
000166c9                __negd
00014fe9                __neqd
000166c7                __nop
00011362                __printfi
00015a29                __rd_ok
000166bf                __register_lock
000166b7                __register_unlock
000165c1                __remi
00016492                __remli
00013ddb                __remlli
00016651                __remu
000161da                __remul
00013d8d                __remull
000129d3                __scanfi
            00000060    __stack
000166a3                __subd
            00004000    __sys_memory
            00000c20    __sysstack
            00005078    __tmpnams
            00005294    __unlock
000159a9                __wrt_ok
000166e3                _abort
000119f7                _add_device
00011f9c                _atoi
000163fa                _auto_init
000165de                _c_int00
00011f76                _calloc
00011f6e                _chkheap
00011984                _close
            000051e9    _errno
00016564                _exit
00016000                _fclose
00015aef                _fflush
00015df7                _fgetc
0001197b                _find_registered_device
000144e3                _fopen
00015cb0                _fputc
000153a4                _fputs
000157b4                _fread
00011ae7                _free
00011f18                _free_memory
0001441a                _freopen
00015543                _fscanf
00016328                _fseek
00014dfb                _fwrite
00015df7                _getc
00015e83                _getchar
00012edb                _getenv
00011915                _lseek
00015f2c                _ltoa
000149c3                _main
00011c18                _malloc
00011ebe                _max_free
00016666                _memccpy
00016525                _memcpy
00011bb3                _minit
00011856                _open
00015fa9                _printf
00015cb0                _putc
00015d47                _putchar
000154d9                _puts
000117a8                _read
000162bb                _readmsg
00011d0d                _realloc
000166d9                _remove
00011772                _remove_device
00011719                _rename
00015507                _scanf
000158c3                _setvbuf
00013ad0                _strtod
00014bf3                _strtol
00014000                _strtold
000137cf                _strtoll
000151d3                _strtoul
00014778                _strtoull
000160f4                _symFir
            00000a72    _symFirCoef
00015e92                _ungetc
000116e6                _unlink
            0000525b    _w
000115a4                _write
00015b48                _writemsg
ffffffff                binit
            00000d20    cinit
            00004000    edata
            0000529a    end
ffffffff                etext
ffffffff                pinit


GLOBAL SYMBOLS: SORTED BY Symbol Address 

abs. value/
byte addr   word addr   name
---------   ---------   ----
00000001                $TI_capability_requires_rev3
00000001                __TI_args_main
00000002                $TI_capability$C5500$CallingConvention
00000002                $TI_capability$C5500$MemoryModel
            00000060    __stack
00000200                __SYSSTACK_SIZE
00001000                __STACK_SIZE
00001000                __SYSMEM_SIZE
            00000860    __STACK_END
            00000860    __ctypes_
            00000a72    _symFirCoef
            00000b00    __CIOBUF_
            00000c20    __sysstack
            00000d20    ___cinit__
            00000d20    cinit
            00004000    .data
            00004000    ___data__
            00004000    ___edata__
            00004000    __sys_memory
            00004000    edata
            00005000    .bss
            00005000    ___bss__
            00005000    __ftable
            00005078    __tmpnams
            00005118    __ft_end
            000051e9    _errno
            0000525b    _w
            00005292    __lock
            00005294    __unlock
            00005296    __cleanup_ptr
            00005298    __dtors_ptr
            0000529a    ___end__
            0000529a    end
00011362                __printfi
000115a4                _write
000116e6                _unlink
00011719                _rename
00011772                _remove_device
000117a8                _read
00011856                _open
00011915                _lseek
0001197b                _find_registered_device
00011984                _close
000119f7                _add_device
00011ae7                _free
00011bb3                _minit
00011c18                _malloc
00011d0d                _realloc
00011ebe                _max_free
00011f18                _free_memory
00011f6e                _chkheap
00011f76                _calloc
00011f9c                _atoi
000129d3                __scanfi
00012edb                _getenv
00012f56                _HOSTwrite
00012fe3                _HOSTunlink
0001304d                _HOSTtime
000130ab                _HOSTrename
00013159                _HOSTread
000131e6                _HOSTopen
00013285                _HOSTlseek
0001333a                _HOSTclose
000133a5                _HOSTclock
00013403                __divd
000137cf                _strtoll
00013ad0                _strtod
00013d8d                __remull
00013ddb                __remlli
00013e0a                __mpylli
00013ec2                __divull
00013fb6                __divlli
00013feb                I$$LMPY
00013feb                __mpyli
00014000                _strtold
000143c0                __cleanup
0001441a                _freopen
000144e3                _fopen
0001451e                __addd
00014778                _strtoull
000149c3                _main
00014bf3                _strtol
00014dfb                _fwrite
00014fe9                __neqd
0001501d                __lssd
00015065                __leqd
000150b2                __gtrd
000150fd                __geqd
00015147                __eqld
0001517b                __cmpd
000151d3                _strtoul
000153a4                _fputs
000154d9                _puts
00015507                _scanf
00015543                _fscanf
00015668                __mpyd
000157b4                _fread
000158c3                _setvbuf
000159a9                __wrt_ok
00015a29                __rd_ok
00015a86                __doflush
00015aef                _fflush
00015b48                _writemsg
00015bfd                C$$IO$$
00015c02                __buff_read
00015cb0                _fputc
00015cb0                _putc
00015d47                _putchar
00015d56                __divul
00015df7                _fgetc
00015df7                _getc
00015e83                _getchar
00015e92                _ungetc
00015f2c                _ltoa
00015fa9                _printf
00016000                _fclose
0001607b                __frcmpyd
000160f4                _symFir
00016167                __frcmpyd_div
000161da                __remul
0001624c                __fixdli
000162bb                _readmsg
00016328                _fseek
00016393                __fltlid
000163fa                _auto_init
00016447                __args_main
00016492                __remli
000164dd                __divli
00016525                _memcpy
00016564                _exit
000165a2                I$$DIV
000165a2                __divi
000165c1                I$$MOD
000165c1                __remi
000165de                _c_int00
00016612                __fixdi
0001663c                I$$UDIV
0001663c                __divu
00016651                I$$UMOD
00016651                __remu
00016666                _memccpy
00016689                ___isinf
000166a3                __subd
000166b7                __register_unlock
000166bf                __register_lock
000166c7                __nop
000166c9                __negd
000166d9                _remove
000166e3                _abort
000166e4                C$$EXIT
00ffff00                _Reset
ffffffff                .text
ffffffff                ___binit__
ffffffff                ___c_args__
ffffffff                ___etext__
ffffffff                ___pinit__
ffffffff                ___text__
ffffffff                binit
ffffffff                etext
ffffffff                pinit

[160 symbols]
