******************************************************************************
              TMS320C55x Linker PC v4.4.1                      
******************************************************************************
>> Linked Sun Mar 14 20:12:12 2021

OUTPUT FILE NAME:   <10_floatPoint_directIIR.out>
ENTRY POINT SYMBOL: "_c_int00"  address: 00016635


MEMORY CONFIGURATION

         name            origin    length      used     unused   attr    fill
                        (bytes)   (bytes)    (bytes)   (bytes)
----------------------  --------  ---------  --------  --------  ----  --------
  MMR                   00000000   000000c0  00000000  000000c0  RWIX
  DARAM0                000000c0   00001f40  00001aac  00000494  RWIX
  DARAM1                00002000   00002000  00000000  00002000  RWIX
  DARAM2                00004000   00002000  00000000  00002000  RWIX
  DARAM3                00006000   00002000  00000000  00002000  RWIX
  DARAM4                00008000   00002000  00001000  00001000  RWIX
  DARAM5                0000a000   00002000  000005a4  00001a5c  RWIX
  DARAM6                0000c000   00002000  00000000  00002000  RWIX
  DARAM7                0000e000   00002000  00000000  00002000  RWIX
  SARAM0                00010000   00002000  00002000  00000000  RWIX
  SARAM1                00012000   00002000  00002000  00000000  RWIX
  SARAM2                00014000   00002000  00001fff  00000001  RWIX
  SARAM3                00016000   00002000  0000073a  000018c6  RWIX
  SARAM4                00018000   00002000  00000000  00002000  RWIX
  SARAM5                0001a000   00002000  00000000  00002000  RWIX
  SARAM6                0001c000   00002000  00000000  00002000  RWIX
  SARAM7                0001e000   00002000  00000000  00002000  RWIX
  SARAM8                00020000   00002000  00000000  00002000  RWIX
  SARAM9                00022000   00002000  00000000  00002000  RWIX
  SARAM10               00024000   00002000  00000000  00002000  RWIX
  SARAM11               00026000   00002000  00000000  00002000  RWIX
  SARAM12               00028000   00002000  00000000  00002000  RWIX
  SARAM13               0002a000   00002000  00000000  00002000  RWIX
  SARAM14               0002c000   00002000  00000000  00002000  RWIX
  SARAM15               0002e000   00002000  00000000  00002000  RWIX
  SARAM16               00030000   00002000  00000000  00002000  RWIX
  SARAM17               00032000   00002000  00000000  00002000  RWIX
  SARAM18               00034000   00002000  00000000  00002000  RWIX
  SARAM19               00036000   00002000  00000000  00002000  RWIX
  SARAM20               00038000   00002000  00000000  00002000  RWIX
  SARAM21               0003a000   00002000  00000000  00002000  RWIX
  SARAM22               0003c000   00002000  00000000  00002000  RWIX
  SARAM23               0003e000   00002000  00000000  00002000  RWIX
  SARAM24               00040000   00002000  00000000  00002000  RWIX
  SARAM25               00042000   00002000  00000000  00002000  RWIX
  SARAM26               00044000   00002000  00000000  00002000  RWIX
  SARAM27               00046000   00002000  00000000  00002000  RWIX
  SARAM28               00048000   00002000  00000000  00002000  RWIX
  SARAM29               0004a000   00002000  00000000  00002000  RWIX
  SARAM30               0004c000   00002000  00000000  00002000  RWIX
  SARAM31               0004e000   00002000  00000000  00002000  RWIX
  ROM                   00fe0000   0001ff00  00000000  0001ff00  RWIX
  VECS                  00ffff00   00000100  00000100  00000000  RWIX


SECTION ALLOCATION MAP
(Addresses surrounded by []'s are displayed for convenience only!)

output                                                          attributes/
section   page  orgn(bytes) orgn(words) len(bytes) len(words)   input sections
--------  ----  ----------- ----------- ---------- ----------   --------------
.stack       0   [ 000000c0 ]  00000060          *   00000800   UNINITIALIZED
                 [ 000000c0 ]  00000060          *   00000800   --HOLE--

.const       0   [ 000010c0 ]  00000860          *   00000284   
                 [ 000010c0 ]  00000860          *   00000101   rts55x.lib : ctype.obj (.const:__ctypes_)
                 [ 000012c2 ]  00000961          *   00000001   --HOLE-- [fill = 0]
                 [ 000012c4 ]  00000962          *   000000df   floatPoint_directIIRTest.obj (.const:.string)
                 [ 00001482 ]  00000a41          *   00000001   --HOLE-- [fill = 0]
                 [ 00001484 ]  00000a42          *   00000024   rts55x.lib : _printfi.obj (.const:.string)
                 [ 000014cc ]  00000a66          *   00000014              : strtod.obj (.const:_digits)
                 [ 000014f4 ]  00000a7a          *   00000014              : strtold.obj (.const:_digits)
                 [ 0000151c ]  00000a8e          *   0000000c              : strtod.obj (.const:_powerof10)
                 [ 00001534 ]  00000a9a          *   0000000c              : strtold.obj (.const:_powerof10)
                 [ 0000154c ]  00000aa6          *   0000000c              : _printfi.obj (.const)
                 [ 00001564 ]  00000ab2          *   00000008              : divd.obj (.const:_initial_approx$1)
                 [ 00001574 ]  00000aba          *   00000008              : strtod.obj (.const)
                 [ 00001584 ]  00000ac2          *   00000008              : strtold.obj (.const)
                 [ 00001594 ]  00000aca          *   00000007              : _scanfi.obj (.const:_flit$1)
                 [ 000015a2 ]  00000ad1          *   00000006              : _scanfi.obj (.const:_barr$2)
                 [ 000015ae ]  00000ad7          *   00000001   --HOLE-- [fill = 0]
                 [ 000015b0 ]  00000ad8          *   00000006   floatPoint_directIIRTest.obj (.const)
                 [ 000015bc ]  00000ade          *   00000002   rts55x.lib : fputs.obj (.const:.string)
                 [ 000015c0 ]  00000ae0          *   00000002   floatPoint_directIIR.obj (.const)
                 [ 000015c4 ]  00000ae2          *   00000002   rts55x.lib : fltlid.obj (.const)

.cio         0   [ 000015c8 ]  00000ae4          *   00000120   UNINITIALIZED
                 [ 000015c8 ]  00000ae4          *   00000120   rts55x.lib : trgmsg.obj (.cio)

.sysstack 
*            0   [ 00001808 ]  00000c04          *   00000100   UNINITIALIZED
                 [ 00001808 ]  00000c04          *   00000100   --HOLE--

.cinit       0   [ 00001a08 ]  00000d04          *   000000b2   
                 [ 00001a08 ]  00000d04          *   0000003a   floatPoint_directIIRTest.obj (.cinit)
                 [ 00001a7c ]  00000d3e          *   0000002d   rts55x.lib : lowlev.obj (.cinit)
                 [ 00001ad6 ]  00000d6b          *   0000002a              : defs.obj (.cinit)
                 [ 00001b2a ]  00000d95          *   0000000a              : _lock.obj (.cinit)
                 [ 00001b3e ]  00000d9f          *   0000000a              : exit.obj (.cinit)
                 [ 00001b52 ]  00000da9          *   00000004              : errno.obj (.cinit)
                 [ 00001b5a ]  00000dad          *   00000004              : fopen.obj (.cinit)
                 [ 00001b62 ]  00000db1          *   00000004              : memory.obj (.cinit)
                 [ 00001b6a ]  00000db5          *   00000001   --HOLE-- [fill = 0]

.sysmem      0   [ 00008000 ]  00004000          *   00000800   UNINITIALIZED
                 [ 00008000 ]  00004000          *   00000800   --HOLE--

.data        0   [ 00008000 ]  00004000          *   00000000   UNINITIALIZED

.bss         0   [ 0000a000 ]  00005000          *   000002d2   UNINITIALIZED
                 [ 0000a000 ]  00005000          *   00000119   rts55x.lib : defs.obj (.bss)
                 [ 0000a232 ]  00005119          *   000000d0              : trgdrv.obj (.bss)
                 [ 0000a3d2 ]  000051e9          *   00000001              : errno.obj (.bss)
                 [ 0000a3d4 ]  000051ea          *   00000071              : lowlev.obj (.bss)
                 [ 0000a4b6 ]  0000525b          *   00000001              : fopen.obj (.bss)
                 [ 0000a4b8 ]  0000525c          *   00000068   floatPoint_directIIRTest.obj (.bss)
                 [ 0000a588 ]  000052c4          *   00000006   rts55x.lib : memory.obj (.bss)
                 [ 0000a594 ]  000052ca          *   00000004              : _lock.obj (.bss)
                 [ 0000a59c ]  000052ce          *   00000004              : exit.obj (.bss)

.text.1      0     00010000  [ 00008000 ] 00002000          *   
                   00010000  [ 00008000 ] 000015a4          *   rts55x.lib : _printfi.obj (.text)
                   000115a4  [ 00008ad2 ] 00000543          *              : lowlev.obj (.text)
                   00011ae7  [ 00008d73+] 000004b5          *              : memory.obj (.text)
                   00011f9c  [ 00008fce ] 0000005c          *              : atoi.obj (.text)
                   00011ff8  [ 00008ffc ] 00000007          *              : exit.obj (.text:CIO_breakpoint)
                   00011fff  [ 00008fff ] 00000001          *   --HOLE-- [fill = 20]

.text.2      0     00012000  [ 00009000 ] 00002000          *   
                   00012000  [ 00009000 ] 00000edb          *   rts55x.lib : _scanfi.obj (.text)
                   00012edb  [ 0000976d+] 00000528          *              : trgdrv.obj (.text)
                   00013403  [ 00009a01+] 000003cc          *              : divd.obj (.text)
                   000137cf  [ 00009be7+] 00000301          *              : strtoll.obj (.text)
                   00013ad0  [ 00009d68 ] 000002bd          *              : strtod.obj (.text)
                   00013d8d  [ 00009ec6+] 0000025e          *              : llmpy.obj (.text)
                   00013feb  [ 00009ff5+] 00000014          *              : subd.obj (.text)
                   00013fff  [ 00009fff ] 00000001          *   --HOLE-- [fill = 20]

.text.3      0     00014000  [ 0000a000 ] 00001fff          *   
                   00014000  [ 0000a000 ] 0000029f          *   rts55x.lib : strtold.obj (.text)
                   0001429f  [ 0000a14f+] 0000027f          *              : fopen.obj (.text)
                   0001451e  [ 0000a28f ] 0000025a          *              : addd.obj (.text)
                   00014778  [ 0000a3bc ] 0000024b          *              : strtoull.obj (.text)
                   000149c3  [ 0000a4e1+] 00000208          *              : strtol.obj (.text)
                   00014bcb  [ 0000a5e5+] 000001ee          *              : fwrite.obj (.text)
                   00014db9  [ 0000a6dc+] 000001ea          *              : cmpd.obj (.text)
                   00014fa3  [ 0000a7d1+] 000001e6          *   floatPoint_directIIRTest.obj (.text)
                   00015189  [ 0000a8c4+] 000001d1          *   rts55x.lib : strtoul.obj (.text)
                   0001535a  [ 0000a9ad ] 00000163          *              : fputs.obj (.text)
                   000154bd  [ 0000aa5e+] 00000161          *              : fscanf.obj (.text)
                   0001561e  [ 0000ab0f ] 0000014c          *              : mpyd.obj (.text)
                   0001576a  [ 0000abb5 ] 0000010f          *              : fread.obj (.text)
                   00015879  [ 0000ac3c+] 0000010e          *   floatPoint_directIIR.obj (.text)
                   00015987  [ 0000acc3+] 000000e6          *   rts55x.lib : setvbuf.obj (.text)
                   00015a6d  [ 0000ad36+] 000000dd          *              : _io_perm.obj (.text)
                   00015b4a  [ 0000ada5 ] 000000c2          *              : fflush.obj (.text)
                   00015c0c  [ 0000ae06 ] 000000ba          *              : trgmsg.obj (.text:CIO_breakpoint)
                   00015cc6  [ 0000ae63 ] 000000ae          *              : _bufread.obj (.text)
                   00015d74  [ 0000aeba ] 000000a6          *              : fputc.obj (.text)
                   00015e1a  [ 0000af0d ] 000000a1          *              : divul.obj (.text)
                   00015ebb  [ 0000af5d+] 0000009b          *              : fgetc.obj (.text)
                   00015f56  [ 0000afab ] 0000009a          *              : ungetc.obj (.text)
                   00015ff0  [ 0000aff8 ] 0000000c          *              : fltid.obj (.text)
                   00015ffc  [ 0000affe ] 00000002          *              : vectors.obj (.text)
                   00015ffe  [ 0000afff ] 00000001          *   --HOLE-- [fill = 20]

.text.4      0     00016000  [ 0000b000 ] 0000073a          *   
                   00016000  [ 0000b000 ] 0000007d          *   rts55x.lib : ltoa.obj (.text)
                   0001607d  [ 0000b03e+] 0000007b          *              : fclose.obj (.text)
                   000160f8  [ 0000b07c ] 00000076          *              : frcmpyd.obj (.text)
                   0001616e  [ 0000b0b7 ] 00000073          *              : frcmpyd_div.obj (.text)
                   000161e1  [ 0000b0f0+] 00000072          *              : remul.obj (.text)
                   00016253  [ 0000b129+] 0000006f          *              : fixdli.obj (.text)
                   000162c2  [ 0000b161 ] 0000006d          *              : trgmsg.obj (.text)
                   0001632f  [ 0000b197+] 0000006b          *              : fseek.obj (.text)
                   0001639a  [ 0000b1cd ] 00000067          *              : fltlid.obj (.text)
                   00016401  [ 0000b200+] 00000050          *              : printf.obj (.text)
                   00016451  [ 0000b228+] 0000004d          *              : autoinit.obj (.text)
                   0001649e  [ 0000b24f ] 0000004b          *              : args_main.obj (.text)
                   000164e9  [ 0000b274+] 0000004b          *              : remli.obj (.text)
                   00016534  [ 0000b29a ] 00000048          *              : divli.obj (.text)
                   0001657c  [ 0000b2be ] 0000003f          *              : memcpy.obj (.text)
                   000165bb  [ 0000b2dd+] 0000003e          *              : exit.obj (.text)
                   000165f9  [ 0000b2fc+] 0000003c          *              : idiv.obj (.text)
                   00016635  [ 0000b31a+] 00000034          *              : boot.obj (.text)
                   00016669  [ 0000b334+] 0000002a          *              : fixdi.obj (.text)
                   00016693  [ 0000b349+] 0000002a          *              : udiv.obj (.text)
                   000166bd  [ 0000b35e+] 00000023          *              : memccpy.obj (.text)
                   000166e0  [ 0000b370 ] 0000001a          *              : isinf.obj (.text)
                   000166fa  [ 0000b37d ] 00000013          *              : lmpy.obj (.text)
                   0001670d  [ 0000b386+] 00000012          *              : _lock.obj (.text)
                   0001671f  [ 0000b38f+] 00000010          *              : negd.obj (.text)
                   0001672f  [ 0000b397+] 0000000a          *              : remove.obj (.text)
                   00016739  [ 0000b39c ] 00000001          *   --HOLE-- [fill = 20]

vectors      0     00ffff00  [ 007fff80 ] 00000100          *   NOLOAD SECTION
                   00ffff00  [ 007fff80 ] 00000100          *   rts55x.lib : vectors.obj (vectors)


GLOBAL SYMBOLS: SORTED ALPHABETICALLY BY Name 

abs. value/
byte addr   word addr   name
---------   ---------   ----
00000002                $TI_capability$C5500$CallingConvention
00000002                $TI_capability$C5500$MemoryModel
00000001                $TI_capability_requires_rev3
            00005000    .bss
            00004000    .data
ffffffff                .text
00011ff9                C$$EXIT
00015cc1                C$$IO$$
000165f9                I$$DIV
000166fa                I$$LMPY
00016618                I$$MOD
00016693                I$$UDIV
000166a8                I$$UMOD
000133a5                _HOSTclock
0001333a                _HOSTclose
00013285                _HOSTlseek
000131e6                _HOSTopen
00013159                _HOSTread
000130ab                _HOSTrename
0001304d                _HOSTtime
00012fe3                _HOSTunlink
00012f56                _HOSTwrite
00ffff00                _Reset
            00000ae4    __CIOBUF_
            00000860    __STACK_END
00001000                __STACK_SIZE
00001000                __SYSMEM_SIZE
00000200                __SYSSTACK_SIZE
00000001                __TI_args_main
ffffffff                ___binit__
            00005000    ___bss__
ffffffff                ___c_args__
            00000d04    ___cinit__
            00004000    ___data__
            00004000    ___edata__
            000052d2    ___end__
ffffffff                ___etext__
000166e0                ___isinf
ffffffff                ___pinit__
ffffffff                ___text__
0001451e                __addd
0001649e                __args_main
00015cc6                __buff_read
000143c0                __cleanup
            000052ce    __cleanup_ptr
00014f4b                __cmpd
            00000860    __ctypes_
00013403                __divd
000165f9                __divi
00016534                __divli
00013fb6                __divlli
00016693                __divu
00015e1a                __divul
00013ec2                __divull
00015b4a                __doflush
            000052d0    __dtors_ptr
00014f17                __eqld
00016669                __fixdi
00016253                __fixdli
00015ff0                __fltid
0001639a                __fltlid
000160f8                __frcmpyd
0001616e                __frcmpyd_div
            00005118    __ft_end
            00005000    __ftable
00014ecd                __geqd
00014e82                __gtrd
00014e35                __leqd
            000052ca    __lock
00014ded                __lssd
0001561e                __mpyd
000166fa                __mpyli
00013e0a                __mpylli
0001671f                __negd
00014db9                __neqd
0001671d                __nop
00011362                __printfi
00015aed                __rd_ok
00016715                __register_lock
0001670d                __register_unlock
00016618                __remi
000164e9                __remli
00013ddb                __remlli
000166a8                __remu
000161e1                __remul
00013d8d                __remull
000129d3                __scanfi
            00000060    __stack
00013feb                __subd
            00004000    __sys_memory
            00000c04    __sysstack
            00005078    __tmpnams
            000052cc    __unlock
00015a6d                __wrt_ok
00011ff8                _abort
000119f7                _add_device
00011f9c                _atoi
00016451                _auto_init
00016635                _c_int00
00011f76                _calloc
00011f6e                _chkheap
00011984                _close
            00005276    _den
            000051e9    _errno
000165bb                _exit
0001607d                _fclose
00015bb3                _fflush
00015ebb                _fgetc
0001197b                _find_registered_device
00015879                _floatPoint_IIR
000144e3                _fopen
00015d74                _fputc
0001535a                _fputs
0001576a                _fread
00011ae7                _free
00011f18                _free_memory
0001441a                _freopen
000154f9                _fscanf
0001632f                _fseek
00014bcb                _fwrite
00015ebb                _getc
00015f47                _getchar
00012edb                _getenv
00011915                _lseek
00016000                _ltoa
00014fa3                _main
00011c18                _malloc
00011ebe                _max_free
000166bd                _memccpy
0001657c                _memcpy
00011bb3                _minit
            0000525c    _num
00011856                _open
00016401                _printf
00015d74                _putc
00015e0b                _putchar
0001548f                _puts
000117a8                _read
000162c2                _readmsg
00011d0d                _realloc
0001672f                _remove
00011772                _remove_device
00011719                _rename
000154bd                _scanf
00015987                _setvbuf
00013ad0                _strtod
000149c3                _strtol
00014000                _strtold
000137cf                _strtoll
00015189                _strtoul
00014778                _strtoull
00015f56                _ungetc
000116e6                _unlink
000115a4                _write
00015c0c                _writemsg
            00005290    _x
            000052aa    _y
ffffffff                binit
            00000d04    cinit
            00004000    edata
            000052d2    end
ffffffff                etext
ffffffff                pinit


GLOBAL SYMBOLS: SORTED BY Symbol Address 

abs. value/
byte addr   word addr   name
---------   ---------   ----
00000001                $TI_capability_requires_rev3
00000001                __TI_args_main
00000002                $TI_capability$C5500$CallingConvention
00000002                $TI_capability$C5500$MemoryModel
            00000060    __stack
00000200                __SYSSTACK_SIZE
00001000                __STACK_SIZE
00001000                __SYSMEM_SIZE
            00000860    __STACK_END
            00000860    __ctypes_
            00000ae4    __CIOBUF_
            00000c04    __sysstack
            00000d04    ___cinit__
            00000d04    cinit
            00004000    .data
            00004000    ___data__
            00004000    ___edata__
            00004000    __sys_memory
            00004000    edata
            00005000    .bss
            00005000    ___bss__
            00005000    __ftable
            00005078    __tmpnams
            00005118    __ft_end
            000051e9    _errno
            0000525c    _num
            00005276    _den
            00005290    _x
            000052aa    _y
            000052ca    __lock
            000052cc    __unlock
            000052ce    __cleanup_ptr
            000052d0    __dtors_ptr
            000052d2    ___end__
            000052d2    end
00011362                __printfi
000115a4                _write
000116e6                _unlink
00011719                _rename
00011772                _remove_device
000117a8                _read
00011856                _open
00011915                _lseek
0001197b                _find_registered_device
00011984                _close
000119f7                _add_device
00011ae7                _free
00011bb3                _minit
00011c18                _malloc
00011d0d                _realloc
00011ebe                _max_free
00011f18                _free_memory
00011f6e                _chkheap
00011f76                _calloc
00011f9c                _atoi
00011ff8                _abort
00011ff9                C$$EXIT
000129d3                __scanfi
00012edb                _getenv
00012f56                _HOSTwrite
00012fe3                _HOSTunlink
0001304d                _HOSTtime
000130ab                _HOSTrename
00013159                _HOSTread
000131e6                _HOSTopen
00013285                _HOSTlseek
0001333a                _HOSTclose
000133a5                _HOSTclock
00013403                __divd
000137cf                _strtoll
00013ad0                _strtod
00013d8d                __remull
00013ddb                __remlli
00013e0a                __mpylli
00013ec2                __divull
00013fb6                __divlli
00013feb                __subd
00014000                _strtold
000143c0                __cleanup
0001441a                _freopen
000144e3                _fopen
0001451e                __addd
00014778                _strtoull
000149c3                _strtol
00014bcb                _fwrite
00014db9                __neqd
00014ded                __lssd
00014e35                __leqd
00014e82                __gtrd
00014ecd                __geqd
00014f17                __eqld
00014f4b                __cmpd
00014fa3                _main
00015189                _strtoul
0001535a                _fputs
0001548f                _puts
000154bd                _scanf
000154f9                _fscanf
0001561e                __mpyd
0001576a                _fread
00015879                _floatPoint_IIR
00015987                _setvbuf
00015a6d                __wrt_ok
00015aed                __rd_ok
00015b4a                __doflush
00015bb3                _fflush
00015c0c                _writemsg
00015cc1                C$$IO$$
00015cc6                __buff_read
00015d74                _fputc
00015d74                _putc
00015e0b                _putchar
00015e1a                __divul
00015ebb                _fgetc
00015ebb                _getc
00015f47                _getchar
00015f56                _ungetc
00015ff0                __fltid
00016000                _ltoa
0001607d                _fclose
000160f8                __frcmpyd
0001616e                __frcmpyd_div
000161e1                __remul
00016253                __fixdli
000162c2                _readmsg
0001632f                _fseek
0001639a                __fltlid
00016401                _printf
00016451                _auto_init
0001649e                __args_main
000164e9                __remli
00016534                __divli
0001657c                _memcpy
000165bb                _exit
000165f9                I$$DIV
000165f9                __divi
00016618                I$$MOD
00016618                __remi
00016635                _c_int00
00016669                __fixdi
00016693                I$$UDIV
00016693                __divu
000166a8                I$$UMOD
000166a8                __remu
000166bd                _memccpy
000166e0                ___isinf
000166fa                I$$LMPY
000166fa                __mpyli
0001670d                __register_unlock
00016715                __register_lock
0001671d                __nop
0001671f                __negd
0001672f                _remove
00ffff00                _Reset
ffffffff                .text
ffffffff                ___binit__
ffffffff                ___c_args__
ffffffff                ___etext__
ffffffff                ___pinit__
ffffffff                ___text__
ffffffff                binit
ffffffff                etext
ffffffff                pinit

[163 symbols]
