******************************************************************************
              TMS320C55x Linker PC v4.4.1                      
******************************************************************************
>> Linked Mon Mar 15 19:06:44 2021

OUTPUT FILE NAME:   <15_realtimeIIR.out>
ENTRY POINT SYMBOL: "_c_int00"  address: 00014ed1


MEMORY CONFIGURATION

         name            origin    length      used     unused   attr    fill
                        (bytes)   (bytes)    (bytes)   (bytes)
----------------------  --------  ---------  --------  --------  ----  --------
  MMR                   00000000   000000c0  00000000  000000c0  RWIX
  DARAM0                000000c0   00001f40  000018bc  00000684  RWIX
  DARAM1                00002000   00002000  00000100  00001f00  RWIX
  DARAM2                00004000   00002000  00000000  00002000  RWIX
  DARAM3                00006000   00002000  00000000  00002000  RWIX
  DARAM4                00008000   00002000  00001000  00001000  RWIX
  DARAM5                0000a000   00002000  00000b4e  000014b2  RWIX
  DARAM6                0000c000   00002000  00000000  00002000  RWIX
  DARAM7                0000e000   00002000  00000000  00002000  RWIX
  SARAM0                00010000   00002000  00001ffc  00000004  RWIX
  SARAM1                00012000   00002000  00001ffe  00000002  RWIX
  SARAM2                00014000   00002000  00000fea  00001016  RWIX
  SARAM3                00016000   00002000  00000000  00002000  RWIX
  SARAM4                00018000   00002000  00000000  00002000  RWIX
  SARAM5                0001a000   00002000  00000000  00002000  RWIX
  SARAM6                0001c000   00002000  00000000  00002000  RWIX
  SARAM7                0001e000   00002000  00000000  00002000  RWIX
  SARAM8                00020000   00002000  00000000  00002000  RWIX
  SARAM9                00022000   00002000  00000000  00002000  RWIX
  SARAM10               00024000   00002000  00000000  00002000  RWIX
  SARAM11               00026000   00002000  00000000  00002000  RWIX
  SARAM12               00028000   00002000  00000000  00002000  RWIX
  SARAM13               0002a000   00002000  00000000  00002000  RWIX
  SARAM14               0002c000   00002000  00000000  00002000  RWIX
  SARAM15               0002e000   00002000  00000000  00002000  RWIX
  SARAM16               00030000   00002000  00000000  00002000  RWIX
  SARAM17               00032000   00002000  00000000  00002000  RWIX
  SARAM18               00034000   00002000  00000000  00002000  RWIX
  SARAM19               00036000   00002000  00000000  00002000  RWIX
  SARAM20               00038000   00002000  00000000  00002000  RWIX
  SARAM21               0003a000   00002000  00000000  00002000  RWIX
  SARAM22               0003c000   00002000  00000000  00002000  RWIX
  SARAM23               0003e000   00002000  00000000  00002000  RWIX
  SARAM24               00040000   00002000  00000000  00002000  RWIX
  SARAM25               00042000   00002000  00000000  00002000  RWIX
  SARAM26               00044000   00002000  00000000  00002000  RWIX
  SARAM27               00046000   00002000  00000000  00002000  RWIX
  SARAM28               00048000   00002000  00000000  00002000  RWIX
  SARAM29               0004a000   00002000  00000000  00002000  RWIX
  SARAM30               0004c000   00002000  00000000  00002000  RWIX
  SARAM31               0004e000   00002000  00000000  00002000  RWIX
  ROM                   00fe0000   0001ff00  00000000  0001ff00  RWIX
  VECS                  00ffff00   00000100  00000100  00000000  RWIX


SECTION ALLOCATION MAP
(Addresses surrounded by []'s are displayed for convenience only!)

output                                                          attributes/
section   page  orgn(bytes) orgn(words) len(bytes) len(words)   input sections
--------  ----  ----------- ----------- ---------- ----------   --------------
.stack       0   [ 000000c0 ]  00000060          *   00000800   UNINITIALIZED
                 [ 000000c0 ]  00000060          *   00000800   --HOLE--

.const       0   [ 000010c0 ]  00000860          *   000001ae   
                 [ 000010c0 ]  00000860          *   00000101   rts55x.lib : ctype.obj (.const:__ctypes_)
                 [ 000012c2 ]  00000961          *   00000001   --HOLE-- [fill = 0]
                 [ 000012c4 ]  00000962          *   00000024              : _printfi.obj (.const:.string)
                 [ 0000130c ]  00000986          *   0000001f   realtimeIIRTest.obj (.const:.string)
                 [ 0000134a ]  000009a5          *   0000001b   iirFilter.obj (.const:_DEN)
                 [ 00001380 ]  000009c0          *   0000001b   iirFilter.obj (.const:_NUM)
                 [ 000013b6 ]  000009db          *   00000001   --HOLE-- [fill = 0]
                 [ 000013b8 ]  000009dc          *   0000001a   iirFilter.obj (.const:.string)
                 [ 000013ec ]  000009f6          *   0000000c   rts55x.lib : _printfi.obj (.const)
                 [ 00001404 ]  00000a02          *   00000008              : divd.obj (.const:_initial_approx$1)
                 [ 00001414 ]  00000a0a          *   00000002              : fputs.obj (.const:.string)
                 [ 00001418 ]  00000a0c          *   00000002              : fltlid.obj (.const)

.cio         0   [ 00001420 ]  00000a10          *   00000120   UNINITIALIZED
                 [ 00001420 ]  00000a10          *   00000120   rts55x.lib : trgmsg.obj (.cio)

.sysstack 
*            0   [ 00001660 ]  00000b30          *   00000100   UNINITIALIZED
                 [ 00001660 ]  00000b30          *   00000100   --HOLE--

.cinit       0   [ 00001860 ]  00000c30          *   00000090   
                 [ 00001860 ]  00000c30          *   0000002d   rts55x.lib : lowlev.obj (.cinit)
                 [ 000018ba ]  00000c5d          *   0000002a              : defs.obj (.cinit)
                 [ 0000190e ]  00000c87          *   00000018   dma.obj (.cinit)
                 [ 0000193e ]  00000c9f          *   0000000a   rts55x.lib : _lock.obj (.cinit)
                 [ 00001952 ]  00000ca9          *   0000000a              : exit.obj (.cinit)
                 [ 00001966 ]  00000cb3          *   00000004   i2s.obj (.cinit)
                 [ 0000196e ]  00000cb7          *   00000004   rts55x.lib : fopen.obj (.cinit)
                 [ 00001976 ]  00000cbb          *   00000004              : memory.obj (.cinit)
                 [ 0000197e ]  00000cbf          *   00000001   --HOLE-- [fill = 0]

vector       0     00002000  [ 00001000 ] 00000100          *   
                   00002000  [ 00001000 ] 00000100          *   vector.obj (vector)

.sysmem      0   [ 00008000 ]  00004000          *   00000800   UNINITIALIZED
                 [ 00008000 ]  00004000          *   00000800   --HOLE--

.data        0   [ 00008000 ]  00004000          *   00000000   UNINITIALIZED

.bss         0   [ 0000a000 ]  00005000          *   000005a7   UNINITIALIZED
                 [ 0000a000 ]  00005000          *   00000324   iirFilter.obj (.bss)
                 [ 0000a648 ]  00005324          *   00000119   rts55x.lib : defs.obj (.bss)
                 [ 0000a87a ]  0000543d          *   000000d0              : trgdrv.obj (.bss)
                 [ 0000aa1a ]  0000550d          *   00000001   i2s.obj (.bss)
                 [ 0000aa1c ]  0000550e          *   00000071   rts55x.lib : lowlev.obj (.bss)
                 [ 0000aafe ]  0000557f          *   00000001              : fopen.obj (.bss)
                 [ 0000ab00 ]  00005580          *   00000016   dma.obj (.bss)
                 [ 0000ab2c ]  00005596          *   00000006   rts55x.lib : memory.obj (.bss)
                 [ 0000ab38 ]  0000559c          *   00000004              : _lock.obj (.bss)
                 [ 0000ab40 ]  000055a0          *   00000004              : exit.obj (.bss)
                 [ 0000ab48 ]  000055a4          *   00000003   AIC3204_init.obj (.bss)

.text.1      0     00010000  [ 00008000 ] 00001ffc          *   
                   00010000  [ 00008000 ] 000015a4          *   rts55x.lib : _printfi.obj (.text)
                   000115a4  [ 00008ad2 ] 00000543          *              : lowlev.obj (.text)
                   00011ae7  [ 00008d73+] 000004b5          *              : memory.obj (.text)
                   00011f9c  [ 00008fce ] 0000005c          *              : atoi.obj (.text)
                   00011ff8  [ 00008ffc ] 00000002          *              : vectors.obj (.text)
                   00011ffa  [ 00008ffd ] 00000002          *   --HOLE-- [fill = 20]

.text.2      0     00012000  [ 00009000 ] 00001ffe          *   
                   00012000  [ 00009000 ] 00000528          *   rts55x.lib : trgdrv.obj (.text)
                   00012528  [ 00009294 ] 000003cc          *              : divd.obj (.text)
                   000128f4  [ 0000947a ] 00000378          *   iirFilter.obj (.text)
                   00012c6c  [ 00009636 ] 0000032e          *   AIC3204_init.obj (.text)
                   00012f9a  [ 000097cd ] 000002e5          *   dma.obj (.text)
                   0001327f  [ 0000993f+] 00000298          *   i2s_register.obj (.text)
                   00013517  [ 00009a8b+] 0000027f          *   rts55x.lib : fopen.obj (.text)
                   00013796  [ 00009bcb ] 0000025e          *              : llmpy.obj (.text)
                   000139f4  [ 00009cfa ] 0000025a          *              : addd.obj (.text)
                   00013c4e  [ 00009e27 ] 000001ea          *              : cmpd.obj (.text)
                   00013e38  [ 00009f1c ] 000001be          *   dma.obj (.text:retain)
                   00013ff6  [ 00009ffb ] 00000007          *   rts55x.lib : exit.obj (.text:CIO_breakpoint)
                   00013ffd  [ 00009ffe ] 00000001          *   --HOLE-- [fill = 20]

.text.3      0     00014000  [ 0000a000 ] 00000fea          *   
                   00014000  [ 0000a000 ] 00000163          *   rts55x.lib : fputs.obj (.text)
                   00014163  [ 0000a0b1+] 0000014c          *              : mpyd.obj (.text)
                   000142af  [ 0000a157+] 000000e6          *              : setvbuf.obj (.text)
                   00014395  [ 0000a1ca+] 000000dd          *              : _io_perm.obj (.text)
                   00014472  [ 0000a239 ] 000000c2          *              : fflush.obj (.text)
                   00014534  [ 0000a29a ] 000000ba          *              : trgmsg.obj (.text:CIO_breakpoint)
                   000145ee  [ 0000a2f7 ] 000000a6          *              : fputc.obj (.text)
                   00014694  [ 0000a34a ] 000000a1          *              : divul.obj (.text)
                   00014735  [ 0000a39a+] 0000007d          *              : ltoa.obj (.text)
                   000147b2  [ 0000a3d9 ] 0000007b          *              : fclose.obj (.text)
                   0001482d  [ 0000a416 ] 00000001          *   --HOLE-- [fill = 20]
                   0001482e  [ 0000a417 ] 00000079          *   vector.obj (.text)
                   000148a7  [ 0000a453+] 00000076          *   rts55x.lib : frcmpyd.obj (.text)
                   0001491d  [ 0000a48e+] 00000074          *   asmIIR.obj (.text:iir_code)
                   00014991  [ 0000a4c8+] 00000073          *   rts55x.lib : frcmpyd_div.obj (.text)
                   00014a04  [ 0000a502 ] 00000072          *              : remul.obj (.text)
                   00014a76  [ 0000a53b ] 0000006f          *              : fixdli.obj (.text)
                   00014ae5  [ 0000a572+] 0000006d          *              : trgmsg.obj (.text)
                   00014b52  [ 0000a5a9 ] 0000006b          *              : fseek.obj (.text)
                   00014bbd  [ 0000a5de+] 00000067          *              : fltlid.obj (.text)
                   00014c24  [ 0000a612 ] 00000064          *   realtimeIIRTest.obj (.text)
                   00014c88  [ 0000a644 ] 00000051          *   i2s.obj (.text)
                   00014cd9  [ 0000a66c+] 00000050          *   rts55x.lib : printf.obj (.text)
                   00014d29  [ 0000a694+] 0000004d          *              : autoinit.obj (.text)
                   00014d76  [ 0000a6bb ] 0000004b          *              : args_main.obj (.text)
                   00014dc1  [ 0000a6e0+] 0000004b          *              : remli.obj (.text)
                   00014e0c  [ 0000a706 ] 00000048          *              : divli.obj (.text)
                   00014e54  [ 0000a72a ] 0000003f          *              : memcpy.obj (.text)
                   00014e93  [ 0000a749+] 0000003e          *              : exit.obj (.text)
                   00014ed1  [ 0000a768+] 00000034          *              : boot.obj (.text)
                   00014f05  [ 0000a782+] 0000002a          *              : fixdi.obj (.text)
                   00014f2f  [ 0000a797+] 0000002a          *              : udiv.obj (.text)
                   00014f59  [ 0000a7ac+] 00000023          *              : memccpy.obj (.text)
                   00014f7c  [ 0000a7be ] 0000001a          *              : isinf.obj (.text)
                   00014f96  [ 0000a7cb ] 00000014          *              : subd.obj (.text)
                   00014faa  [ 0000a7d5 ] 00000013          *              : lmpy.obj (.text)
                   00014fbd  [ 0000a7de+] 00000012          *              : _lock.obj (.text)
                   00014fcf  [ 0000a7e7+] 00000010          *              : negd.obj (.text)
                   00014fdf  [ 0000a7ef+] 0000000a          *              : remove.obj (.text)
                   00014fe9  [ 0000a7f4 ] 00000001          *   --HOLE-- [fill = 20]

vectors      0     00ffff00  [ 007fff80 ] 00000100          *   NOLOAD SECTION
                   00ffff00  [ 007fff80 ] 00000100          *   rts55x.lib : vectors.obj (vectors)


GLOBAL SYMBOLS: SORTED ALPHABETICALLY BY Name 

abs. value/
byte addr   word addr   name
---------   ---------   ----
00000002                $TI_capability$C5500$CallingConvention
00000002                $TI_capability$C5500$MemoryModel
00000001                $TI_capability_requires_rev3
            00005000    .bss
            00004000    .data
ffffffff                .text
00013ff7                C$$EXIT
000145e9                C$$IO$$
00014faa                I$$LMPY
00014f2f                I$$UDIV
00014f44                I$$UMOD
00012c6c                _AIC3204_init
            0000550d    _Buf_Address
            00005300    _C
            00005590    _CurrentRxL_DMAChannel
            00005591    _CurrentRxR_DMAChannel
            00005592    _CurrentTxL_DMAChannel
            00005593    _CurrentTxR_DMAChannel
            000009a5    _DEN
00013e38                _DMA_Isr
000124ca                _HOSTclock
0001245f                _HOSTclose
000123aa                _HOSTlseek
0001230b                _HOSTopen
0001227e                _HOSTread
000121d0                _HOSTrename
00012172                _HOSTtime
00012108                _HOSTunlink
0001207b                _HOSTwrite
            000009c0    _NUM
00002000                _RST
            00005180    _RcvL1
            00005240    _RcvL2
            000051e0    _RcvR1
            000052a0    _RcvR2
00ffff00                _Reset
            00005580    _RxL1_DMA_address
            00005582    _RxL2_DMA_address
            00005584    _RxR1_DMA_address
            00005586    _RxR2_DMA_address
            00005588    _TxL1_DMA_address
            0000558a    _TxL2_DMA_address
            0000558c    _TxR1_DMA_address
            0000558e    _TxR2_DMA_address
            00005000    _XmitL1
            000050c0    _XmitL2
            00005060    _XmitR1
            00005120    _XmitR2
            00000a10    __CIOBUF_
            00000860    __STACK_END
00001000                __STACK_SIZE
00001000                __SYSMEM_SIZE
00000200                __SYSSTACK_SIZE
00000001                __TI_args_main
ffffffff                ___binit__
            00005000    ___bss__
ffffffff                ___c_args__
            00000c30    ___cinit__
            00004000    ___data__
            00004000    ___edata__
            000055a7    ___end__
ffffffff                ___etext__
00014f7c                ___isinf
ffffffff                ___pinit__
ffffffff                ___text__
000139f4                __addd
00014d76                __args_main
00013638                __cleanup
            000055a0    __cleanup_ptr
00013de0                __cmpd
            00000860    __ctypes_
00012528                __divd
00014e0c                __divli
000139bf                __divlli
00014f2f                __divu
00014694                __divul
000138cb                __divull
00014472                __doflush
            000055a2    __dtors_ptr
00013dac                __eqld
00014f05                __fixdi
00014a76                __fixdli
00014bbd                __fltlid
000148a7                __frcmpyd
00014991                __frcmpyd_div
            0000543c    __ft_end
            00005324    __ftable
00013d62                __geqd
00013d17                __gtrd
00013cca                __leqd
            0000559c    __lock
00013c82                __lssd
00014163                __mpyd
00014faa                __mpyli
00013813                __mpylli
00014fcf                __negd
00013c4e                __neqd
00014fcd                __nop
00011362                __printfi
00014415                __rd_ok
00014fc5                __register_lock
00014fbd                __register_unlock
00014dc1                __remli
000137e4                __remlli
00014f44                __remu
00014a04                __remul
00013796                __remull
            00000060    __stack
00014f96                __subd
            00004000    __sys_memory
            00000b30    __sysstack
            0000539c    __tmpnams
            0000559e    __unlock
00014395                __wrt_ok
00013ff6                _abort
000119f7                _add_device
0001491d                _asmIIR
00011f9c                _atoi
00014d29                _auto_init
00014ed1                _c_int00
00011f76                _calloc
00011f6e                _chkheap
00011984                _close
000134df                _disable_i2s0
000134ed                _disable_i2s1
000134fb                _disable_i2s2
00013509                _disable_i2s3
00013272                _enable_dma_int
000134a7                _enable_i2s0
000134b5                _enable_i2s1
000134c3                _enable_i2s2
000134d1                _enable_i2s3
00014e93                _exit
000147b2                _fclose
000144db                _fflush
0001197b                _find_registered_device
0001375b                _fopen
000145ee                _fputc
00014000                _fputs
00011ae7                _free
00011f18                _free_memory
00013692                _freopen
00014b52                _fseek
00012000                _getenv
0001327f                _i2s0_read_CR
000132c7                _i2s0_read_INTR
000132cd                _i2s0_read_INT_MASK
000132d9                _i2s0_read_RXL_LSW
000132e5                _i2s0_read_RXL_MSW
000132f1                _i2s0_read_RXR_LSW
000132fd                _i2s0_read_RXR_MSW
0001328b                _i2s0_read_SRGR
00013297                _i2s0_read_TXL_LSW
000132a3                _i2s0_read_TXL_MSW
000132af                _i2s0_read_TXR_LSW
000132bb                _i2s0_read_TXR_MSW
00013285                _i2s0_write_CR
000132d3                _i2s0_write_INT_MASK
000132df                _i2s0_write_RXL_LSW
000132eb                _i2s0_write_RXL_MSW
000132f7                _i2s0_write_RXR_LSW
00013303                _i2s0_write_RXR_MSW
00013291                _i2s0_write_SRGR
0001329d                _i2s0_write_TXL_LSW
000132a9                _i2s0_write_TXL_MSW
000132b5                _i2s0_write_TXR_LSW
000132c1                _i2s0_write_TXR_MSW
00013309                _i2s1_read_CR
00013351                _i2s1_read_INTR
00013357                _i2s1_read_INT_MASK
00013363                _i2s1_read_RXL_LSW
0001336f                _i2s1_read_RXL_MSW
0001337b                _i2s1_read_RXR_LSW
00013387                _i2s1_read_RXR_MSW
00013315                _i2s1_read_SRGR
00013321                _i2s1_read_TXL_LSW
0001332d                _i2s1_read_TXL_MSW
00013339                _i2s1_read_TXR_LSW
00013345                _i2s1_read_TXR_MSW
0001330f                _i2s1_write_CR
0001335d                _i2s1_write_INT_MASK
00013369                _i2s1_write_RXL_LSW
00013375                _i2s1_write_RXL_MSW
00013381                _i2s1_write_RXR_LSW
0001338d                _i2s1_write_RXR_MSW
0001331b                _i2s1_write_SRGR
00013327                _i2s1_write_TXL_LSW
00013333                _i2s1_write_TXL_MSW
0001333f                _i2s1_write_TXR_LSW
0001334b                _i2s1_write_TXR_MSW
00013393                _i2s2_read_CR
000133db                _i2s2_read_INTR
000133e1                _i2s2_read_INT_MASK
000133ed                _i2s2_read_RXL_LSW
000133f9                _i2s2_read_RXL_MSW
00013405                _i2s2_read_RXR_LSW
00013411                _i2s2_read_RXR_MSW
0001339f                _i2s2_read_SRGR
000133ab                _i2s2_read_TXL_LSW
000133b7                _i2s2_read_TXL_MSW
000133c3                _i2s2_read_TXR_LSW
000133cf                _i2s2_read_TXR_MSW
00013399                _i2s2_write_CR
000133e7                _i2s2_write_INT_MASK
000133f3                _i2s2_write_RXL_LSW
000133ff                _i2s2_write_RXL_MSW
0001340b                _i2s2_write_RXR_LSW
00013417                _i2s2_write_RXR_MSW
000133a5                _i2s2_write_SRGR
000133b1                _i2s2_write_TXL_LSW
000133bd                _i2s2_write_TXL_MSW
000133c9                _i2s2_write_TXR_LSW
000133d5                _i2s2_write_TXR_MSW
0001341d                _i2s3_read_CR
00013465                _i2s3_read_INTR
0001346b                _i2s3_read_INT_MASK
00013477                _i2s3_read_RXL_LSW
00013483                _i2s3_read_RXL_MSW
0001348f                _i2s3_read_RXR_LSW
0001349b                _i2s3_read_RXR_MSW
00013429                _i2s3_read_SRGR
00013435                _i2s3_read_TXL_LSW
00013441                _i2s3_read_TXL_MSW
0001344d                _i2s3_read_TXR_LSW
00013459                _i2s3_read_TXR_MSW
00013423                _i2s3_write_CR
00013471                _i2s3_write_INT_MASK
0001347d                _i2s3_write_RXL_LSW
00013489                _i2s3_write_RXL_MSW
00013495                _i2s3_write_RXR_LSW
000134a1                _i2s3_write_RXR_MSW
0001342f                _i2s3_write_SRGR
0001343b                _i2s3_write_TXL_LSW
00013447                _i2s3_write_TXL_MSW
00013453                _i2s3_write_TXR_LSW
0001345f                _i2s3_write_TXR_MSW
00012a4a                _iirFilter
000128f4                _iirFilter_init
            00005594    _leftChannel
00011915                _lseek
00014735                _ltoa
00014c24                _main
00011c18                _malloc
00011ebe                _max_free
00014f59                _memccpy
00014e54                _memcpy
00011bb3                _minit
00011856                _open
00014cd9                _printf
000145ee                _putc
00014685                _putchar
00014135                _puts
000117a8                _read
00014ae5                _readmsg
00011d0d                _realloc
00014fdf                _remove
00011772                _remove_device
00011719                _rename
            00005595    _rightChannel
00012f9a                _setDMA_address
000130fa                _set_dma0_ch0_i2s0_Lout
000130a2                _set_dma0_ch0_stop
00013158                _set_dma0_ch1_i2s0_Rout
000130b8                _set_dma0_ch1_stop
000131b6                _set_dma0_ch2_i2s0_Lin
000130ce                _set_dma0_ch2_stop
00013214                _set_dma0_ch3_i2s0_Rin
000130e4                _set_dma0_ch3_stop
00014c88                _set_i2s0_master
00014cb7                _set_i2s0_slave
000142af                _setvbuf
000116e6                _unlink
            00005314    _w1
            0000531c    _w2
000115a4                _write
00014534                _writemsg
ffffffff                binit
            00000c30    cinit
            00004000    edata
            000055a7    end
ffffffff                etext
ffffffff                pinit
0001482e                reset_isr


GLOBAL SYMBOLS: SORTED BY Symbol Address 

abs. value/
byte addr   word addr   name
---------   ---------   ----
00000001                $TI_capability_requires_rev3
00000001                __TI_args_main
00000002                $TI_capability$C5500$CallingConvention
00000002                $TI_capability$C5500$MemoryModel
            00000060    __stack
00000200                __SYSSTACK_SIZE
00001000                __STACK_SIZE
00001000                __SYSMEM_SIZE
            00000860    __STACK_END
            00000860    __ctypes_
            000009a5    _DEN
            000009c0    _NUM
            00000a10    __CIOBUF_
            00000b30    __sysstack
            00000c30    ___cinit__
            00000c30    cinit
00002000                _RST
            00004000    .data
            00004000    ___data__
            00004000    ___edata__
            00004000    __sys_memory
            00004000    edata
            00005000    .bss
            00005000    _XmitL1
            00005000    ___bss__
            00005060    _XmitR1
            000050c0    _XmitL2
            00005120    _XmitR2
            00005180    _RcvL1
            000051e0    _RcvR1
            00005240    _RcvL2
            000052a0    _RcvR2
            00005300    _C
            00005314    _w1
            0000531c    _w2
            00005324    __ftable
            0000539c    __tmpnams
            0000543c    __ft_end
            0000550d    _Buf_Address
            00005580    _RxL1_DMA_address
            00005582    _RxL2_DMA_address
            00005584    _RxR1_DMA_address
            00005586    _RxR2_DMA_address
            00005588    _TxL1_DMA_address
            0000558a    _TxL2_DMA_address
            0000558c    _TxR1_DMA_address
            0000558e    _TxR2_DMA_address
            00005590    _CurrentRxL_DMAChannel
            00005591    _CurrentRxR_DMAChannel
            00005592    _CurrentTxL_DMAChannel
            00005593    _CurrentTxR_DMAChannel
            00005594    _leftChannel
            00005595    _rightChannel
            0000559c    __lock
            0000559e    __unlock
            000055a0    __cleanup_ptr
            000055a2    __dtors_ptr
            000055a7    ___end__
            000055a7    end
00011362                __printfi
000115a4                _write
000116e6                _unlink
00011719                _rename
00011772                _remove_device
000117a8                _read
00011856                _open
00011915                _lseek
0001197b                _find_registered_device
00011984                _close
000119f7                _add_device
00011ae7                _free
00011bb3                _minit
00011c18                _malloc
00011d0d                _realloc
00011ebe                _max_free
00011f18                _free_memory
00011f6e                _chkheap
00011f76                _calloc
00011f9c                _atoi
00012000                _getenv
0001207b                _HOSTwrite
00012108                _HOSTunlink
00012172                _HOSTtime
000121d0                _HOSTrename
0001227e                _HOSTread
0001230b                _HOSTopen
000123aa                _HOSTlseek
0001245f                _HOSTclose
000124ca                _HOSTclock
00012528                __divd
000128f4                _iirFilter_init
00012a4a                _iirFilter
00012c6c                _AIC3204_init
00012f9a                _setDMA_address
000130a2                _set_dma0_ch0_stop
000130b8                _set_dma0_ch1_stop
000130ce                _set_dma0_ch2_stop
000130e4                _set_dma0_ch3_stop
000130fa                _set_dma0_ch0_i2s0_Lout
00013158                _set_dma0_ch1_i2s0_Rout
000131b6                _set_dma0_ch2_i2s0_Lin
00013214                _set_dma0_ch3_i2s0_Rin
00013272                _enable_dma_int
0001327f                _i2s0_read_CR
00013285                _i2s0_write_CR
0001328b                _i2s0_read_SRGR
00013291                _i2s0_write_SRGR
00013297                _i2s0_read_TXL_LSW
0001329d                _i2s0_write_TXL_LSW
000132a3                _i2s0_read_TXL_MSW
000132a9                _i2s0_write_TXL_MSW
000132af                _i2s0_read_TXR_LSW
000132b5                _i2s0_write_TXR_LSW
000132bb                _i2s0_read_TXR_MSW
000132c1                _i2s0_write_TXR_MSW
000132c7                _i2s0_read_INTR
000132cd                _i2s0_read_INT_MASK
000132d3                _i2s0_write_INT_MASK
000132d9                _i2s0_read_RXL_LSW
000132df                _i2s0_write_RXL_LSW
000132e5                _i2s0_read_RXL_MSW
000132eb                _i2s0_write_RXL_MSW
000132f1                _i2s0_read_RXR_LSW
000132f7                _i2s0_write_RXR_LSW
000132fd                _i2s0_read_RXR_MSW
00013303                _i2s0_write_RXR_MSW
00013309                _i2s1_read_CR
0001330f                _i2s1_write_CR
00013315                _i2s1_read_SRGR
0001331b                _i2s1_write_SRGR
00013321                _i2s1_read_TXL_LSW
00013327                _i2s1_write_TXL_LSW
0001332d                _i2s1_read_TXL_MSW
00013333                _i2s1_write_TXL_MSW
00013339                _i2s1_read_TXR_LSW
0001333f                _i2s1_write_TXR_LSW
00013345                _i2s1_read_TXR_MSW
0001334b                _i2s1_write_TXR_MSW
00013351                _i2s1_read_INTR
00013357                _i2s1_read_INT_MASK
0001335d                _i2s1_write_INT_MASK
00013363                _i2s1_read_RXL_LSW
00013369                _i2s1_write_RXL_LSW
0001336f                _i2s1_read_RXL_MSW
00013375                _i2s1_write_RXL_MSW
0001337b                _i2s1_read_RXR_LSW
00013381                _i2s1_write_RXR_LSW
00013387                _i2s1_read_RXR_MSW
0001338d                _i2s1_write_RXR_MSW
00013393                _i2s2_read_CR
00013399                _i2s2_write_CR
0001339f                _i2s2_read_SRGR
000133a5                _i2s2_write_SRGR
000133ab                _i2s2_read_TXL_LSW
000133b1                _i2s2_write_TXL_LSW
000133b7                _i2s2_read_TXL_MSW
000133bd                _i2s2_write_TXL_MSW
000133c3                _i2s2_read_TXR_LSW
000133c9                _i2s2_write_TXR_LSW
000133cf                _i2s2_read_TXR_MSW
000133d5                _i2s2_write_TXR_MSW
000133db                _i2s2_read_INTR
000133e1                _i2s2_read_INT_MASK
000133e7                _i2s2_write_INT_MASK
000133ed                _i2s2_read_RXL_LSW
000133f3                _i2s2_write_RXL_LSW
000133f9                _i2s2_read_RXL_MSW
000133ff                _i2s2_write_RXL_MSW
00013405                _i2s2_read_RXR_LSW
0001340b                _i2s2_write_RXR_LSW
00013411                _i2s2_read_RXR_MSW
00013417                _i2s2_write_RXR_MSW
0001341d                _i2s3_read_CR
00013423                _i2s3_write_CR
00013429                _i2s3_read_SRGR
0001342f                _i2s3_write_SRGR
00013435                _i2s3_read_TXL_LSW
0001343b                _i2s3_write_TXL_LSW
00013441                _i2s3_read_TXL_MSW
00013447                _i2s3_write_TXL_MSW
0001344d                _i2s3_read_TXR_LSW
00013453                _i2s3_write_TXR_LSW
00013459                _i2s3_read_TXR_MSW
0001345f                _i2s3_write_TXR_MSW
00013465                _i2s3_read_INTR
0001346b                _i2s3_read_INT_MASK
00013471                _i2s3_write_INT_MASK
00013477                _i2s3_read_RXL_LSW
0001347d                _i2s3_write_RXL_LSW
00013483                _i2s3_read_RXL_MSW
00013489                _i2s3_write_RXL_MSW
0001348f                _i2s3_read_RXR_LSW
00013495                _i2s3_write_RXR_LSW
0001349b                _i2s3_read_RXR_MSW
000134a1                _i2s3_write_RXR_MSW
000134a7                _enable_i2s0
000134b5                _enable_i2s1
000134c3                _enable_i2s2
000134d1                _enable_i2s3
000134df                _disable_i2s0
000134ed                _disable_i2s1
000134fb                _disable_i2s2
00013509                _disable_i2s3
00013638                __cleanup
00013692                _freopen
0001375b                _fopen
00013796                __remull
000137e4                __remlli
00013813                __mpylli
000138cb                __divull
000139bf                __divlli
000139f4                __addd
00013c4e                __neqd
00013c82                __lssd
00013cca                __leqd
00013d17                __gtrd
00013d62                __geqd
00013dac                __eqld
00013de0                __cmpd
00013e38                _DMA_Isr
00013ff6                _abort
00013ff7                C$$EXIT
00014000                _fputs
00014135                _puts
00014163                __mpyd
000142af                _setvbuf
00014395                __wrt_ok
00014415                __rd_ok
00014472                __doflush
000144db                _fflush
00014534                _writemsg
000145e9                C$$IO$$
000145ee                _fputc
000145ee                _putc
00014685                _putchar
00014694                __divul
00014735                _ltoa
000147b2                _fclose
0001482e                reset_isr
000148a7                __frcmpyd
0001491d                _asmIIR
00014991                __frcmpyd_div
00014a04                __remul
00014a76                __fixdli
00014ae5                _readmsg
00014b52                _fseek
00014bbd                __fltlid
00014c24                _main
00014c88                _set_i2s0_master
00014cb7                _set_i2s0_slave
00014cd9                _printf
00014d29                _auto_init
00014d76                __args_main
00014dc1                __remli
00014e0c                __divli
00014e54                _memcpy
00014e93                _exit
00014ed1                _c_int00
00014f05                __fixdi
00014f2f                I$$UDIV
00014f2f                __divu
00014f44                I$$UMOD
00014f44                __remu
00014f59                _memccpy
00014f7c                ___isinf
00014f96                __subd
00014faa                I$$LMPY
00014faa                __mpyli
00014fbd                __register_unlock
00014fc5                __register_lock
00014fcd                __nop
00014fcf                __negd
00014fdf                _remove
00ffff00                _Reset
ffffffff                .text
ffffffff                ___binit__
ffffffff                ___c_args__
ffffffff                ___etext__
ffffffff                ___pinit__
ffffffff                ___text__
ffffffff                binit
ffffffff                etext
ffffffff                pinit

[283 symbols]
