******************************************************************************
              TMS320C55x Linker PC v4.4.1                      
******************************************************************************
>> Linked Sat Mar 13 21:11:23 2021

OUTPUT FILE NAME:   <02_file_IO.out>
ENTRY POINT SYMBOL: "_c_int00"  address: 0001444d


MEMORY CONFIGURATION

         name            origin    length      used     unused   attr    fill
                        (bytes)   (bytes)    (bytes)   (bytes)
----------------------  --------  ---------  --------  --------  ----  --------
  MMR                   00000000   000000c0  00000000  000000c0  RWIX
  DARAM0                000000c0   00001f40  00001996  000005aa  RWIX
  DARAM1                00002000   00002000  00000000  00002000  RWIX
  DARAM2                00004000   00002000  00000000  00002000  RWIX
  DARAM3                00006000   00002000  00000000  00002000  RWIX
  DARAM4                00008000   00002000  00001000  00001000  RWIX
  DARAM5                0000a000   00002000  00000d2c  000012d4  RWIX
  DARAM6                0000c000   00002000  00000000  00002000  RWIX
  DARAM7                0000e000   00002000  00000000  00002000  RWIX
  SARAM0                00010000   00002000  00002000  00000000  RWIX
  SARAM1                00012000   00002000  00002000  00000000  RWIX
  SARAM2                00014000   00002000  00000576  00001a8a  RWIX
  SARAM3                00016000   00002000  00000000  00002000  RWIX
  SARAM4                00018000   00002000  00000000  00002000  RWIX
  SARAM5                0001a000   00002000  00000000  00002000  RWIX
  SARAM6                0001c000   00002000  00000000  00002000  RWIX
  SARAM7                0001e000   00002000  00000000  00002000  RWIX
  SARAM8                00020000   00002000  00000000  00002000  RWIX
  SARAM9                00022000   00002000  00000000  00002000  RWIX
  SARAM10               00024000   00002000  00000000  00002000  RWIX
  SARAM11               00026000   00002000  00000000  00002000  RWIX
  SARAM12               00028000   00002000  00000000  00002000  RWIX
  SARAM13               0002a000   00002000  00000000  00002000  RWIX
  SARAM14               0002c000   00002000  00000000  00002000  RWIX
  SARAM15               0002e000   00002000  00000000  00002000  RWIX
  SARAM16               00030000   00002000  00000000  00002000  RWIX
  SARAM17               00032000   00002000  00000000  00002000  RWIX
  SARAM18               00034000   00002000  00000000  00002000  RWIX
  SARAM19               00036000   00002000  00000000  00002000  RWIX
  SARAM20               00038000   00002000  00000000  00002000  RWIX
  SARAM21               0003a000   00002000  00000000  00002000  RWIX
  SARAM22               0003c000   00002000  00000000  00002000  RWIX
  SARAM23               0003e000   00002000  00000000  00002000  RWIX
  SARAM24               00040000   00002000  00000000  00002000  RWIX
  SARAM25               00042000   00002000  00000000  00002000  RWIX
  SARAM26               00044000   00002000  00000000  00002000  RWIX
  SARAM27               00046000   00002000  00000000  00002000  RWIX
  SARAM28               00048000   00002000  00000000  00002000  RWIX
  SARAM29               0004a000   00002000  00000000  00002000  RWIX
  SARAM30               0004c000   00002000  00000000  00002000  RWIX
  SARAM31               0004e000   00002000  00000000  00002000  RWIX
  ROM                   00fe0000   0001ff00  00000000  0001ff00  RWIX
  VECS                  00ffff00   00000100  00000100  00000000  RWIX


SECTION ALLOCATION MAP
(Addresses surrounded by []'s are displayed for convenience only!)

output                                                          attributes/
section   page  orgn(bytes) orgn(words) len(bytes) len(words)   input sections
--------  ----  ----------- ----------- ---------- ----------   --------------
.stack       0   [ 000000c0 ]  00000060          *   00000800   UNINITIALIZED
                 [ 000000c0 ]  00000060          *   00000800   --HOLE--

.const       0   [ 000010c0 ]  00000860          *   00000208   
                 [ 000010c0 ]  00000860          *   00000101   rts55x.lib : ctype.obj (.const:__ctypes_)
                 [ 000012c2 ]  00000961          *   00000001   --HOLE-- [fill = 0]
                 [ 000012c4 ]  00000962          *   000000ca   fileIOTest.obj (.const:.string)
                 [ 00001458 ]  00000a2c          *   00000024   rts55x.lib : _printfi.obj (.const:.string)
                 [ 000014a0 ]  00000a50          *   0000000c              : _printfi.obj (.const)
                 [ 000014b8 ]  00000a5c          *   00000008              : divd.obj (.const:_initial_approx$1)
                 [ 000014c8 ]  00000a64          *   00000002              : fputs.obj (.const:.string)
                 [ 000014cc ]  00000a66          *   00000002              : fltlid.obj (.const)

.cio         0   [ 000014d0 ]  00000a68          *   00000120   UNINITIALIZED
                 [ 000014d0 ]  00000a68          *   00000120   rts55x.lib : trgmsg.obj (.cio)

.sysstack 
*            0   [ 00001710 ]  00000b88          *   00000100   UNINITIALIZED
                 [ 00001710 ]  00000b88          *   00000100   --HOLE--

.cinit       0   [ 00001910 ]  00000c88          *   000000a3   
                 [ 00001910 ]  00000c88          *   0000002f   fileIOTest.obj (.cinit)
                 [ 0000196e ]  00000cb7          *   0000002d   rts55x.lib : lowlev.obj (.cinit)
                 [ 000019c8 ]  00000ce4          *   0000002a              : defs.obj (.cinit)
                 [ 00001a1c ]  00000d0e          *   0000000a              : _lock.obj (.cinit)
                 [ 00001a30 ]  00000d18          *   0000000a              : exit.obj (.cinit)
                 [ 00001a44 ]  00000d22          *   00000004              : fopen.obj (.cinit)
                 [ 00001a4c ]  00000d26          *   00000004              : memory.obj (.cinit)
                 [ 00001a54 ]  00000d2a          *   00000001   --HOLE-- [fill = 0]

.sysmem      0   [ 00008000 ]  00004000          *   00000800   UNINITIALIZED
                 [ 00008000 ]  00004000          *   00000800   --HOLE--

.data        0   [ 00008000 ]  00004000          *   00000000   UNINITIALIZED

.bss         0   [ 0000a000 ]  00005000          *   00000696   UNINITIALIZED
                 [ 0000a000 ]  00005000          *   0000042c   fileIOTest.obj (.bss)
                 [ 0000a858 ]  0000542c          *   00000119   rts55x.lib : defs.obj (.bss)
                 [ 0000aa8a ]  00005545          *   000000d0              : trgdrv.obj (.bss)
                 [ 0000ac2a ]  00005615          *   00000001              : fopen.obj (.bss)
                 [ 0000ac2c ]  00005616          *   00000071              : lowlev.obj (.bss)
                 [ 0000ad0e ]  00005687          *   00000001   --HOLE--
                 [ 0000ad10 ]  00005688          *   00000006              : memory.obj (.bss)
                 [ 0000ad1c ]  0000568e          *   00000004              : _lock.obj (.bss)
                 [ 0000ad24 ]  00005692          *   00000004              : exit.obj (.bss)

.text.1      0     00010000  [ 00008000 ] 00002000          *   
                   00010000  [ 00008000 ] 000015a4          *   rts55x.lib : _printfi.obj (.text)
                   000115a4  [ 00008ad2 ] 00000543          *              : lowlev.obj (.text)
                   00011ae7  [ 00008d73+] 000004b5          *              : memory.obj (.text)
                   00011f9c  [ 00008fce ] 0000005c          *              : atoi.obj (.text)
                   00011ff8  [ 00008ffc ] 00000007          *              : exit.obj (.text:CIO_breakpoint)
                   00011fff  [ 00008fff ] 00000001          *   --HOLE-- [fill = 20]

.text.2      0     00012000  [ 00009000 ] 00002000          *   
                   00012000  [ 00009000 ] 00000528          *   rts55x.lib : trgdrv.obj (.text)
                   00012528  [ 00009294 ] 000003cc          *              : divd.obj (.text)
                   000128f4  [ 0000947a ] 0000027f          *              : fopen.obj (.text)
                   00012b73  [ 000095b9+] 0000025e          *              : llmpy.obj (.text)
                   00012dd1  [ 000096e8+] 0000025a          *              : addd.obj (.text)
                   0001302b  [ 00009815+] 000001ee          *              : fwrite.obj (.text)
                   00013219  [ 0000990c+] 000001ea          *              : cmpd.obj (.text)
                   00013403  [ 00009a01+] 00000163          *              : fputs.obj (.text)
                   00013566  [ 00009ab3 ] 0000015e          *   fileIOTest.obj (.text)
                   000136c4  [ 00009b62 ] 0000014c          *   rts55x.lib : mpyd.obj (.text)
                   00013810  [ 00009c08 ] 0000010f          *              : fread.obj (.text)
                   0001391f  [ 00009c8f+] 000000e6          *              : setvbuf.obj (.text)
                   00013a05  [ 00009d02+] 000000dd          *              : _io_perm.obj (.text)
                   00013ae2  [ 00009d71 ] 000000c2          *              : fflush.obj (.text)
                   00013ba4  [ 00009dd2 ] 000000ba          *              : trgmsg.obj (.text:CIO_breakpoint)
                   00013c5e  [ 00009e2f ] 000000ae          *              : _bufread.obj (.text)
                   00013d0c  [ 00009e86 ] 000000a6          *              : fputc.obj (.text)
                   00013db2  [ 00009ed9 ] 000000a1          *              : divul.obj (.text)
                   00013e53  [ 00009f29+] 0000007d          *              : ltoa.obj (.text)
                   00013ed0  [ 00009f68 ] 0000007b          *              : fclose.obj (.text)
                   00013f4b  [ 00009fa5+] 00000076          *              : frcmpyd.obj (.text)
                   00013fc1  [ 00009fe0+] 0000003e          *              : exit.obj (.text)
                   00013fff  [ 00009fff ] 00000001          *   --HOLE-- [fill = 20]

.text.3      0     00014000  [ 0000a000 ] 00000576          *   
                   00014000  [ 0000a000 ] 00000073          *   rts55x.lib : frcmpyd_div.obj (.text)
                   00014073  [ 0000a039+] 00000072          *              : remul.obj (.text)
                   000140e5  [ 0000a072+] 0000006f          *              : fixdli.obj (.text)
                   00014154  [ 0000a0aa ] 0000006d          *              : trgmsg.obj (.text)
                   000141c1  [ 0000a0e0+] 0000006b          *              : fseek.obj (.text)
                   0001422c  [ 0000a116 ] 00000067          *              : fltlid.obj (.text)
                   00014293  [ 0000a149+] 00000050          *              : printf.obj (.text)
                   000142e3  [ 0000a171+] 0000004d          *              : autoinit.obj (.text)
                   00014330  [ 0000a198 ] 0000004b          *              : args_main.obj (.text)
                   0001437b  [ 0000a1bd+] 0000004b          *              : remli.obj (.text)
                   000143c6  [ 0000a1e3 ] 00000048          *              : divli.obj (.text)
                   0001440e  [ 0000a207 ] 0000003f          *              : memcpy.obj (.text)
                   0001444d  [ 0000a226+] 00000034          *              : boot.obj (.text)
                   00014481  [ 0000a240+] 0000002a          *              : fixdi.obj (.text)
                   000144ab  [ 0000a255+] 0000002a          *              : udiv.obj (.text)
                   000144d5  [ 0000a26a+] 00000023          *              : memccpy.obj (.text)
                   000144f8  [ 0000a27c ] 0000001a          *              : isinf.obj (.text)
                   00014512  [ 0000a289 ] 00000014          *              : subd.obj (.text)
                   00014526  [ 0000a293 ] 00000013          *              : lmpy.obj (.text)
                   00014539  [ 0000a29c+] 00000012          *              : _lock.obj (.text)
                   0001454b  [ 0000a2a5+] 00000010          *              : negd.obj (.text)
                   0001455b  [ 0000a2ad+] 0000000e          *              : rewind.obj (.text)
                   00014569  [ 0000a2b4+] 0000000a          *              : remove.obj (.text)
                   00014573  [ 0000a2b9+] 00000002          *              : vectors.obj (.text)
                   00014575  [ 0000a2ba ] 00000001          *   --HOLE-- [fill = 20]

vectors      0     00ffff00  [ 007fff80 ] 00000100          *   NOLOAD SECTION
                   00ffff00  [ 007fff80 ] 00000100          *   rts55x.lib : vectors.obj (vectors)


GLOBAL SYMBOLS: SORTED ALPHABETICALLY BY Name 

abs. value/
byte addr   word addr   name
---------   ---------   ----
00000002                $TI_capability$C5500$CallingConvention
00000002                $TI_capability$C5500$MemoryModel
00000001                $TI_capability_requires_rev3
            00005000    .bss
            00004000    .data
ffffffff                .text
00011ff9                C$$EXIT
00013c59                C$$IO$$
00014526                I$$LMPY
000144ab                I$$UDIV
000144c0                I$$UMOD
000124ca                _HOSTclock
0001245f                _HOSTclose
000123aa                _HOSTlseek
0001230b                _HOSTopen
0001227e                _HOSTread
000121d0                _HOSTrename
00012172                _HOSTtime
00012108                _HOSTunlink
0001207b                _HOSTwrite
00ffff00                _Reset
            00000a68    __CIOBUF_
            00000860    __STACK_END
00001000                __STACK_SIZE
00001000                __SYSMEM_SIZE
00000200                __SYSSTACK_SIZE
00000001                __TI_args_main
ffffffff                ___binit__
            00005000    ___bss__
ffffffff                ___c_args__
            00000c88    ___cinit__
            00004000    ___data__
            00004000    ___edata__
            00005696    ___end__
ffffffff                ___etext__
000144f8                ___isinf
ffffffff                ___pinit__
ffffffff                ___text__
00012dd1                __addd
00014330                __args_main
00013c5e                __buff_read
00012a15                __cleanup
            00005692    __cleanup_ptr
000133ab                __cmpd
            00000860    __ctypes_
00012528                __divd
000143c6                __divli
00012d9c                __divlli
000144ab                __divu
00013db2                __divul
00012ca8                __divull
00013ae2                __doflush
            00005694    __dtors_ptr
00013377                __eqld
00014481                __fixdi
000140e5                __fixdli
0001422c                __fltlid
00013f4b                __frcmpyd
00014000                __frcmpyd_div
            00005544    __ft_end
            0000542c    __ftable
0001332d                __geqd
000132e2                __gtrd
00013295                __leqd
            0000568e    __lock
0001324d                __lssd
000136c4                __mpyd
00014526                __mpyli
00012bf0                __mpylli
0001454b                __negd
00013219                __neqd
00014549                __nop
00011362                __printfi
00013a85                __rd_ok
00014541                __register_lock
00014539                __register_unlock
0001437b                __remli
00012bc1                __remlli
000144c0                __remu
00014073                __remul
00012b73                __remull
            00000060    __stack
00014512                __subd
            00004000    __sys_memory
            00000b88    __sysstack
            000054a4    __tmpnams
            00005690    __unlock
00013a05                __wrt_ok
00011ff8                _abort
000119f7                _add_device
00011f9c                _atoi
000142e3                _auto_init
0001444d                _c_int00
00011f76                _calloc
            0000502c    _ch
00011f6e                _chkheap
00011984                _close
00013fc1                _exit
00013ed0                _fclose
00013b4b                _fflush
0001197b                _find_registered_device
00012b38                _fopen
00013d0c                _fputc
00013403                _fputs
00013810                _fread
00011ae7                _free
00011f18                _free_memory
00012a6f                _freopen
000141c1                _fseek
0001302b                _fwrite
00012000                _getenv
00011915                _lseek
00013e53                _ltoa
00013566                _main
00011c18                _malloc
00011ebe                _max_free
000144d5                _memccpy
0001440e                _memcpy
00011bb3                _minit
00011856                _open
00014293                _printf
00013d0c                _putc
00013da3                _putchar
00013538                _puts
000117a8                _read
00014154                _readmsg
00011d0d                _realloc
00014569                _remove
00011772                _remove_device
00011719                _rename
0001455b                _rewind
0001391f                _setvbuf
000116e6                _unlink
            00005000    _waveHeader
000115a4                _write
00013ba4                _writemsg
ffffffff                binit
            00000c88    cinit
            00004000    edata
            00005696    end
ffffffff                etext
ffffffff                pinit


GLOBAL SYMBOLS: SORTED BY Symbol Address 

abs. value/
byte addr   word addr   name
---------   ---------   ----
00000001                $TI_capability_requires_rev3
00000001                __TI_args_main
00000002                $TI_capability$C5500$CallingConvention
00000002                $TI_capability$C5500$MemoryModel
            00000060    __stack
00000200                __SYSSTACK_SIZE
00001000                __STACK_SIZE
00001000                __SYSMEM_SIZE
            00000860    __STACK_END
            00000860    __ctypes_
            00000a68    __CIOBUF_
            00000b88    __sysstack
            00000c88    ___cinit__
            00000c88    cinit
            00004000    .data
            00004000    ___data__
            00004000    ___edata__
            00004000    __sys_memory
            00004000    edata
            00005000    .bss
            00005000    ___bss__
            00005000    _waveHeader
            0000502c    _ch
            0000542c    __ftable
            000054a4    __tmpnams
            00005544    __ft_end
            0000568e    __lock
            00005690    __unlock
            00005692    __cleanup_ptr
            00005694    __dtors_ptr
            00005696    ___end__
            00005696    end
00011362                __printfi
000115a4                _write
000116e6                _unlink
00011719                _rename
00011772                _remove_device
000117a8                _read
00011856                _open
00011915                _lseek
0001197b                _find_registered_device
00011984                _close
000119f7                _add_device
00011ae7                _free
00011bb3                _minit
00011c18                _malloc
00011d0d                _realloc
00011ebe                _max_free
00011f18                _free_memory
00011f6e                _chkheap
00011f76                _calloc
00011f9c                _atoi
00011ff8                _abort
00011ff9                C$$EXIT
00012000                _getenv
0001207b                _HOSTwrite
00012108                _HOSTunlink
00012172                _HOSTtime
000121d0                _HOSTrename
0001227e                _HOSTread
0001230b                _HOSTopen
000123aa                _HOSTlseek
0001245f                _HOSTclose
000124ca                _HOSTclock
00012528                __divd
00012a15                __cleanup
00012a6f                _freopen
00012b38                _fopen
00012b73                __remull
00012bc1                __remlli
00012bf0                __mpylli
00012ca8                __divull
00012d9c                __divlli
00012dd1                __addd
0001302b                _fwrite
00013219                __neqd
0001324d                __lssd
00013295                __leqd
000132e2                __gtrd
0001332d                __geqd
00013377                __eqld
000133ab                __cmpd
00013403                _fputs
00013538                _puts
00013566                _main
000136c4                __mpyd
00013810                _fread
0001391f                _setvbuf
00013a05                __wrt_ok
00013a85                __rd_ok
00013ae2                __doflush
00013b4b                _fflush
00013ba4                _writemsg
00013c59                C$$IO$$
00013c5e                __buff_read
00013d0c                _fputc
00013d0c                _putc
00013da3                _putchar
00013db2                __divul
00013e53                _ltoa
00013ed0                _fclose
00013f4b                __frcmpyd
00013fc1                _exit
00014000                __frcmpyd_div
00014073                __remul
000140e5                __fixdli
00014154                _readmsg
000141c1                _fseek
0001422c                __fltlid
00014293                _printf
000142e3                _auto_init
00014330                __args_main
0001437b                __remli
000143c6                __divli
0001440e                _memcpy
0001444d                _c_int00
00014481                __fixdi
000144ab                I$$UDIV
000144ab                __divu
000144c0                I$$UMOD
000144c0                __remu
000144d5                _memccpy
000144f8                ___isinf
00014512                __subd
00014526                I$$LMPY
00014526                __mpyli
00014539                __register_unlock
00014541                __register_lock
00014549                __nop
0001454b                __negd
0001455b                _rewind
00014569                _remove
00ffff00                _Reset
ffffffff                .text
ffffffff                ___binit__
ffffffff                ___c_args__
ffffffff                ___etext__
ffffffff                ___pinit__
ffffffff                ___text__
ffffffff                binit
ffffffff                etext
ffffffff                pinit

[142 symbols]
