<?xml version="1.0"?>
<link_info>
   <banner>TMS320C55x Linker PC v4.4.1</banner>
   <copyright>Copyright (c) 1996-2012 Texas Instruments Incorporated</copyright>
   <link_time>0x604fa0d9</link_time>
   <output_file>18_floatingPoint_FFT.out</output_file>
   <entry_point>
      <name>_c_int00</name>
      <address>0x14ab1</address>
   </entry_point>
   <input_file_list>
      <input_file id="fl-2">
         <path>.\src\</path>
         <kind>object</kind>
         <file>fbit_rev.obj</file>
         <name>fbit_rev.obj</name>
      </input_file>
      <input_file id="fl-3">
         <path>.\src\</path>
         <kind>object</kind>
         <file>fft_float.obj</file>
         <name>fft_float.obj</name>
      </input_file>
      <input_file id="fl-4">
         <path>.\src\</path>
         <kind>object</kind>
         <file>float_fftTest.obj</file>
         <name>float_fftTest.obj</name>
      </input_file>
      <input_file id="fl-1b">
         <path>C:\ti\ccs1011\ccs\tools\compiler\c5500_4.4.1\lib\</path>
         <kind>archive</kind>
         <file>rts55x.lib</file>
         <name>addd.obj</name>
      </input_file>
      <input_file id="fl-1c">
         <path>C:\ti\ccs1011\ccs\tools\compiler\c5500_4.4.1\lib\</path>
         <kind>archive</kind>
         <file>rts55x.lib</file>
         <name>boot.obj</name>
      </input_file>
      <input_file id="fl-1d">
         <path>C:\ti\ccs1011\ccs\tools\compiler\c5500_4.4.1\lib\</path>
         <kind>archive</kind>
         <file>rts55x.lib</file>
         <name>cos.obj</name>
      </input_file>
      <input_file id="fl-1e">
         <path>C:\ti\ccs1011\ccs\tools\compiler\c5500_4.4.1\lib\</path>
         <kind>archive</kind>
         <file>rts55x.lib</file>
         <name>divd.obj</name>
      </input_file>
      <input_file id="fl-1f">
         <path>C:\ti\ccs1011\ccs\tools\compiler\c5500_4.4.1\lib\</path>
         <kind>archive</kind>
         <file>rts55x.lib</file>
         <name>exit.obj</name>
      </input_file>
      <input_file id="fl-20">
         <path>C:\ti\ccs1011\ccs\tools\compiler\c5500_4.4.1\lib\</path>
         <kind>archive</kind>
         <file>rts55x.lib</file>
         <name>fclose.obj</name>
      </input_file>
      <input_file id="fl-21">
         <path>C:\ti\ccs1011\ccs\tools\compiler\c5500_4.4.1\lib\</path>
         <kind>archive</kind>
         <file>rts55x.lib</file>
         <name>fflush.obj</name>
      </input_file>
      <input_file id="fl-22">
         <path>C:\ti\ccs1011\ccs\tools\compiler\c5500_4.4.1\lib\</path>
         <kind>archive</kind>
         <file>rts55x.lib</file>
         <name>fixdi.obj</name>
      </input_file>
      <input_file id="fl-23">
         <path>C:\ti\ccs1011\ccs\tools\compiler\c5500_4.4.1\lib\</path>
         <kind>archive</kind>
         <file>rts55x.lib</file>
         <name>fixdli.obj</name>
      </input_file>
      <input_file id="fl-24">
         <path>C:\ti\ccs1011\ccs\tools\compiler\c5500_4.4.1\lib\</path>
         <kind>archive</kind>
         <file>rts55x.lib</file>
         <name>fltid.obj</name>
      </input_file>
      <input_file id="fl-25">
         <path>C:\ti\ccs1011\ccs\tools\compiler\c5500_4.4.1\lib\</path>
         <kind>archive</kind>
         <file>rts55x.lib</file>
         <name>fltlid.obj</name>
      </input_file>
      <input_file id="fl-26">
         <path>C:\ti\ccs1011\ccs\tools\compiler\c5500_4.4.1\lib\</path>
         <kind>archive</kind>
         <file>rts55x.lib</file>
         <name>fltud.obj</name>
      </input_file>
      <input_file id="fl-27">
         <path>C:\ti\ccs1011\ccs\tools\compiler\c5500_4.4.1\lib\</path>
         <kind>archive</kind>
         <file>rts55x.lib</file>
         <name>fltuld.obj</name>
      </input_file>
      <input_file id="fl-28">
         <path>C:\ti\ccs1011\ccs\tools\compiler\c5500_4.4.1\lib\</path>
         <kind>archive</kind>
         <file>rts55x.lib</file>
         <name>fopen.obj</name>
      </input_file>
      <input_file id="fl-29">
         <path>C:\ti\ccs1011\ccs\tools\compiler\c5500_4.4.1\lib\</path>
         <kind>archive</kind>
         <file>rts55x.lib</file>
         <name>fprintf.obj</name>
      </input_file>
      <input_file id="fl-2a">
         <path>C:\ti\ccs1011\ccs\tools\compiler\c5500_4.4.1\lib\</path>
         <kind>archive</kind>
         <file>rts55x.lib</file>
         <name>fputc.obj</name>
      </input_file>
      <input_file id="fl-2b">
         <path>C:\ti\ccs1011\ccs\tools\compiler\c5500_4.4.1\lib\</path>
         <kind>archive</kind>
         <file>rts55x.lib</file>
         <name>fputs.obj</name>
      </input_file>
      <input_file id="fl-2c">
         <path>C:\ti\ccs1011\ccs\tools\compiler\c5500_4.4.1\lib\</path>
         <kind>archive</kind>
         <file>rts55x.lib</file>
         <name>frcmpyd_div.obj</name>
      </input_file>
      <input_file id="fl-2d">
         <path>C:\ti\ccs1011\ccs\tools\compiler\c5500_4.4.1\lib\</path>
         <kind>archive</kind>
         <file>rts55x.lib</file>
         <name>lmpy.obj</name>
      </input_file>
      <input_file id="fl-2e">
         <path>C:\ti\ccs1011\ccs\tools\compiler\c5500_4.4.1\lib\</path>
         <kind>archive</kind>
         <file>rts55x.lib</file>
         <name>lowlev.obj</name>
      </input_file>
      <input_file id="fl-2f">
         <path>C:\ti\ccs1011\ccs\tools\compiler\c5500_4.4.1\lib\</path>
         <kind>archive</kind>
         <file>rts55x.lib</file>
         <name>memcpy.obj</name>
      </input_file>
      <input_file id="fl-30">
         <path>C:\ti\ccs1011\ccs\tools\compiler\c5500_4.4.1\lib\</path>
         <kind>archive</kind>
         <file>rts55x.lib</file>
         <name>memory.obj</name>
      </input_file>
      <input_file id="fl-31">
         <path>C:\ti\ccs1011\ccs\tools\compiler\c5500_4.4.1\lib\</path>
         <kind>archive</kind>
         <file>rts55x.lib</file>
         <name>modf.obj</name>
      </input_file>
      <input_file id="fl-32">
         <path>C:\ti\ccs1011\ccs\tools\compiler\c5500_4.4.1\lib\</path>
         <kind>archive</kind>
         <file>rts55x.lib</file>
         <name>mpyd.obj</name>
      </input_file>
      <input_file id="fl-33">
         <path>C:\ti\ccs1011\ccs\tools\compiler\c5500_4.4.1\lib\</path>
         <kind>archive</kind>
         <file>rts55x.lib</file>
         <name>negd.obj</name>
      </input_file>
      <input_file id="fl-34">
         <path>C:\ti\ccs1011\ccs\tools\compiler\c5500_4.4.1\lib\</path>
         <kind>archive</kind>
         <file>rts55x.lib</file>
         <name>printf.obj</name>
      </input_file>
      <input_file id="fl-35">
         <path>C:\ti\ccs1011\ccs\tools\compiler\c5500_4.4.1\lib\</path>
         <kind>archive</kind>
         <file>rts55x.lib</file>
         <name>remove.obj</name>
      </input_file>
      <input_file id="fl-36">
         <path>C:\ti\ccs1011\ccs\tools\compiler\c5500_4.4.1\lib\</path>
         <kind>archive</kind>
         <file>rts55x.lib</file>
         <name>round.obj</name>
      </input_file>
      <input_file id="fl-37">
         <path>C:\ti\ccs1011\ccs\tools\compiler\c5500_4.4.1\lib\</path>
         <kind>archive</kind>
         <file>rts55x.lib</file>
         <name>sin.obj</name>
      </input_file>
      <input_file id="fl-38">
         <path>C:\ti\ccs1011\ccs\tools\compiler\c5500_4.4.1\lib\</path>
         <kind>archive</kind>
         <file>rts55x.lib</file>
         <name>subd.obj</name>
      </input_file>
      <input_file id="fl-39">
         <path>C:\ti\ccs1011\ccs\tools\compiler\c5500_4.4.1\lib\</path>
         <kind>archive</kind>
         <file>rts55x.lib</file>
         <name>trgdrv.obj</name>
      </input_file>
      <input_file id="fl-3a">
         <path>C:\ti\ccs1011\ccs\tools\compiler\c5500_4.4.1\lib\</path>
         <kind>archive</kind>
         <file>rts55x.lib</file>
         <name>trgmsg.obj</name>
      </input_file>
      <input_file id="fl-3b">
         <path>C:\ti\ccs1011\ccs\tools\compiler\c5500_4.4.1\lib\</path>
         <kind>archive</kind>
         <file>rts55x.lib</file>
         <name>trunc.obj</name>
      </input_file>
      <input_file id="fl-3c">
         <path>C:\ti\ccs1011\ccs\tools\compiler\c5500_4.4.1\lib\</path>
         <kind>archive</kind>
         <file>rts55x.lib</file>
         <name>vectors.obj</name>
      </input_file>
      <input_file id="fl-3d">
         <path>C:\ti\ccs1011\ccs\tools\compiler\c5500_4.4.1\lib\</path>
         <kind>archive</kind>
         <file>rts55x.lib</file>
         <name>_io_perm.obj</name>
      </input_file>
      <input_file id="fl-3e">
         <path>C:\ti\ccs1011\ccs\tools\compiler\c5500_4.4.1\lib\</path>
         <kind>archive</kind>
         <file>rts55x.lib</file>
         <name>_lock.obj</name>
      </input_file>
      <input_file id="fl-3f">
         <path>C:\ti\ccs1011\ccs\tools\compiler\c5500_4.4.1\lib\</path>
         <kind>archive</kind>
         <file>rts55x.lib</file>
         <name>_printfi.obj</name>
      </input_file>
      <input_file id="fl-40">
         <path>C:\ti\ccs1011\ccs\tools\compiler\c5500_4.4.1\lib\</path>
         <kind>archive</kind>
         <file>rts55x.lib</file>
         <name>args_main.obj</name>
      </input_file>
      <input_file id="fl-41">
         <path>C:\ti\ccs1011\ccs\tools\compiler\c5500_4.4.1\lib\</path>
         <kind>archive</kind>
         <file>rts55x.lib</file>
         <name>atoi.obj</name>
      </input_file>
      <input_file id="fl-42">
         <path>C:\ti\ccs1011\ccs\tools\compiler\c5500_4.4.1\lib\</path>
         <kind>archive</kind>
         <file>rts55x.lib</file>
         <name>autoinit.obj</name>
      </input_file>
      <input_file id="fl-43">
         <path>C:\ti\ccs1011\ccs\tools\compiler\c5500_4.4.1\lib\</path>
         <kind>archive</kind>
         <file>rts55x.lib</file>
         <name>cmpd.obj</name>
      </input_file>
      <input_file id="fl-44">
         <path>C:\ti\ccs1011\ccs\tools\compiler\c5500_4.4.1\lib\</path>
         <kind>archive</kind>
         <file>rts55x.lib</file>
         <name>ctype.obj</name>
      </input_file>
      <input_file id="fl-45">
         <path>C:\ti\ccs1011\ccs\tools\compiler\c5500_4.4.1\lib\</path>
         <kind>archive</kind>
         <file>rts55x.lib</file>
         <name>defs.obj</name>
      </input_file>
      <input_file id="fl-46">
         <path>C:\ti\ccs1011\ccs\tools\compiler\c5500_4.4.1\lib\</path>
         <kind>archive</kind>
         <file>rts55x.lib</file>
         <name>divul.obj</name>
      </input_file>
      <input_file id="fl-47">
         <path>C:\ti\ccs1011\ccs\tools\compiler\c5500_4.4.1\lib\</path>
         <kind>archive</kind>
         <file>rts55x.lib</file>
         <name>frcmpyd.obj</name>
      </input_file>
      <input_file id="fl-48">
         <path>C:\ti\ccs1011\ccs\tools\compiler\c5500_4.4.1\lib\</path>
         <kind>archive</kind>
         <file>rts55x.lib</file>
         <name>fseek.obj</name>
      </input_file>
      <input_file id="fl-49">
         <path>C:\ti\ccs1011\ccs\tools\compiler\c5500_4.4.1\lib\</path>
         <kind>archive</kind>
         <file>rts55x.lib</file>
         <name>isinf.obj</name>
      </input_file>
      <input_file id="fl-4a">
         <path>C:\ti\ccs1011\ccs\tools\compiler\c5500_4.4.1\lib\</path>
         <kind>archive</kind>
         <file>rts55x.lib</file>
         <name>llmpy.obj</name>
      </input_file>
      <input_file id="fl-4b">
         <path>C:\ti\ccs1011\ccs\tools\compiler\c5500_4.4.1\lib\</path>
         <kind>archive</kind>
         <file>rts55x.lib</file>
         <name>ltoa.obj</name>
      </input_file>
      <input_file id="fl-4c">
         <path>C:\ti\ccs1011\ccs\tools\compiler\c5500_4.4.1\lib\</path>
         <kind>archive</kind>
         <file>rts55x.lib</file>
         <name>memccpy.obj</name>
      </input_file>
      <input_file id="fl-4d">
         <path>C:\ti\ccs1011\ccs\tools\compiler\c5500_4.4.1\lib\</path>
         <kind>archive</kind>
         <file>rts55x.lib</file>
         <name>remli.obj</name>
      </input_file>
      <input_file id="fl-4e">
         <path>C:\ti\ccs1011\ccs\tools\compiler\c5500_4.4.1\lib\</path>
         <kind>archive</kind>
         <file>rts55x.lib</file>
         <name>remul.obj</name>
      </input_file>
      <input_file id="fl-4f">
         <path>C:\ti\ccs1011\ccs\tools\compiler\c5500_4.4.1\lib\</path>
         <kind>archive</kind>
         <file>rts55x.lib</file>
         <name>setvbuf.obj</name>
      </input_file>
      <input_file id="fl-50">
         <path>C:\ti\ccs1011\ccs\tools\compiler\c5500_4.4.1\lib\</path>
         <kind>archive</kind>
         <file>rts55x.lib</file>
         <name>udiv.obj</name>
      </input_file>
      <input_file id="fl-51">
         <path>C:\ti\ccs1011\ccs\tools\compiler\c5500_4.4.1\lib\</path>
         <kind>archive</kind>
         <file>rts55x.lib</file>
         <name>divli.obj</name>
      </input_file>
   </input_file_list>
   <object_component_list>
      <object_component id="oc-bf">
         <name>vectors</name>
         <load_address>0xffff00</load_address>
         <run_address>0xffff00</run_address>
         <size>0x100</size>
         <input_file_ref idref="fl-3c"/>
      </object_component>
      <object_component id="oc-1b">
         <name>.cinit</name>
         <load_address>0xc0</load_address>
         <run_address>0xc0</run_address>
         <size>0x1a06</size>
         <input_file_ref idref="fl-4"/>
      </object_component>
      <object_component id="oc-7b">
         <name>.cinit</name>
         <load_address>0x1ac6</load_address>
         <run_address>0x1ac6</run_address>
         <size>0x5a</size>
         <input_file_ref idref="fl-2e"/>
      </object_component>
      <object_component id="oc-e7">
         <name>.cinit</name>
         <load_address>0x1b20</load_address>
         <run_address>0x1b20</run_address>
         <size>0x54</size>
         <input_file_ref idref="fl-45"/>
      </object_component>
      <object_component id="oc-2c">
         <name>.cinit</name>
         <load_address>0x1b74</load_address>
         <run_address>0x1b74</run_address>
         <size>0x16</size>
         <input_file_ref idref="fl-1d"/>
      </object_component>
      <object_component id="oc-a6">
         <name>.cinit</name>
         <load_address>0x1b8a</load_address>
         <run_address>0x1b8a</run_address>
         <size>0x16</size>
         <input_file_ref idref="fl-37"/>
      </object_component>
      <object_component id="oc-ca">
         <name>.cinit</name>
         <load_address>0x1ba0</load_address>
         <run_address>0x1ba0</run_address>
         <size>0x14</size>
         <input_file_ref idref="fl-3e"/>
      </object_component>
      <object_component id="oc-37">
         <name>.cinit</name>
         <load_address>0x1bb4</load_address>
         <run_address>0x1bb4</run_address>
         <size>0x14</size>
         <input_file_ref idref="fl-1f"/>
      </object_component>
      <object_component id="oc-60">
         <name>.cinit</name>
         <load_address>0x1bc8</load_address>
         <run_address>0x1bc8</run_address>
         <size>0x8</size>
         <input_file_ref idref="fl-28"/>
      </object_component>
      <object_component id="oc-85">
         <name>.cinit</name>
         <load_address>0x1bd0</load_address>
         <run_address>0x1bd0</run_address>
         <size>0x8</size>
         <input_file_ref idref="fl-30"/>
      </object_component>
      <object_component id="oc-cd">
         <name>.text</name>
         <load_address>0x10000</load_address>
         <run_address>0x10000</run_address>
         <size>0x15a4</size>
         <input_file_ref idref="fl-3f"/>
      </object_component>
      <object_component id="oc-78">
         <name>.text</name>
         <load_address>0x115a4</load_address>
         <run_address>0x115a4</run_address>
         <size>0x543</size>
         <input_file_ref idref="fl-2e"/>
      </object_component>
      <object_component id="oc-82">
         <name>.text</name>
         <load_address>0x11ae7</load_address>
         <run_address>0x11ae7</run_address>
         <size>0x4b5</size>
         <input_file_ref idref="fl-30"/>
      </object_component>
      <object_component id="oc-9e">
         <name>.text</name>
         <load_address>0x11f9c</load_address>
         <run_address>0x11f9c</run_address>
         <size>0x5f</size>
         <input_file_ref idref="fl-36"/>
      </object_component>
      <object_component id="oc-be">
         <name>.text</name>
         <load_address>0x11ffb</load_address>
         <run_address>0x11ffb</run_address>
         <size>0x2</size>
         <input_file_ref idref="fl-3c"/>
      </object_component>
      <object_component id="oc-ae">
         <name>.text</name>
         <load_address>0x12000</load_address>
         <run_address>0x12000</run_address>
         <size>0x528</size>
         <input_file_ref idref="fl-39"/>
      </object_component>
      <object_component id="oc-30">
         <name>.text</name>
         <load_address>0x12528</load_address>
         <run_address>0x12528</run_address>
         <size>0x3cc</size>
         <input_file_ref idref="fl-1e"/>
      </object_component>
      <object_component id="oc-5d">
         <name>.text</name>
         <load_address>0x128f4</load_address>
         <run_address>0x128f4</run_address>
         <size>0x27f</size>
         <input_file_ref idref="fl-28"/>
      </object_component>
      <object_component id="oc-12">
         <name>.text</name>
         <load_address>0x12b73</load_address>
         <run_address>0x12b73</run_address>
         <size>0x26b</size>
         <input_file_ref idref="fl-3"/>
      </object_component>
      <object_component id="oc-f9">
         <name>.text</name>
         <load_address>0x12dde</load_address>
         <run_address>0x12dde</run_address>
         <size>0x25e</size>
         <input_file_ref idref="fl-4a"/>
      </object_component>
      <object_component id="oc-21">
         <name>.text</name>
         <load_address>0x1303c</load_address>
         <run_address>0x1303c</run_address>
         <size>0x25a</size>
         <input_file_ref idref="fl-1b"/>
      </object_component>
      <object_component id="oc-18">
         <name>.text</name>
         <load_address>0x13296</load_address>
         <run_address>0x13296</run_address>
         <size>0x232</size>
         <input_file_ref idref="fl-4"/>
      </object_component>
      <object_component id="oc-29">
         <name>.text</name>
         <load_address>0x134c8</load_address>
         <run_address>0x134c8</run_address>
         <size>0x218</size>
         <input_file_ref idref="fl-1d"/>
      </object_component>
      <object_component id="oc-a3">
         <name>.text</name>
         <load_address>0x136e0</load_address>
         <run_address>0x136e0</run_address>
         <size>0x1f2</size>
         <input_file_ref idref="fl-37"/>
      </object_component>
      <object_component id="oc-df">
         <name>.text</name>
         <load_address>0x138d2</load_address>
         <run_address>0x138d2</run_address>
         <size>0x1ea</size>
         <input_file_ref idref="fl-43"/>
      </object_component>
      <object_component id="oc-6b">
         <name>.text</name>
         <load_address>0x13abc</load_address>
         <run_address>0x13abc</run_address>
         <size>0x163</size>
         <input_file_ref idref="fl-2b"/>
      </object_component>
      <object_component id="oc-8e">
         <name>.text</name>
         <load_address>0x13c1f</load_address>
         <run_address>0x13c1f</run_address>
         <size>0x14c</size>
         <input_file_ref idref="fl-32"/>
      </object_component>
      <object_component id="oc-10d">
         <name>.text</name>
         <load_address>0x13d6b</load_address>
         <run_address>0x13d6b</run_address>
         <size>0xe6</size>
         <input_file_ref idref="fl-4f"/>
      </object_component>
      <object_component id="oc-c3">
         <name>.text</name>
         <load_address>0x13e51</load_address>
         <run_address>0x13e51</run_address>
         <size>0xdd</size>
         <input_file_ref idref="fl-3d"/>
      </object_component>
      <object_component id="oc-3f">
         <name>.text</name>
         <load_address>0x13f2e</load_address>
         <run_address>0x13f2e</run_address>
         <size>0xc2</size>
         <input_file_ref idref="fl-21"/>
      </object_component>
      <object_component id="oc-54">
         <name>.text</name>
         <load_address>0x13ff0</load_address>
         <run_address>0x13ff0</run_address>
         <size>0xe</size>
         <input_file_ref idref="fl-26"/>
      </object_component>
      <object_component id="oc-89">
         <name>.text</name>
         <load_address>0x14000</load_address>
         <run_address>0x14000</run_address>
         <size>0xbf</size>
         <input_file_ref idref="fl-31"/>
      </object_component>
      <object_component id="oc-b6">
         <name>.text:CIO_breakpoint</name>
         <load_address>0x140bf</load_address>
         <run_address>0x140bf</run_address>
         <size>0xba</size>
         <input_file_ref idref="fl-3a"/>
      </object_component>
      <object_component id="oc-d">
         <name>.text</name>
         <load_address>0x14179</load_address>
         <run_address>0x14179</run_address>
         <size>0xb6</size>
         <input_file_ref idref="fl-2"/>
      </object_component>
      <object_component id="oc-67">
         <name>.text</name>
         <load_address>0x1422f</load_address>
         <run_address>0x1422f</run_address>
         <size>0xa6</size>
         <input_file_ref idref="fl-2a"/>
      </object_component>
      <object_component id="oc-e9">
         <name>.text</name>
         <load_address>0x142d5</load_address>
         <run_address>0x142d5</run_address>
         <size>0xa1</size>
         <input_file_ref idref="fl-46"/>
      </object_component>
      <object_component id="oc-fd">
         <name>.text</name>
         <load_address>0x14376</load_address>
         <run_address>0x14376</run_address>
         <size>0x7d</size>
         <input_file_ref idref="fl-4b"/>
      </object_component>
      <object_component id="oc-3b">
         <name>.text</name>
         <load_address>0x143f3</load_address>
         <run_address>0x143f3</run_address>
         <size>0x7b</size>
         <input_file_ref idref="fl-20"/>
      </object_component>
      <object_component id="oc-ed">
         <name>.text</name>
         <load_address>0x1446e</load_address>
         <run_address>0x1446e</run_address>
         <size>0x76</size>
         <input_file_ref idref="fl-47"/>
      </object_component>
      <object_component id="oc-70">
         <name>.text</name>
         <load_address>0x144e4</load_address>
         <run_address>0x144e4</run_address>
         <size>0x73</size>
         <input_file_ref idref="fl-2c"/>
      </object_component>
      <object_component id="oc-109">
         <name>.text</name>
         <load_address>0x14557</load_address>
         <run_address>0x14557</run_address>
         <size>0x72</size>
         <input_file_ref idref="fl-4e"/>
      </object_component>
      <object_component id="oc-47">
         <name>.text</name>
         <load_address>0x145c9</load_address>
         <run_address>0x145c9</run_address>
         <size>0x6f</size>
         <input_file_ref idref="fl-23"/>
      </object_component>
      <object_component id="oc-b3">
         <name>.text</name>
         <load_address>0x14638</load_address>
         <run_address>0x14638</run_address>
         <size>0x6d</size>
         <input_file_ref idref="fl-3a"/>
      </object_component>
      <object_component id="oc-f1">
         <name>.text</name>
         <load_address>0x146a5</load_address>
         <run_address>0x146a5</run_address>
         <size>0x6b</size>
         <input_file_ref idref="fl-48"/>
      </object_component>
      <object_component id="oc-4f">
         <name>.text</name>
         <load_address>0x14710</load_address>
         <run_address>0x14710</run_address>
         <size>0x67</size>
         <input_file_ref idref="fl-25"/>
      </object_component>
      <object_component id="oc-d7">
         <name>.text</name>
         <load_address>0x14777</load_address>
         <run_address>0x14777</run_address>
         <size>0x5c</size>
         <input_file_ref idref="fl-41"/>
      </object_component>
      <object_component id="oc-58">
         <name>.text</name>
         <load_address>0x147d3</load_address>
         <run_address>0x147d3</run_address>
         <size>0x5b</size>
         <input_file_ref idref="fl-27"/>
      </object_component>
      <object_component id="oc-96">
         <name>.text</name>
         <load_address>0x1482e</load_address>
         <run_address>0x1482e</run_address>
         <size>0x50</size>
         <input_file_ref idref="fl-34"/>
      </object_component>
      <object_component id="oc-db">
         <name>.text</name>
         <load_address>0x1487e</load_address>
         <run_address>0x1487e</run_address>
         <size>0x4d</size>
         <input_file_ref idref="fl-42"/>
      </object_component>
      <object_component id="oc-d3">
         <name>.text</name>
         <load_address>0x148cb</load_address>
         <run_address>0x148cb</run_address>
         <size>0x4b</size>
         <input_file_ref idref="fl-40"/>
      </object_component>
      <object_component id="oc-105">
         <name>.text</name>
         <load_address>0x14916</load_address>
         <run_address>0x14916</run_address>
         <size>0x4b</size>
         <input_file_ref idref="fl-4d"/>
      </object_component>
      <object_component id="oc-63">
         <name>.text</name>
         <load_address>0x14961</load_address>
         <run_address>0x14961</run_address>
         <size>0x4a</size>
         <input_file_ref idref="fl-29"/>
      </object_component>
      <object_component id="oc-115">
         <name>.text</name>
         <load_address>0x149ab</load_address>
         <run_address>0x149ab</run_address>
         <size>0x48</size>
         <input_file_ref idref="fl-51"/>
      </object_component>
      <object_component id="oc-b9">
         <name>.text</name>
         <load_address>0x149f3</load_address>
         <run_address>0x149f3</run_address>
         <size>0x41</size>
         <input_file_ref idref="fl-3b"/>
      </object_component>
      <object_component id="oc-7e">
         <name>.text</name>
         <load_address>0x14a34</load_address>
         <run_address>0x14a34</run_address>
         <size>0x3f</size>
         <input_file_ref idref="fl-2f"/>
      </object_component>
      <object_component id="oc-34">
         <name>.text</name>
         <load_address>0x14a73</load_address>
         <run_address>0x14a73</run_address>
         <size>0x3e</size>
         <input_file_ref idref="fl-1f"/>
      </object_component>
      <object_component id="oc-c">
         <name>.text</name>
         <load_address>0x14ab1</load_address>
         <run_address>0x14ab1</run_address>
         <size>0x34</size>
         <input_file_ref idref="fl-1c"/>
      </object_component>
      <object_component id="oc-43">
         <name>.text</name>
         <load_address>0x14ae5</load_address>
         <run_address>0x14ae5</run_address>
         <size>0x2a</size>
         <input_file_ref idref="fl-22"/>
      </object_component>
      <object_component id="oc-111">
         <name>.text</name>
         <load_address>0x14b0f</load_address>
         <run_address>0x14b0f</run_address>
         <size>0x2a</size>
         <input_file_ref idref="fl-50"/>
      </object_component>
      <object_component id="oc-101">
         <name>.text</name>
         <load_address>0x14b39</load_address>
         <run_address>0x14b39</run_address>
         <size>0x23</size>
         <input_file_ref idref="fl-4c"/>
      </object_component>
      <object_component id="oc-f5">
         <name>.text</name>
         <load_address>0x14b5c</load_address>
         <run_address>0x14b5c</run_address>
         <size>0x1a</size>
         <input_file_ref idref="fl-49"/>
      </object_component>
      <object_component id="oc-aa">
         <name>.text</name>
         <load_address>0x14b76</load_address>
         <run_address>0x14b76</run_address>
         <size>0x14</size>
         <input_file_ref idref="fl-38"/>
      </object_component>
      <object_component id="oc-74">
         <name>.text</name>
         <load_address>0x14b8a</load_address>
         <run_address>0x14b8a</run_address>
         <size>0x13</size>
         <input_file_ref idref="fl-2d"/>
      </object_component>
      <object_component id="oc-c7">
         <name>.text</name>
         <load_address>0x14b9d</load_address>
         <run_address>0x14b9d</run_address>
         <size>0x12</size>
         <input_file_ref idref="fl-3e"/>
      </object_component>
      <object_component id="oc-92">
         <name>.text</name>
         <load_address>0x14baf</load_address>
         <run_address>0x14baf</run_address>
         <size>0x10</size>
         <input_file_ref idref="fl-33"/>
      </object_component>
      <object_component id="oc-4b">
         <name>.text</name>
         <load_address>0x14bbf</load_address>
         <run_address>0x14bbf</run_address>
         <size>0xc</size>
         <input_file_ref idref="fl-24"/>
      </object_component>
      <object_component id="oc-9a">
         <name>.text</name>
         <load_address>0x14bcb</load_address>
         <run_address>0x14bcb</run_address>
         <size>0xa</size>
         <input_file_ref idref="fl-35"/>
      </object_component>
      <object_component id="oc-38">
         <name>.text:CIO_breakpoint</name>
         <load_address>0x14bd5</load_address>
         <run_address>0x14bd5</run_address>
         <size>0x7</size>
         <input_file_ref idref="fl-1f"/>
      </object_component>
      <object_component id="oc-25">
         <name>.stack</name>
         <uninitialized>true</uninitialized>
         <run_address>0x2000</run_address>
         <size>0x0</size>
         <input_file_ref idref="fl-1c"/>
      </object_component>
      <object_component id="oc-12f">
         <name>.stack</name>
         <uninitialized>true</uninitialized>
         <run_address>0x2000</run_address>
         <size>0x0</size>
      </object_component>
      <object_component id="oc-119">
         <name>.sysstack</name>
         <uninitialized>true</uninitialized>
         <run_address>0x1bdc</run_address>
         <size>0x0</size>
         <input_file_ref idref="fl-1c"/>
      </object_component>
      <object_component id="oc-131">
         <name>.sysstack</name>
         <uninitialized>true</uninitialized>
         <run_address>0x1bdc</run_address>
         <size>0x0</size>
      </object_component>
      <object_component id="oc-86">
         <name>.sysmem</name>
         <uninitialized>true</uninitialized>
         <run_address>0x8000</run_address>
         <size>0x0</size>
         <input_file_ref idref="fl-30"/>
      </object_component>
      <object_component id="oc-130">
         <name>.sysmem</name>
         <uninitialized>true</uninitialized>
         <run_address>0x8000</run_address>
         <size>0x0</size>
      </object_component>
      <object_component id="oc-b5">
         <name>.cio</name>
         <uninitialized>true</uninitialized>
         <run_address>0x4420</run_address>
         <size>0x240</size>
         <input_file_ref idref="fl-3a"/>
      </object_component>
      <object_component id="oc-e5">
         <name>.bss</name>
         <uninitialized>true</uninitialized>
         <run_address>0x3000</run_address>
         <size>0x232</size>
         <input_file_ref idref="fl-45"/>
      </object_component>
      <object_component id="oc-af">
         <name>.bss</name>
         <uninitialized>true</uninitialized>
         <run_address>0x3232</run_address>
         <size>0x1a0</size>
         <input_file_ref idref="fl-39"/>
      </object_component>
      <object_component id="oc-5e">
         <name>.bss</name>
         <uninitialized>true</uninitialized>
         <run_address>0x33d2</run_address>
         <size>0x2</size>
         <input_file_ref idref="fl-28"/>
      </object_component>
      <object_component id="oc-79">
         <name>.bss</name>
         <uninitialized>true</uninitialized>
         <run_address>0x33d4</run_address>
         <size>0xe2</size>
         <input_file_ref idref="fl-2e"/>
      </object_component>
      <object_component id="oc-2a">
         <name>.bss</name>
         <uninitialized>true</uninitialized>
         <run_address>0x34b8</run_address>
         <size>0x10</size>
         <input_file_ref idref="fl-1d"/>
      </object_component>
      <object_component id="oc-a4">
         <name>.bss</name>
         <uninitialized>true</uninitialized>
         <run_address>0x34c8</run_address>
         <size>0x10</size>
         <input_file_ref idref="fl-37"/>
      </object_component>
      <object_component id="oc-83">
         <name>.bss</name>
         <uninitialized>true</uninitialized>
         <run_address>0x34d8</run_address>
         <size>0xc</size>
         <input_file_ref idref="fl-30"/>
      </object_component>
      <object_component id="oc-c8">
         <name>.bss</name>
         <uninitialized>true</uninitialized>
         <run_address>0x34e4</run_address>
         <size>0x8</size>
         <input_file_ref idref="fl-3e"/>
      </object_component>
      <object_component id="oc-35">
         <name>.bss</name>
         <uninitialized>true</uninitialized>
         <run_address>0x34ec</run_address>
         <size>0x8</size>
         <input_file_ref idref="fl-1f"/>
      </object_component>
      <object_component id="oc-19">
         <name>.bss</name>
         <uninitialized>true</uninitialized>
         <run_address>0xa000</run_address>
         <size>0x1ec0</size>
         <input_file_ref idref="fl-4"/>
      </object_component>
      <object_component id="oc-11b">
         <name>.const:__ctypes_</name>
         <load_address>0x4000</load_address>
         <run_address>0x4000</run_address>
         <size>0x202</size>
         <input_file_ref idref="fl-44"/>
      </object_component>
      <object_component id="oc-1d">
         <name>.const:.string</name>
         <load_address>0x4204</load_address>
         <run_address>0x4204</run_address>
         <size>0x10a</size>
         <input_file_ref idref="fl-4"/>
      </object_component>
      <object_component id="oc-d0">
         <name>.const:.string</name>
         <load_address>0x4310</load_address>
         <run_address>0x4310</run_address>
         <size>0x48</size>
         <input_file_ref idref="fl-3f"/>
      </object_component>
      <object_component id="oc-2d">
         <name>.const</name>
         <load_address>0x4358</load_address>
         <run_address>0x4358</run_address>
         <size>0x2c</size>
         <input_file_ref idref="fl-1d"/>
      </object_component>
      <object_component id="oc-a7">
         <name>.const</name>
         <load_address>0x4384</load_address>
         <run_address>0x4384</run_address>
         <size>0x28</size>
         <input_file_ref idref="fl-37"/>
      </object_component>
      <object_component id="oc-cf">
         <name>.const</name>
         <load_address>0x43ac</load_address>
         <run_address>0x43ac</run_address>
         <size>0x18</size>
         <input_file_ref idref="fl-3f"/>
      </object_component>
      <object_component id="oc-11a">
         <name>.const:_initial_approx$1</name>
         <load_address>0x43c4</load_address>
         <run_address>0x43c4</run_address>
         <size>0x10</size>
         <input_file_ref idref="fl-1e"/>
      </object_component>
      <object_component id="oc-14">
         <name>.const</name>
         <load_address>0x43d4</load_address>
         <run_address>0x43d4</run_address>
         <size>0x10</size>
         <input_file_ref idref="fl-3"/>
      </object_component>
      <object_component id="oc-a0">
         <name>.const</name>
         <load_address>0x43e4</load_address>
         <run_address>0x43e4</run_address>
         <size>0x10</size>
         <input_file_ref idref="fl-36"/>
      </object_component>
      <object_component id="oc-1c">
         <name>.const</name>
         <load_address>0x43f4</load_address>
         <run_address>0x43f4</run_address>
         <size>0xc</size>
         <input_file_ref idref="fl-4"/>
      </object_component>
      <object_component id="oc-8b">
         <name>.const</name>
         <load_address>0x4400</load_address>
         <run_address>0x4400</run_address>
         <size>0xc</size>
         <input_file_ref idref="fl-31"/>
      </object_component>
      <object_component id="oc-bb">
         <name>.const</name>
         <load_address>0x440c</load_address>
         <run_address>0x440c</run_address>
         <size>0x8</size>
         <input_file_ref idref="fl-3b"/>
      </object_component>
      <object_component id="oc-6d">
         <name>.const:.string</name>
         <load_address>0x4414</load_address>
         <run_address>0x4414</run_address>
         <size>0x4</size>
         <input_file_ref idref="fl-2b"/>
      </object_component>
      <object_component id="oc-51">
         <name>.const</name>
         <load_address>0x4418</load_address>
         <run_address>0x4418</run_address>
         <size>0x4</size>
         <input_file_ref idref="fl-25"/>
      </object_component>
      <object_component id="oc-5a">
         <name>.const</name>
         <load_address>0x441c</load_address>
         <run_address>0x441c</run_address>
         <size>0x4</size>
         <input_file_ref idref="fl-27"/>
      </object_component>
      <object_component id="oc-e">
         <name>.debug_info</name>
         <load_address>0x0</load_address>
         <run_address>0x0</run_address>
         <size>0x7e0</size>
         <input_file_ref idref="fl-2"/>
      </object_component>
      <object_component id="oc-13">
         <name>.debug_info</name>
         <load_address>0x7e0</load_address>
         <run_address>0x7e0</run_address>
         <size>0x8c8</size>
         <input_file_ref idref="fl-3"/>
      </object_component>
      <object_component id="oc-1a">
         <name>.debug_info</name>
         <load_address>0x10a8</load_address>
         <run_address>0x10a8</run_address>
         <size>0xabd</size>
         <input_file_ref idref="fl-4"/>
      </object_component>
      <object_component id="oc-22">
         <name>.debug_info</name>
         <load_address>0x1b65</load_address>
         <run_address>0x1b65</run_address>
         <size>0x5ab</size>
         <input_file_ref idref="fl-1b"/>
      </object_component>
      <object_component id="oc-26">
         <name>.debug_info</name>
         <load_address>0x2110</load_address>
         <run_address>0x2110</run_address>
         <size>0xe8</size>
         <input_file_ref idref="fl-1c"/>
      </object_component>
      <object_component id="oc-2b">
         <name>.debug_info</name>
         <load_address>0x21f8</load_address>
         <run_address>0x21f8</run_address>
         <size>0x716</size>
         <input_file_ref idref="fl-1d"/>
      </object_component>
      <object_component id="oc-31">
         <name>.debug_info</name>
         <load_address>0x290e</load_address>
         <run_address>0x290e</run_address>
         <size>0x7e8</size>
         <input_file_ref idref="fl-1e"/>
      </object_component>
      <object_component id="oc-36">
         <name>.debug_info</name>
         <load_address>0x30f6</load_address>
         <run_address>0x30f6</run_address>
         <size>0x5fb</size>
         <input_file_ref idref="fl-1f"/>
      </object_component>
      <object_component id="oc-3c">
         <name>.debug_info</name>
         <load_address>0x36f1</load_address>
         <run_address>0x36f1</run_address>
         <size>0x64f</size>
         <input_file_ref idref="fl-20"/>
      </object_component>
      <object_component id="oc-40">
         <name>.debug_info</name>
         <load_address>0x3d40</load_address>
         <run_address>0x3d40</run_address>
         <size>0x706</size>
         <input_file_ref idref="fl-21"/>
      </object_component>
      <object_component id="oc-44">
         <name>.debug_info</name>
         <load_address>0x4446</load_address>
         <run_address>0x4446</run_address>
         <size>0x4cf</size>
         <input_file_ref idref="fl-22"/>
      </object_component>
      <object_component id="oc-48">
         <name>.debug_info</name>
         <load_address>0x4915</load_address>
         <run_address>0x4915</run_address>
         <size>0x534</size>
         <input_file_ref idref="fl-23"/>
      </object_component>
      <object_component id="oc-4c">
         <name>.debug_info</name>
         <load_address>0x4e49</load_address>
         <run_address>0x4e49</run_address>
         <size>0x4cf</size>
         <input_file_ref idref="fl-24"/>
      </object_component>
      <object_component id="oc-50">
         <name>.debug_info</name>
         <load_address>0x5318</load_address>
         <run_address>0x5318</run_address>
         <size>0x549</size>
         <input_file_ref idref="fl-25"/>
      </object_component>
      <object_component id="oc-55">
         <name>.debug_info</name>
         <load_address>0x5861</load_address>
         <run_address>0x5861</run_address>
         <size>0x4cf</size>
         <input_file_ref idref="fl-26"/>
      </object_component>
      <object_component id="oc-59">
         <name>.debug_info</name>
         <load_address>0x5d30</load_address>
         <run_address>0x5d30</run_address>
         <size>0x549</size>
         <input_file_ref idref="fl-27"/>
      </object_component>
      <object_component id="oc-5f">
         <name>.debug_info</name>
         <load_address>0x6279</load_address>
         <run_address>0x6279</run_address>
         <size>0xa1c</size>
         <input_file_ref idref="fl-28"/>
      </object_component>
      <object_component id="oc-64">
         <name>.debug_info</name>
         <load_address>0x6c95</load_address>
         <run_address>0x6c95</run_address>
         <size>0x763</size>
         <input_file_ref idref="fl-29"/>
      </object_component>
      <object_component id="oc-68">
         <name>.debug_info</name>
         <load_address>0x73f8</load_address>
         <run_address>0x73f8</run_address>
         <size>0x6aa</size>
         <input_file_ref idref="fl-2a"/>
      </object_component>
      <object_component id="oc-6c">
         <name>.debug_info</name>
         <load_address>0x7aa2</load_address>
         <run_address>0x7aa2</run_address>
         <size>0x942</size>
         <input_file_ref idref="fl-2b"/>
      </object_component>
      <object_component id="oc-71">
         <name>.debug_info</name>
         <load_address>0x83e4</load_address>
         <run_address>0x83e4</run_address>
         <size>0x53e</size>
         <input_file_ref idref="fl-2c"/>
      </object_component>
      <object_component id="oc-75">
         <name>.debug_info</name>
         <load_address>0x8922</load_address>
         <run_address>0x8922</run_address>
         <size>0xbd</size>
         <input_file_ref idref="fl-2d"/>
      </object_component>
      <object_component id="oc-7a">
         <name>.debug_info</name>
         <load_address>0x89df</load_address>
         <run_address>0x89df</run_address>
         <size>0x144b</size>
         <input_file_ref idref="fl-2e"/>
      </object_component>
      <object_component id="oc-7f">
         <name>.debug_info</name>
         <load_address>0x9e2a</load_address>
         <run_address>0x9e2a</run_address>
         <size>0xd1</size>
         <input_file_ref idref="fl-2f"/>
      </object_component>
      <object_component id="oc-84">
         <name>.debug_info</name>
         <load_address>0x9efb</load_address>
         <run_address>0x9efb</run_address>
         <size>0xb97</size>
         <input_file_ref idref="fl-30"/>
      </object_component>
      <object_component id="oc-8a">
         <name>.debug_info</name>
         <load_address>0xaa92</load_address>
         <run_address>0xaa92</run_address>
         <size>0x50c</size>
         <input_file_ref idref="fl-31"/>
      </object_component>
      <object_component id="oc-8f">
         <name>.debug_info</name>
         <load_address>0xaf9e</load_address>
         <run_address>0xaf9e</run_address>
         <size>0x55b</size>
         <input_file_ref idref="fl-32"/>
      </object_component>
      <object_component id="oc-93">
         <name>.debug_info</name>
         <load_address>0xb4f9</load_address>
         <run_address>0xb4f9</run_address>
         <size>0x4b7</size>
         <input_file_ref idref="fl-33"/>
      </object_component>
      <object_component id="oc-97">
         <name>.debug_info</name>
         <load_address>0xb9b0</load_address>
         <run_address>0xb9b0</run_address>
         <size>0x76c</size>
         <input_file_ref idref="fl-34"/>
      </object_component>
      <object_component id="oc-9b">
         <name>.debug_info</name>
         <load_address>0xc11c</load_address>
         <run_address>0xc11c</run_address>
         <size>0x510</size>
         <input_file_ref idref="fl-35"/>
      </object_component>
      <object_component id="oc-9f">
         <name>.debug_info</name>
         <load_address>0xc62c</load_address>
         <run_address>0xc62c</run_address>
         <size>0x52e</size>
         <input_file_ref idref="fl-36"/>
      </object_component>
      <object_component id="oc-a5">
         <name>.debug_info</name>
         <load_address>0xcb5a</load_address>
         <run_address>0xcb5a</run_address>
         <size>0x6ef</size>
         <input_file_ref idref="fl-37"/>
      </object_component>
      <object_component id="oc-ab">
         <name>.debug_info</name>
         <load_address>0xd249</load_address>
         <run_address>0xd249</run_address>
         <size>0x4de</size>
         <input_file_ref idref="fl-38"/>
      </object_component>
      <object_component id="oc-b0">
         <name>.debug_info</name>
         <load_address>0xd727</load_address>
         <run_address>0xd727</run_address>
         <size>0xed4</size>
         <input_file_ref idref="fl-39"/>
      </object_component>
      <object_component id="oc-b4">
         <name>.debug_info</name>
         <load_address>0xe5fb</load_address>
         <run_address>0xe5fb</run_address>
         <size>0x744</size>
         <input_file_ref idref="fl-3a"/>
      </object_component>
      <object_component id="oc-ba">
         <name>.debug_info</name>
         <load_address>0xed3f</load_address>
         <run_address>0xed3f</run_address>
         <size>0x521</size>
         <input_file_ref idref="fl-3b"/>
      </object_component>
      <object_component id="oc-c0">
         <name>.debug_info</name>
         <load_address>0xf260</load_address>
         <run_address>0xf260</run_address>
         <size>0xbc</size>
         <input_file_ref idref="fl-3c"/>
      </object_component>
      <object_component id="oc-c4">
         <name>.debug_info</name>
         <load_address>0xf31c</load_address>
         <run_address>0xf31c</run_address>
         <size>0x662</size>
         <input_file_ref idref="fl-3d"/>
      </object_component>
      <object_component id="oc-c9">
         <name>.debug_info</name>
         <load_address>0xf97e</load_address>
         <run_address>0xf97e</run_address>
         <size>0x5bc</size>
         <input_file_ref idref="fl-3e"/>
      </object_component>
      <object_component id="oc-ce">
         <name>.debug_info</name>
         <load_address>0xff3a</load_address>
         <run_address>0xff3a</run_address>
         <size>0x27bd</size>
         <input_file_ref idref="fl-3f"/>
      </object_component>
      <object_component id="oc-d4">
         <name>.debug_info</name>
         <load_address>0x126f7</load_address>
         <run_address>0x126f7</run_address>
         <size>0x586</size>
         <input_file_ref idref="fl-40"/>
      </object_component>
      <object_component id="oc-d8">
         <name>.debug_info</name>
         <load_address>0x12c7d</load_address>
         <run_address>0x12c7d</run_address>
         <size>0x5a4</size>
         <input_file_ref idref="fl-41"/>
      </object_component>
      <object_component id="oc-dc">
         <name>.debug_info</name>
         <load_address>0x13221</load_address>
         <run_address>0x13221</run_address>
         <size>0xcd</size>
         <input_file_ref idref="fl-42"/>
      </object_component>
      <object_component id="oc-e0">
         <name>.debug_info</name>
         <load_address>0x132ee</load_address>
         <run_address>0x132ee</run_address>
         <size>0x81f</size>
         <input_file_ref idref="fl-43"/>
      </object_component>
      <object_component id="oc-e3">
         <name>.debug_info</name>
         <load_address>0x13b0d</load_address>
         <run_address>0x13b0d</run_address>
         <size>0x498</size>
         <input_file_ref idref="fl-44"/>
      </object_component>
      <object_component id="oc-e6">
         <name>.debug_info</name>
         <load_address>0x13fa5</load_address>
         <run_address>0x13fa5</run_address>
         <size>0x57e</size>
         <input_file_ref idref="fl-45"/>
      </object_component>
      <object_component id="oc-ea">
         <name>.debug_info</name>
         <load_address>0x14523</load_address>
         <run_address>0x14523</run_address>
         <size>0x534</size>
         <input_file_ref idref="fl-46"/>
      </object_component>
      <object_component id="oc-ee">
         <name>.debug_info</name>
         <load_address>0x14a57</load_address>
         <run_address>0x14a57</run_address>
         <size>0x4d2</size>
         <input_file_ref idref="fl-47"/>
      </object_component>
      <object_component id="oc-f2">
         <name>.debug_info</name>
         <load_address>0x14f29</load_address>
         <run_address>0x14f29</run_address>
         <size>0x5f7</size>
         <input_file_ref idref="fl-48"/>
      </object_component>
      <object_component id="oc-f6">
         <name>.debug_info</name>
         <load_address>0x15520</load_address>
         <run_address>0x15520</run_address>
         <size>0x680</size>
         <input_file_ref idref="fl-49"/>
      </object_component>
      <object_component id="oc-fa">
         <name>.debug_info</name>
         <load_address>0x15ba0</load_address>
         <run_address>0x15ba0</run_address>
         <size>0x7d4</size>
         <input_file_ref idref="fl-4a"/>
      </object_component>
      <object_component id="oc-fe">
         <name>.debug_info</name>
         <load_address>0x16374</load_address>
         <run_address>0x16374</run_address>
         <size>0x5ad</size>
         <input_file_ref idref="fl-4b"/>
      </object_component>
      <object_component id="oc-102">
         <name>.debug_info</name>
         <load_address>0x16921</load_address>
         <run_address>0x16921</run_address>
         <size>0x574</size>
         <input_file_ref idref="fl-4c"/>
      </object_component>
      <object_component id="oc-106">
         <name>.debug_info</name>
         <load_address>0x16e95</load_address>
         <run_address>0x16e95</run_address>
         <size>0x4f2</size>
         <input_file_ref idref="fl-4d"/>
      </object_component>
      <object_component id="oc-10a">
         <name>.debug_info</name>
         <load_address>0x17387</load_address>
         <run_address>0x17387</run_address>
         <size>0x534</size>
         <input_file_ref idref="fl-4e"/>
      </object_component>
      <object_component id="oc-10e">
         <name>.debug_info</name>
         <load_address>0x178bb</load_address>
         <run_address>0x178bb</run_address>
         <size>0x64a</size>
         <input_file_ref idref="fl-4f"/>
      </object_component>
      <object_component id="oc-112">
         <name>.debug_info</name>
         <load_address>0x17f05</load_address>
         <run_address>0x17f05</run_address>
         <size>0xef</size>
         <input_file_ref idref="fl-50"/>
      </object_component>
      <object_component id="oc-116">
         <name>.debug_info</name>
         <load_address>0x17ff4</load_address>
         <run_address>0x17ff4</run_address>
         <size>0x4f2</size>
         <input_file_ref idref="fl-51"/>
      </object_component>
      <object_component id="oc-13b">
         <name>.debug_info</name>
         <load_address>0x184e6</load_address>
         <run_address>0x184e6</run_address>
         <size>0x6e</size>
      </object_component>
      <object_component id="oc-f">
         <name>.debug_frame</name>
         <load_address>0x0</load_address>
         <run_address>0x0</run_address>
         <size>0xe5</size>
         <input_file_ref idref="fl-2"/>
      </object_component>
      <object_component id="oc-15">
         <name>.debug_frame</name>
         <load_address>0xe5</load_address>
         <run_address>0xe5</run_address>
         <size>0xe6</size>
         <input_file_ref idref="fl-3"/>
      </object_component>
      <object_component id="oc-1e">
         <name>.debug_frame</name>
         <load_address>0x1cb</load_address>
         <run_address>0x1cb</run_address>
         <size>0xe6</size>
         <input_file_ref idref="fl-4"/>
      </object_component>
      <object_component id="oc-10">
         <name>.debug_line</name>
         <load_address>0x0</load_address>
         <run_address>0x0</run_address>
         <size>0x78</size>
         <input_file_ref idref="fl-2"/>
      </object_component>
      <object_component id="oc-16">
         <name>.debug_line</name>
         <load_address>0x78</load_address>
         <run_address>0x78</run_address>
         <size>0xb1</size>
         <input_file_ref idref="fl-3"/>
      </object_component>
      <object_component id="oc-1f">
         <name>.debug_line</name>
         <load_address>0x129</load_address>
         <run_address>0x129</run_address>
         <size>0xcc</size>
         <input_file_ref idref="fl-4"/>
      </object_component>
      <object_component id="oc-23">
         <name>.debug_line</name>
         <load_address>0x1f5</load_address>
         <run_address>0x1f5</run_address>
         <size>0x5c</size>
         <input_file_ref idref="fl-1b"/>
      </object_component>
      <object_component id="oc-27">
         <name>.debug_line</name>
         <load_address>0x251</load_address>
         <run_address>0x251</run_address>
         <size>0x54</size>
         <input_file_ref idref="fl-1c"/>
      </object_component>
      <object_component id="oc-2e">
         <name>.debug_line</name>
         <load_address>0x2a5</load_address>
         <run_address>0x2a5</run_address>
         <size>0x54</size>
         <input_file_ref idref="fl-1d"/>
      </object_component>
      <object_component id="oc-32">
         <name>.debug_line</name>
         <load_address>0x2f9</load_address>
         <run_address>0x2f9</run_address>
         <size>0x5b</size>
         <input_file_ref idref="fl-1e"/>
      </object_component>
      <object_component id="oc-39">
         <name>.debug_line</name>
         <load_address>0x354</load_address>
         <run_address>0x354</run_address>
         <size>0x51</size>
         <input_file_ref idref="fl-1f"/>
      </object_component>
      <object_component id="oc-3d">
         <name>.debug_line</name>
         <load_address>0x3a5</load_address>
         <run_address>0x3a5</run_address>
         <size>0x3d</size>
         <input_file_ref idref="fl-20"/>
      </object_component>
      <object_component id="oc-41">
         <name>.debug_line</name>
         <load_address>0x3e2</load_address>
         <run_address>0x3e2</run_address>
         <size>0x5b</size>
         <input_file_ref idref="fl-21"/>
      </object_component>
      <object_component id="oc-45">
         <name>.debug_line</name>
         <load_address>0x43d</load_address>
         <run_address>0x43d</run_address>
         <size>0x3d</size>
         <input_file_ref idref="fl-22"/>
      </object_component>
      <object_component id="oc-49">
         <name>.debug_line</name>
         <load_address>0x47a</load_address>
         <run_address>0x47a</run_address>
         <size>0x3d</size>
         <input_file_ref idref="fl-23"/>
      </object_component>
      <object_component id="oc-4d">
         <name>.debug_line</name>
         <load_address>0x4b7</load_address>
         <run_address>0x4b7</run_address>
         <size>0x3d</size>
         <input_file_ref idref="fl-24"/>
      </object_component>
      <object_component id="oc-52">
         <name>.debug_line</name>
         <load_address>0x4f4</load_address>
         <run_address>0x4f4</run_address>
         <size>0x44</size>
         <input_file_ref idref="fl-25"/>
      </object_component>
      <object_component id="oc-56">
         <name>.debug_line</name>
         <load_address>0x538</load_address>
         <run_address>0x538</run_address>
         <size>0x3d</size>
         <input_file_ref idref="fl-26"/>
      </object_component>
      <object_component id="oc-5b">
         <name>.debug_line</name>
         <load_address>0x575</load_address>
         <run_address>0x575</run_address>
         <size>0x44</size>
         <input_file_ref idref="fl-27"/>
      </object_component>
      <object_component id="oc-61">
         <name>.debug_line</name>
         <load_address>0x5b9</load_address>
         <run_address>0x5b9</run_address>
         <size>0xd7</size>
         <input_file_ref idref="fl-28"/>
      </object_component>
      <object_component id="oc-65">
         <name>.debug_line</name>
         <load_address>0x690</load_address>
         <run_address>0x690</run_address>
         <size>0x6a</size>
         <input_file_ref idref="fl-29"/>
      </object_component>
      <object_component id="oc-69">
         <name>.debug_line</name>
         <load_address>0x6fa</load_address>
         <run_address>0x6fa</run_address>
         <size>0x56</size>
         <input_file_ref idref="fl-2a"/>
      </object_component>
      <object_component id="oc-6e">
         <name>.debug_line</name>
         <load_address>0x750</load_address>
         <run_address>0x750</run_address>
         <size>0xa8</size>
         <input_file_ref idref="fl-2b"/>
      </object_component>
      <object_component id="oc-72">
         <name>.debug_line</name>
         <load_address>0x7f8</load_address>
         <run_address>0x7f8</run_address>
         <size>0x40</size>
         <input_file_ref idref="fl-2c"/>
      </object_component>
      <object_component id="oc-76">
         <name>.debug_line</name>
         <load_address>0x838</load_address>
         <run_address>0x838</run_address>
         <size>0x3c</size>
         <input_file_ref idref="fl-2d"/>
      </object_component>
      <object_component id="oc-7c">
         <name>.debug_line</name>
         <load_address>0x874</load_address>
         <run_address>0x874</run_address>
         <size>0x1b0</size>
         <input_file_ref idref="fl-2e"/>
      </object_component>
      <object_component id="oc-80">
         <name>.debug_line</name>
         <load_address>0xa24</load_address>
         <run_address>0xa24</run_address>
         <size>0x4d</size>
         <input_file_ref idref="fl-2f"/>
      </object_component>
      <object_component id="oc-87">
         <name>.debug_line</name>
         <load_address>0xa71</load_address>
         <run_address>0xa71</run_address>
         <size>0x112</size>
         <input_file_ref idref="fl-30"/>
      </object_component>
      <object_component id="oc-8c">
         <name>.debug_line</name>
         <load_address>0xb83</load_address>
         <run_address>0xb83</run_address>
         <size>0x3c</size>
         <input_file_ref idref="fl-31"/>
      </object_component>
      <object_component id="oc-90">
         <name>.debug_line</name>
         <load_address>0xbbf</load_address>
         <run_address>0xbbf</run_address>
         <size>0x3c</size>
         <input_file_ref idref="fl-32"/>
      </object_component>
      <object_component id="oc-94">
         <name>.debug_line</name>
         <load_address>0xbfb</load_address>
         <run_address>0xbfb</run_address>
         <size>0x37</size>
         <input_file_ref idref="fl-33"/>
      </object_component>
      <object_component id="oc-98">
         <name>.debug_line</name>
         <load_address>0xc32</load_address>
         <run_address>0xc32</run_address>
         <size>0x69</size>
         <input_file_ref idref="fl-34"/>
      </object_component>
      <object_component id="oc-9c">
         <name>.debug_line</name>
         <load_address>0xc9b</load_address>
         <run_address>0xc9b</run_address>
         <size>0x39</size>
         <input_file_ref idref="fl-35"/>
      </object_component>
      <object_component id="oc-a1">
         <name>.debug_line</name>
         <load_address>0xcd4</load_address>
         <run_address>0xcd4</run_address>
         <size>0x3a</size>
         <input_file_ref idref="fl-36"/>
      </object_component>
      <object_component id="oc-a8">
         <name>.debug_line</name>
         <load_address>0xd0e</load_address>
         <run_address>0xd0e</run_address>
         <size>0x54</size>
         <input_file_ref idref="fl-37"/>
      </object_component>
      <object_component id="oc-ac">
         <name>.debug_line</name>
         <load_address>0xd62</load_address>
         <run_address>0xd62</run_address>
         <size>0x37</size>
         <input_file_ref idref="fl-38"/>
      </object_component>
      <object_component id="oc-b1">
         <name>.debug_line</name>
         <load_address>0xd99</load_address>
         <run_address>0xd99</run_address>
         <size>0x15d</size>
         <input_file_ref idref="fl-39"/>
      </object_component>
      <object_component id="oc-b7">
         <name>.debug_line</name>
         <load_address>0xef6</load_address>
         <run_address>0xef6</run_address>
         <size>0x6a</size>
         <input_file_ref idref="fl-3a"/>
      </object_component>
      <object_component id="oc-bc">
         <name>.debug_line</name>
         <load_address>0xf60</load_address>
         <run_address>0xf60</run_address>
         <size>0x38</size>
         <input_file_ref idref="fl-3b"/>
      </object_component>
      <object_component id="oc-c1">
         <name>.debug_line</name>
         <load_address>0xf98</load_address>
         <run_address>0xf98</run_address>
         <size>0x37</size>
         <input_file_ref idref="fl-3c"/>
      </object_component>
      <object_component id="oc-c5">
         <name>.debug_line</name>
         <load_address>0xfcf</load_address>
         <run_address>0xfcf</run_address>
         <size>0x57</size>
         <input_file_ref idref="fl-3d"/>
      </object_component>
      <object_component id="oc-cb">
         <name>.debug_line</name>
         <load_address>0x1026</load_address>
         <run_address>0x1026</run_address>
         <size>0x57</size>
         <input_file_ref idref="fl-3e"/>
      </object_component>
      <object_component id="oc-d1">
         <name>.debug_line</name>
         <load_address>0x107d</load_address>
         <run_address>0x107d</run_address>
         <size>0x328</size>
         <input_file_ref idref="fl-3f"/>
      </object_component>
      <object_component id="oc-d5">
         <name>.debug_line</name>
         <load_address>0x13a5</load_address>
         <run_address>0x13a5</run_address>
         <size>0x41</size>
         <input_file_ref idref="fl-40"/>
      </object_component>
      <object_component id="oc-d9">
         <name>.debug_line</name>
         <load_address>0x13e6</load_address>
         <run_address>0x13e6</run_address>
         <size>0x46</size>
         <input_file_ref idref="fl-41"/>
      </object_component>
      <object_component id="oc-dd">
         <name>.debug_line</name>
         <load_address>0x142c</load_address>
         <run_address>0x142c</run_address>
         <size>0x55</size>
         <input_file_ref idref="fl-42"/>
      </object_component>
      <object_component id="oc-e1">
         <name>.debug_line</name>
         <load_address>0x1481</load_address>
         <run_address>0x1481</run_address>
         <size>0xad</size>
         <input_file_ref idref="fl-43"/>
      </object_component>
      <object_component id="oc-eb">
         <name>.debug_line</name>
         <load_address>0x152e</load_address>
         <run_address>0x152e</run_address>
         <size>0x44</size>
         <input_file_ref idref="fl-46"/>
      </object_component>
      <object_component id="oc-ef">
         <name>.debug_line</name>
         <load_address>0x1572</load_address>
         <run_address>0x1572</run_address>
         <size>0x3a</size>
         <input_file_ref idref="fl-47"/>
      </object_component>
      <object_component id="oc-f3">
         <name>.debug_line</name>
         <load_address>0x15ac</load_address>
         <run_address>0x15ac</run_address>
         <size>0x3c</size>
         <input_file_ref idref="fl-48"/>
      </object_component>
      <object_component id="oc-f7">
         <name>.debug_line</name>
         <load_address>0x15e8</load_address>
         <run_address>0x15e8</run_address>
         <size>0x38</size>
         <input_file_ref idref="fl-49"/>
      </object_component>
      <object_component id="oc-fb">
         <name>.debug_line</name>
         <load_address>0x1620</load_address>
         <run_address>0x1620</run_address>
         <size>0xa8</size>
         <input_file_ref idref="fl-4a"/>
      </object_component>
      <object_component id="oc-ff">
         <name>.debug_line</name>
         <load_address>0x16c8</load_address>
         <run_address>0x16c8</run_address>
         <size>0x40</size>
         <input_file_ref idref="fl-4b"/>
      </object_component>
      <object_component id="oc-103">
         <name>.debug_line</name>
         <load_address>0x1708</load_address>
         <run_address>0x1708</run_address>
         <size>0x3c</size>
         <input_file_ref idref="fl-4c"/>
      </object_component>
      <object_component id="oc-107">
         <name>.debug_line</name>
         <load_address>0x1744</load_address>
         <run_address>0x1744</run_address>
         <size>0x3c</size>
         <input_file_ref idref="fl-4d"/>
      </object_component>
      <object_component id="oc-10b">
         <name>.debug_line</name>
         <load_address>0x1780</load_address>
         <run_address>0x1780</run_address>
         <size>0x44</size>
         <input_file_ref idref="fl-4e"/>
      </object_component>
      <object_component id="oc-10f">
         <name>.debug_line</name>
         <load_address>0x17c4</load_address>
         <run_address>0x17c4</run_address>
         <size>0x3f</size>
         <input_file_ref idref="fl-4f"/>
      </object_component>
      <object_component id="oc-113">
         <name>.debug_line</name>
         <load_address>0x1803</load_address>
         <run_address>0x1803</run_address>
         <size>0x58</size>
         <input_file_ref idref="fl-50"/>
      </object_component>
      <object_component id="oc-117">
         <name>.debug_line</name>
         <load_address>0x185b</load_address>
         <run_address>0x185b</run_address>
         <size>0x3c</size>
         <input_file_ref idref="fl-51"/>
      </object_component>
      <object_component id="oc-11">
         <name>.debug_abbrev</name>
         <load_address>0x0</load_address>
         <run_address>0x0</run_address>
         <size>0xcf</size>
         <input_file_ref idref="fl-2"/>
      </object_component>
      <object_component id="oc-17">
         <name>.debug_abbrev</name>
         <load_address>0xcf</load_address>
         <run_address>0xcf</run_address>
         <size>0xdd</size>
         <input_file_ref idref="fl-3"/>
      </object_component>
      <object_component id="oc-20">
         <name>.debug_abbrev</name>
         <load_address>0x1ac</load_address>
         <run_address>0x1ac</run_address>
         <size>0x144</size>
         <input_file_ref idref="fl-4"/>
      </object_component>
      <object_component id="oc-24">
         <name>.debug_abbrev</name>
         <load_address>0x2f0</load_address>
         <run_address>0x2f0</run_address>
         <size>0xd4</size>
         <input_file_ref idref="fl-1b"/>
      </object_component>
      <object_component id="oc-28">
         <name>.debug_abbrev</name>
         <load_address>0x3c4</load_address>
         <run_address>0x3c4</run_address>
         <size>0x3a</size>
         <input_file_ref idref="fl-1c"/>
      </object_component>
      <object_component id="oc-2f">
         <name>.debug_abbrev</name>
         <load_address>0x3fe</load_address>
         <run_address>0x3fe</run_address>
         <size>0xcc</size>
         <input_file_ref idref="fl-1d"/>
      </object_component>
      <object_component id="oc-33">
         <name>.debug_abbrev</name>
         <load_address>0x4ca</load_address>
         <run_address>0x4ca</run_address>
         <size>0x112</size>
         <input_file_ref idref="fl-1e"/>
      </object_component>
      <object_component id="oc-3a">
         <name>.debug_abbrev</name>
         <load_address>0x5dc</load_address>
         <run_address>0x5dc</run_address>
         <size>0xf7</size>
         <input_file_ref idref="fl-1f"/>
      </object_component>
      <object_component id="oc-3e">
         <name>.debug_abbrev</name>
         <load_address>0x6d3</load_address>
         <run_address>0x6d3</run_address>
         <size>0x118</size>
         <input_file_ref idref="fl-20"/>
      </object_component>
      <object_component id="oc-42">
         <name>.debug_abbrev</name>
         <load_address>0x7eb</load_address>
         <run_address>0x7eb</run_address>
         <size>0x136</size>
         <input_file_ref idref="fl-21"/>
      </object_component>
      <object_component id="oc-46">
         <name>.debug_abbrev</name>
         <load_address>0x921</load_address>
         <run_address>0x921</run_address>
         <size>0x8f</size>
         <input_file_ref idref="fl-22"/>
      </object_component>
      <object_component id="oc-4a">
         <name>.debug_abbrev</name>
         <load_address>0x9b0</load_address>
         <run_address>0x9b0</run_address>
         <size>0xb7</size>
         <input_file_ref idref="fl-23"/>
      </object_component>
      <object_component id="oc-4e">
         <name>.debug_abbrev</name>
         <load_address>0xa67</load_address>
         <run_address>0xa67</run_address>
         <size>0x8f</size>
         <input_file_ref idref="fl-24"/>
      </object_component>
      <object_component id="oc-53">
         <name>.debug_abbrev</name>
         <load_address>0xaf6</load_address>
         <run_address>0xaf6</run_address>
         <size>0xc2</size>
         <input_file_ref idref="fl-25"/>
      </object_component>
      <object_component id="oc-57">
         <name>.debug_abbrev</name>
         <load_address>0xbb8</load_address>
         <run_address>0xbb8</run_address>
         <size>0x8f</size>
         <input_file_ref idref="fl-26"/>
      </object_component>
      <object_component id="oc-5c">
         <name>.debug_abbrev</name>
         <load_address>0xc47</load_address>
         <run_address>0xc47</run_address>
         <size>0xc2</size>
         <input_file_ref idref="fl-27"/>
      </object_component>
      <object_component id="oc-62">
         <name>.debug_abbrev</name>
         <load_address>0xd09</load_address>
         <run_address>0xd09</run_address>
         <size>0x1a2</size>
         <input_file_ref idref="fl-28"/>
      </object_component>
      <object_component id="oc-66">
         <name>.debug_abbrev</name>
         <load_address>0xeab</load_address>
         <run_address>0xeab</run_address>
         <size>0x123</size>
         <input_file_ref idref="fl-29"/>
      </object_component>
      <object_component id="oc-6a">
         <name>.debug_abbrev</name>
         <load_address>0xfce</load_address>
         <run_address>0xfce</run_address>
         <size>0x103</size>
         <input_file_ref idref="fl-2a"/>
      </object_component>
      <object_component id="oc-6f">
         <name>.debug_abbrev</name>
         <load_address>0x10d1</load_address>
         <run_address>0x10d1</run_address>
         <size>0x140</size>
         <input_file_ref idref="fl-2b"/>
      </object_component>
      <object_component id="oc-73">
         <name>.debug_abbrev</name>
         <load_address>0x1211</load_address>
         <run_address>0x1211</run_address>
         <size>0x9a</size>
         <input_file_ref idref="fl-2c"/>
      </object_component>
      <object_component id="oc-77">
         <name>.debug_abbrev</name>
         <load_address>0x12ab</load_address>
         <run_address>0x12ab</run_address>
         <size>0x38</size>
         <input_file_ref idref="fl-2d"/>
      </object_component>
      <object_component id="oc-7d">
         <name>.debug_abbrev</name>
         <load_address>0x12e3</load_address>
         <run_address>0x12e3</run_address>
         <size>0x225</size>
         <input_file_ref idref="fl-2e"/>
      </object_component>
      <object_component id="oc-81">
         <name>.debug_abbrev</name>
         <load_address>0x1508</load_address>
         <run_address>0x1508</run_address>
         <size>0x38</size>
         <input_file_ref idref="fl-2f"/>
      </object_component>
      <object_component id="oc-88">
         <name>.debug_abbrev</name>
         <load_address>0x1540</load_address>
         <run_address>0x1540</run_address>
         <size>0x1de</size>
         <input_file_ref idref="fl-30"/>
      </object_component>
      <object_component id="oc-8d">
         <name>.debug_abbrev</name>
         <load_address>0x171e</load_address>
         <run_address>0x171e</run_address>
         <size>0x98</size>
         <input_file_ref idref="fl-31"/>
      </object_component>
      <object_component id="oc-91">
         <name>.debug_abbrev</name>
         <load_address>0x17b6</load_address>
         <run_address>0x17b6</run_address>
         <size>0xdc</size>
         <input_file_ref idref="fl-32"/>
      </object_component>
      <object_component id="oc-95">
         <name>.debug_abbrev</name>
         <load_address>0x1892</load_address>
         <run_address>0x1892</run_address>
         <size>0x81</size>
         <input_file_ref idref="fl-33"/>
      </object_component>
      <object_component id="oc-99">
         <name>.debug_abbrev</name>
         <load_address>0x1913</load_address>
         <run_address>0x1913</run_address>
         <size>0x145</size>
         <input_file_ref idref="fl-34"/>
      </object_component>
      <object_component id="oc-9d">
         <name>.debug_abbrev</name>
         <load_address>0x1a58</load_address>
         <run_address>0x1a58</run_address>
         <size>0xbf</size>
         <input_file_ref idref="fl-35"/>
      </object_component>
      <object_component id="oc-a2">
         <name>.debug_abbrev</name>
         <load_address>0x1b17</load_address>
         <run_address>0x1b17</run_address>
         <size>0xaf</size>
         <input_file_ref idref="fl-36"/>
      </object_component>
      <object_component id="oc-a9">
         <name>.debug_abbrev</name>
         <load_address>0x1bc6</load_address>
         <run_address>0x1bc6</run_address>
         <size>0xcc</size>
         <input_file_ref idref="fl-37"/>
      </object_component>
      <object_component id="oc-ad">
         <name>.debug_abbrev</name>
         <load_address>0x1c92</load_address>
         <run_address>0x1c92</run_address>
         <size>0x8f</size>
         <input_file_ref idref="fl-38"/>
      </object_component>
      <object_component id="oc-b2">
         <name>.debug_abbrev</name>
         <load_address>0x1d21</load_address>
         <run_address>0x1d21</run_address>
         <size>0x15a</size>
         <input_file_ref idref="fl-39"/>
      </object_component>
      <object_component id="oc-b8">
         <name>.debug_abbrev</name>
         <load_address>0x1e7b</load_address>
         <run_address>0x1e7b</run_address>
         <size>0xde</size>
         <input_file_ref idref="fl-3a"/>
      </object_component>
      <object_component id="oc-bd">
         <name>.debug_abbrev</name>
         <load_address>0x1f59</load_address>
         <run_address>0x1f59</run_address>
         <size>0xaf</size>
         <input_file_ref idref="fl-3b"/>
      </object_component>
      <object_component id="oc-c2">
         <name>.debug_abbrev</name>
         <load_address>0x2008</load_address>
         <run_address>0x2008</run_address>
         <size>0x26</size>
         <input_file_ref idref="fl-3c"/>
      </object_component>
      <object_component id="oc-c6">
         <name>.debug_abbrev</name>
         <load_address>0x202e</load_address>
         <run_address>0x202e</run_address>
         <size>0xd1</size>
         <input_file_ref idref="fl-3d"/>
      </object_component>
      <object_component id="oc-cc">
         <name>.debug_abbrev</name>
         <load_address>0x20ff</load_address>
         <run_address>0x20ff</run_address>
         <size>0x9f</size>
         <input_file_ref idref="fl-3e"/>
      </object_component>
      <object_component id="oc-d2">
         <name>.debug_abbrev</name>
         <load_address>0x219e</load_address>
         <run_address>0x219e</run_address>
         <size>0x1f8</size>
         <input_file_ref idref="fl-3f"/>
      </object_component>
      <object_component id="oc-d6">
         <name>.debug_abbrev</name>
         <load_address>0x2396</load_address>
         <run_address>0x2396</run_address>
         <size>0xec</size>
         <input_file_ref idref="fl-40"/>
      </object_component>
      <object_component id="oc-da">
         <name>.debug_abbrev</name>
         <load_address>0x2482</load_address>
         <run_address>0x2482</run_address>
         <size>0xd5</size>
         <input_file_ref idref="fl-41"/>
      </object_component>
      <object_component id="oc-de">
         <name>.debug_abbrev</name>
         <load_address>0x2557</load_address>
         <run_address>0x2557</run_address>
         <size>0x44</size>
         <input_file_ref idref="fl-42"/>
      </object_component>
      <object_component id="oc-e2">
         <name>.debug_abbrev</name>
         <load_address>0x259b</load_address>
         <run_address>0x259b</run_address>
         <size>0xb7</size>
         <input_file_ref idref="fl-43"/>
      </object_component>
      <object_component id="oc-e4">
         <name>.debug_abbrev</name>
         <load_address>0x2652</load_address>
         <run_address>0x2652</run_address>
         <size>0x68</size>
         <input_file_ref idref="fl-44"/>
      </object_component>
      <object_component id="oc-e8">
         <name>.debug_abbrev</name>
         <load_address>0x26ba</load_address>
         <run_address>0x26ba</run_address>
         <size>0x83</size>
         <input_file_ref idref="fl-45"/>
      </object_component>
      <object_component id="oc-ec">
         <name>.debug_abbrev</name>
         <load_address>0x273d</load_address>
         <run_address>0x273d</run_address>
         <size>0xb5</size>
         <input_file_ref idref="fl-46"/>
      </object_component>
      <object_component id="oc-f0">
         <name>.debug_abbrev</name>
         <load_address>0x27f2</load_address>
         <run_address>0x27f2</run_address>
         <size>0x81</size>
         <input_file_ref idref="fl-47"/>
      </object_component>
      <object_component id="oc-f4">
         <name>.debug_abbrev</name>
         <load_address>0x2873</load_address>
         <run_address>0x2873</run_address>
         <size>0xd1</size>
         <input_file_ref idref="fl-48"/>
      </object_component>
      <object_component id="oc-f8">
         <name>.debug_abbrev</name>
         <load_address>0x2944</load_address>
         <run_address>0x2944</run_address>
         <size>0xd0</size>
         <input_file_ref idref="fl-49"/>
      </object_component>
[...]
         <value>0x8000</value>
      </symbol>
      <symbol id="sm-13">
         <name>___data__</name>
         <value>0x8000</value>
      </symbol>
      <symbol id="sm-14">
         <name>edata</name>
         <value>0x8000</value>
      </symbol>
      <symbol id="sm-15">
         <name>___edata__</name>
         <value>0x8000</value>
      </symbol>
      <symbol id="sm-16">
         <name>.bss</name>
         <value>0xffffffff</value>
      </symbol>
      <symbol id="sm-17">
         <name>___bss__</name>
         <value>0xffffffff</value>
      </symbol>
      <symbol id="sm-18">
         <name>end</name>
         <value>0xffffffff</value>
      </symbol>
      <symbol id="sm-19">
         <name>___end__</name>
         <value>0xffffffff</value>
      </symbol>
      <symbol id="sm-65">
         <name>_bit_rev</name>
         <value>0x14179</value>
         <object_component_ref idref="oc-d"/>
      </symbol>
      <symbol id="sm-8a">
         <name>_fft</name>
         <value>0x12b73</value>
         <object_component_ref idref="oc-12"/>
      </symbol>
      <symbol id="sm-ba">
         <name>_main</name>
         <value>0x13296</value>
         <object_component_ref idref="oc-18"/>
      </symbol>
      <symbol id="sm-bb">
         <name>_spectrum</name>
         <value>0xbe40</value>
         <object_component_ref idref="oc-19"/>
      </symbol>
      <symbol id="sm-bc">
         <name>_input7_f</name>
         <value>0xa000</value>
         <object_component_ref idref="oc-19"/>
      </symbol>
      <symbol id="sm-bd">
         <name>_temp</name>
         <value>0xbe38</value>
         <object_component_ref idref="oc-19"/>
      </symbol>
      <symbol id="sm-be">
         <name>_X</name>
         <value>0xba00</value>
         <object_component_ref idref="oc-19"/>
      </symbol>
      <symbol id="sm-bf">
         <name>_W</name>
         <value>0xbe00</value>
         <object_component_ref idref="oc-19"/>
      </symbol>
      <symbol id="sm-c9">
         <name>__addd</name>
         <value>0x1303c</value>
         <object_component_ref idref="oc-21"/>
      </symbol>
      <symbol id="sm-d5">
         <name>__sysstack</name>
         <value>0x1bdc</value>
         <object_component_ref idref="oc-119"/>
      </symbol>
      <symbol id="sm-d6">
         <name>_c_int00</name>
         <value>0x14ab1</value>
         <object_component_ref idref="oc-c"/>
      </symbol>
      <symbol id="sm-d7">
         <name>__stack</name>
         <value>0x2000</value>
         <object_component_ref idref="oc-25"/>
      </symbol>
      <symbol id="sm-e8">
         <name>_cos</name>
         <value>0x134c8</value>
         <object_component_ref idref="oc-29"/>
      </symbol>
      <symbol id="sm-f4">
         <name>__divd</name>
         <value>0x12528</value>
         <object_component_ref idref="oc-30"/>
      </symbol>
      <symbol id="sm-104">
         <name>C$$EXIT</name>
         <value>0x14bd6</value>
         <object_component_ref idref="oc-38"/>
      </symbol>
      <symbol id="sm-105">
         <name>_exit</name>
         <value>0x14a73</value>
         <object_component_ref idref="oc-34"/>
      </symbol>
      <symbol id="sm-106">
         <name>_abort</name>
         <value>0x14bd5</value>
         <object_component_ref idref="oc-38"/>
      </symbol>
      <symbol id="sm-107">
         <name>__cleanup_ptr</name>
         <value>0x34ec</value>
         <object_component_ref idref="oc-35"/>
      </symbol>
      <symbol id="sm-108">
         <name>__dtors_ptr</name>
         <value>0x34f0</value>
         <object_component_ref idref="oc-35"/>
      </symbol>
      <symbol id="sm-112">
         <name>_fclose</name>
         <value>0x143f3</value>
         <object_component_ref idref="oc-3b"/>
      </symbol>
      <symbol id="sm-11c">
         <name>__doflush</name>
         <value>0x13f2e</value>
         <object_component_ref idref="oc-3f"/>
      </symbol>
      <symbol id="sm-11d">
         <name>_fflush</name>
         <value>0x13f97</value>
         <object_component_ref idref="oc-3f"/>
      </symbol>
      <symbol id="sm-127">
         <name>__fixdi</name>
         <value>0x14ae5</value>
         <object_component_ref idref="oc-43"/>
      </symbol>
      <symbol id="sm-131">
         <name>__fixdli</name>
         <value>0x145c9</value>
         <object_component_ref idref="oc-47"/>
      </symbol>
      <symbol id="sm-13b">
         <name>__fltid</name>
         <value>0x14bbf</value>
         <object_component_ref idref="oc-4b"/>
      </symbol>
      <symbol id="sm-147">
         <name>__fltlid</name>
         <value>0x14710</value>
         <object_component_ref idref="oc-4f"/>
      </symbol>
      <symbol id="sm-151">
         <name>__fltud</name>
         <value>0x13ff0</value>
         <object_component_ref idref="oc-54"/>
      </symbol>
      <symbol id="sm-15d">
         <name>__fltuld</name>
         <value>0x147d3</value>
         <object_component_ref idref="oc-58"/>
      </symbol>
      <symbol id="sm-16c">
         <name>__cleanup</name>
         <value>0x12a15</value>
         <object_component_ref idref="oc-5d"/>
      </symbol>
      <symbol id="sm-16d">
         <name>_fopen</name>
         <value>0x12b38</value>
         <object_component_ref idref="oc-5d"/>
      </symbol>
      <symbol id="sm-16e">
         <name>_freopen</name>
         <value>0x12a6f</value>
         <object_component_ref idref="oc-5d"/>
      </symbol>
      <symbol id="sm-178">
         <name>_fprintf</name>
         <value>0x14961</value>
         <object_component_ref idref="oc-63"/>
      </symbol>
      <symbol id="sm-182">
         <name>_putchar</name>
         <value>0x142c6</value>
         <object_component_ref idref="oc-67"/>
      </symbol>
      <symbol id="sm-183">
         <name>_putc</name>
         <value>0x1422f</value>
         <object_component_ref idref="oc-67"/>
      </symbol>
      <symbol id="sm-184">
         <name>_fputc</name>
         <value>0x1422f</value>
         <object_component_ref idref="oc-67"/>
      </symbol>
      <symbol id="sm-192">
         <name>_puts</name>
         <value>0x13bf1</value>
         <object_component_ref idref="oc-6b"/>
      </symbol>
      <symbol id="sm-193">
         <name>_fputs</name>
         <value>0x13abc</value>
         <object_component_ref idref="oc-6b"/>
      </symbol>
      <symbol id="sm-19d">
         <name>__frcmpyd_div</name>
         <value>0x144e4</value>
         <object_component_ref idref="oc-70"/>
      </symbol>
      <symbol id="sm-1a5">
         <name>__mpyli</name>
         <value>0x14b8a</value>
         <object_component_ref idref="oc-74"/>
      </symbol>
      <symbol id="sm-1a6">
         <name>I$$LMPY</name>
         <value>0x14b8a</value>
         <object_component_ref idref="oc-74"/>
      </symbol>
      <symbol id="sm-1b8">
         <name>_add_device</name>
         <value>0x119f7</value>
         <object_component_ref idref="oc-78"/>
      </symbol>
      <symbol id="sm-1b9">
         <name>_rename</name>
         <value>0x11719</value>
         <object_component_ref idref="oc-78"/>
      </symbol>
      <symbol id="sm-1ba">
         <name>_read</name>
         <value>0x117a8</value>
         <object_component_ref idref="oc-78"/>
      </symbol>
      <symbol id="sm-1bb">
         <name>_unlink</name>
         <value>0x116e6</value>
         <object_component_ref idref="oc-78"/>
      </symbol>
      <symbol id="sm-1bc">
         <name>_remove_device</name>
         <value>0x11772</value>
         <object_component_ref idref="oc-78"/>
      </symbol>
      <symbol id="sm-1bd">
         <name>_open</name>
         <value>0x11856</value>
         <object_component_ref idref="oc-78"/>
      </symbol>
      <symbol id="sm-1be">
         <name>_find_registered_device</name>
         <value>0x1197b</value>
         <object_component_ref idref="oc-78"/>
      </symbol>
      <symbol id="sm-1bf">
         <name>_lseek</name>
         <value>0x11915</value>
         <object_component_ref idref="oc-78"/>
      </symbol>
      <symbol id="sm-1c0">
         <name>_close</name>
         <value>0x11984</value>
         <object_component_ref idref="oc-78"/>
      </symbol>
      <symbol id="sm-1c1">
         <name>_write</name>
         <value>0x115a4</value>
         <object_component_ref idref="oc-78"/>
      </symbol>
      <symbol id="sm-1c9">
         <name>_memcpy</name>
         <value>0x14a34</value>
         <object_component_ref idref="oc-7e"/>
      </symbol>
      <symbol id="sm-1d9">
         <name>__sys_memory</name>
         <value>0x8000</value>
         <object_component_ref idref="oc-86"/>
      </symbol>
      <symbol id="sm-1da">
         <name>_chkheap</name>
         <value>0x11f6e</value>
         <object_component_ref idref="oc-82"/>
      </symbol>
      <symbol id="sm-1db">
         <name>_realloc</name>
         <value>0x11d0d</value>
         <object_component_ref idref="oc-82"/>
      </symbol>
      <symbol id="sm-1dc">
         <name>_free_memory</name>
         <value>0x11f18</value>
         <object_component_ref idref="oc-82"/>
      </symbol>
      <symbol id="sm-1dd">
         <name>_max_free</name>
         <value>0x11ebe</value>
         <object_component_ref idref="oc-82"/>
      </symbol>
      <symbol id="sm-1de">
         <name>_free</name>
         <value>0x11ae7</value>
         <object_component_ref idref="oc-82"/>
      </symbol>
      <symbol id="sm-1df">
         <name>_calloc</name>
         <value>0x11f76</value>
         <object_component_ref idref="oc-82"/>
      </symbol>
      <symbol id="sm-1e0">
         <name>_malloc</name>
         <value>0x11c18</value>
         <object_component_ref idref="oc-82"/>
      </symbol>
      <symbol id="sm-1e1">
         <name>_minit</name>
         <value>0x11bb3</value>
         <object_component_ref idref="oc-82"/>
      </symbol>
      <symbol id="sm-1ed">
         <name>_modf</name>
         <value>0x14000</value>
         <object_component_ref idref="oc-89"/>
      </symbol>
      <symbol id="sm-1f7">
         <name>__mpyd</name>
         <value>0x13c1f</value>
         <object_component_ref idref="oc-8e"/>
      </symbol>
      <symbol id="sm-201">
         <name>__negd</name>
         <value>0x14baf</value>
         <object_component_ref idref="oc-92"/>
      </symbol>
      <symbol id="sm-20b">
         <name>_printf</name>
         <value>0x1482e</value>
         <object_component_ref idref="oc-96"/>
      </symbol>
      <symbol id="sm-215">
         <name>_remove</name>
         <value>0x14bcb</value>
         <object_component_ref idref="oc-9a"/>
      </symbol>
      <symbol id="sm-221">
         <name>__nround</name>
         <value>0x11f9c</value>
         <object_component_ref idref="oc-9e"/>
      </symbol>
      <symbol id="sm-232">
         <name>_sin</name>
         <value>0x136e0</value>
         <object_component_ref idref="oc-a3"/>
      </symbol>
      <symbol id="sm-23c">
         <name>__subd</name>
         <value>0x14b76</value>
         <object_component_ref idref="oc-aa"/>
      </symbol>
      <symbol id="sm-248">
         <name>_HOSTopen</name>
         <value>0x1230b</value>
         <object_component_ref idref="oc-ae"/>
      </symbol>
      <symbol id="sm-249">
         <name>_HOSTread</name>
         <value>0x1227e</value>
         <object_component_ref idref="oc-ae"/>
      </symbol>
      <symbol id="sm-24a">
         <name>_HOSTtime</name>
         <value>0x12172</value>
         <object_component_ref idref="oc-ae"/>
      </symbol>
      <symbol id="sm-24b">
         <name>_getenv</name>
         <value>0x12000</value>
         <object_component_ref idref="oc-ae"/>
      </symbol>
      <symbol id="sm-24c">
         <name>_HOSTrename</name>
         <value>0x121d0</value>
         <object_component_ref idref="oc-ae"/>
      </symbol>
      <symbol id="sm-24d">
         <name>_HOSTclock</name>
         <value>0x124ca</value>
         <object_component_ref idref="oc-ae"/>
      </symbol>
      <symbol id="sm-24e">
         <name>_HOSTwrite</name>
         <value>0x1207b</value>
         <object_component_ref idref="oc-ae"/>
      </symbol>
      <symbol id="sm-24f">
         <name>_HOSTlseek</name>
         <value>0x123aa</value>
         <object_component_ref idref="oc-ae"/>
      </symbol>
      <symbol id="sm-250">
         <name>_HOSTunlink</name>
         <value>0x12108</value>
         <object_component_ref idref="oc-ae"/>
      </symbol>
      <symbol id="sm-251">
         <name>_HOSTclose</name>
         <value>0x1245f</value>
         <object_component_ref idref="oc-ae"/>
      </symbol>
      <symbol id="sm-263">
         <name>C$$IO$$</name>
         <value>0x14174</value>
         <object_component_ref idref="oc-b6"/>
      </symbol>
      <symbol id="sm-264">
         <name>__CIOBUF_</name>
         <value>0x4420</value>
         <object_component_ref idref="oc-b5"/>
      </symbol>
      <symbol id="sm-265">
         <name>_readmsg</name>
         <value>0x14638</value>
         <object_component_ref idref="oc-b3"/>
      </symbol>
      <symbol id="sm-266">
         <name>_writemsg</name>
         <value>0x140bf</value>
         <object_component_ref idref="oc-b6"/>
      </symbol>
      <symbol id="sm-272">
         <name>__trunc</name>
         <value>0x149f3</value>
         <object_component_ref idref="oc-b9"/>
      </symbol>
      <symbol id="sm-27c">
         <name>_Reset</name>
         <value>0xffff00</value>
         <object_component_ref idref="oc-bf"/>
      </symbol>
      <symbol id="sm-286">
         <name>__rd_ok</name>
         <value>0x13ed1</value>
         <object_component_ref idref="oc-c3"/>
      </symbol>
      <symbol id="sm-287">
         <name>__wrt_ok</name>
         <value>0x13e51</value>
         <object_component_ref idref="oc-c3"/>
      </symbol>
      <symbol id="sm-295">
         <name>__unlock</name>
         <value>0x34e8</value>
         <object_component_ref idref="oc-c8"/>
      </symbol>
      <symbol id="sm-296">
         <name>__lock</name>
         <value>0x34e4</value>
         <object_component_ref idref="oc-c8"/>
      </symbol>
      <symbol id="sm-297">
         <name>__register_lock</name>
         <value>0x14ba5</value>
         <object_component_ref idref="oc-c7"/>
      </symbol>
      <symbol id="sm-298">
         <name>__nop</name>
         <value>0x14bad</value>
         <object_component_ref idref="oc-c7"/>
      </symbol>
      <symbol id="sm-299">
         <name>__register_unlock</name>
         <value>0x14b9d</value>
         <object_component_ref idref="oc-c7"/>
      </symbol>
      <symbol id="sm-2ab">
         <name>__printfi</name>
         <value>0x11362</value>
         <object_component_ref idref="oc-cd"/>
      </symbol>
      <symbol id="sm-2b5">
         <name>__args_main</name>
         <value>0x148cb</value>
         <object_component_ref idref="oc-d3"/>
      </symbol>
      <symbol id="sm-2b6">
         <name>__TI_args_main</name>
         <value>0x1</value>
      </symbol>
      <symbol id="sm-2c0">
         <name>_atoi</name>
         <value>0x14777</value>
         <object_component_ref idref="oc-d7"/>
      </symbol>
      <symbol id="sm-2c8">
         <name>_auto_init</name>
         <value>0x1487e</value>
         <object_component_ref idref="oc-db"/>
      </symbol>
      <symbol id="sm-2d2">
         <name>__eqld</name>
         <value>0x13a30</value>
         <object_component_ref idref="oc-df"/>
      </symbol>
      <symbol id="sm-2d3">
         <name>__cmpd</name>
         <value>0x13a64</value>
         <object_component_ref idref="oc-df"/>
      </symbol>
      <symbol id="sm-2d4">
         <name>__neqd</name>
         <value>0x138d2</value>
         <object_component_ref idref="oc-df"/>
      </symbol>
      <symbol id="sm-2d5">
         <name>__gtrd</name>
         <value>0x1399b</value>
         <object_component_ref idref="oc-df"/>
      </symbol>
      <symbol id="sm-2d6">
         <name>__geqd</name>
         <value>0x139e6</value>
         <object_component_ref idref="oc-df"/>
      </symbol>
      <symbol id="sm-2d7">
         <name>__leqd</name>
         <value>0x1394e</value>
         <object_component_ref idref="oc-df"/>
      </symbol>
      <symbol id="sm-2d8">
         <name>__lssd</name>
         <value>0x13906</value>
         <object_component_ref idref="oc-df"/>
      </symbol>
      <symbol id="sm-2e0">
         <name>__ctypes_</name>
         <value>0x4000</value>
         <object_component_ref idref="oc-11b"/>
      </symbol>
      <symbol id="sm-2ea">
         <name>__tmpnams</name>
         <value>0x30f0</value>
         <object_component_ref idref="oc-e5"/>
      </symbol>
      <symbol id="sm-2eb">
         <name>__ft_end</name>
         <value>0x3230</value>
         <object_component_ref idref="oc-e5"/>
      </symbol>
      <symbol id="sm-2ec">
         <name>__ftable</name>
         <value>0x3000</value>
         <object_component_ref idref="oc-e5"/>
      </symbol>
      <symbol id="sm-2f7">
         <name>__divul</name>
         <value>0x142d5</value>
         <object_component_ref idref="oc-e9"/>
      </symbol>
      <symbol id="sm-301">
         <name>__frcmpyd</name>
         <value>0x1446e</value>
         <object_component_ref idref="oc-ed"/>
      </symbol>
      <symbol id="sm-30b">
         <name>_fseek</name>
         <value>0x146a5</value>
         <object_component_ref idref="oc-f1"/>
      </symbol>
      <symbol id="sm-315">
         <name>___isinf</name>
         <value>0x14b5c</value>
         <object_component_ref idref="oc-f5"/>
      </symbol>
      <symbol id="sm-31f">
         <name>__divull</name>
         <value>0x12f13</value>
         <object_component_ref idref="oc-f9"/>
      </symbol>
      <symbol id="sm-320">
         <name>__mpylli</name>
         <value>0x12e5b</value>
         <object_component_ref idref="oc-f9"/>
      </symbol>
      <symbol id="sm-321">
         <name>__remlli</name>
         <value>0x12e2c</value>
         <object_component_ref idref="oc-f9"/>
      </symbol>
      <symbol id="sm-322">
         <name>__divlli</name>
         <value>0x13007</value>
         <object_component_ref idref="oc-f9"/>
      </symbol>
      <symbol id="sm-323">
         <name>__remull</name>
         <value>0x12dde</value>
         <object_component_ref idref="oc-f9"/>
      </symbol>
      <symbol id="sm-32d">
         <name>_ltoa</name>
         <value>0x14376</value>
         <object_component_ref idref="oc-fd"/>
      </symbol>
      <symbol id="sm-338">
         <name>_memccpy</name>
         <value>0x14b39</value>
         <object_component_ref idref="oc-101"/>
      </symbol>
      <symbol id="sm-342">
         <name>__remli</name>
         <value>0x14916</value>
         <object_component_ref idref="oc-105"/>
      </symbol>
      <symbol id="sm-34d">
         <name>__remul</name>
         <value>0x14557</value>
         <object_component_ref idref="oc-109"/>
      </symbol>
      <symbol id="sm-357">
         <name>_setvbuf</name>
         <value>0x13d6b</value>
         <object_component_ref idref="oc-10d"/>
      </symbol>
      <symbol id="sm-35f">
         <name>__remu</name>
         <value>0x14b24</value>
         <object_component_ref idref="oc-111"/>
      </symbol>
      <symbol id="sm-360">
         <name>__divu</name>
         <value>0x14b0f</value>
         <object_component_ref idref="oc-111"/>
      </symbol>
      <symbol id="sm-361">
         <name>I$$UMOD</name>
         <value>0x14b24</value>
         <object_component_ref idref="oc-111"/>
      </symbol>
      <symbol id="sm-362">
         <name>I$$UDIV</name>
         <value>0x14b0f</value>
         <object_component_ref idref="oc-111"/>
      </symbol>
      <symbol id="sm-36c">
         <name>__divli</name>
         <value>0x149ab</value>
         <object_component_ref idref="oc-115"/>
      </symbol>
   </symbol_table>
</link_info>
