******************************************************************************
              TMS320C55x Linker PC v4.4.1                      
******************************************************************************
>> Linked Sun Mar 14 20:26:54 2021

OUTPUT FILE NAME:   <14_asmIIR.out>
ENTRY POINT SYMBOL: "_c_int00"  address: 000167de


MEMORY CONFIGURATION

         name            origin    length      used     unused   attr    fill
                        (bytes)   (bytes)    (bytes)   (bytes)
----------------------  --------  ---------  --------  --------  ----  --------
  MMR                   00000000   000000c0  00000000  000000c0  RWIX
  DARAM0                000000c0   00001f40  00001a7c  000004c4  RWIX
  DARAM1                00002000   00002000  00000000  00002000  RWIX
  DARAM2                00004000   00002000  00000000  00002000  RWIX
  DARAM3                00006000   00002000  00000000  00002000  RWIX
  DARAM4                00008000   00002000  00001000  00001000  RWIX
  DARAM5                0000a000   00002000  0000078c  00001874  RWIX
  DARAM6                0000c000   00002000  00000000  00002000  RWIX
  DARAM7                0000e000   00002000  00000000  00002000  RWIX
  SARAM0                00010000   00002000  00002000  00000000  RWIX
  SARAM1                00012000   00002000  00001ffc  00000004  RWIX
  SARAM2                00014000   00002000  00001ffd  00000003  RWIX
  SARAM3                00016000   00002000  000008eb  00001715  RWIX
  SARAM4                00018000   00002000  00000000  00002000  RWIX
  SARAM5                0001a000   00002000  00000000  00002000  RWIX
  SARAM6                0001c000   00002000  00000000  00002000  RWIX
  SARAM7                0001e000   00002000  00000000  00002000  RWIX
  SARAM8                00020000   00002000  00000000  00002000  RWIX
  SARAM9                00022000   00002000  00000000  00002000  RWIX
  SARAM10               00024000   00002000  00000000  00002000  RWIX
  SARAM11               00026000   00002000  00000000  00002000  RWIX
  SARAM12               00028000   00002000  00000000  00002000  RWIX
  SARAM13               0002a000   00002000  00000000  00002000  RWIX
  SARAM14               0002c000   00002000  00000000  00002000  RWIX
  SARAM15               0002e000   00002000  00000000  00002000  RWIX
  SARAM16               00030000   00002000  00000000  00002000  RWIX
  SARAM17               00032000   00002000  00000000  00002000  RWIX
  SARAM18               00034000   00002000  00000000  00002000  RWIX
  SARAM19               00036000   00002000  00000000  00002000  RWIX
  SARAM20               00038000   00002000  00000000  00002000  RWIX
  SARAM21               0003a000   00002000  00000000  00002000  RWIX
  SARAM22               0003c000   00002000  00000000  00002000  RWIX
  SARAM23               0003e000   00002000  00000000  00002000  RWIX
  SARAM24               00040000   00002000  00000000  00002000  RWIX
  SARAM25               00042000   00002000  00000000  00002000  RWIX
  SARAM26               00044000   00002000  00000000  00002000  RWIX
  SARAM27               00046000   00002000  00000000  00002000  RWIX
  SARAM28               00048000   00002000  00000000  00002000  RWIX
  SARAM29               0004a000   00002000  00000000  00002000  RWIX
  SARAM30               0004c000   00002000  00000000  00002000  RWIX
  SARAM31               0004e000   00002000  00000000  00002000  RWIX
  ROM                   00fe0000   0001ff00  00000000  0001ff00  RWIX
  VECS                  00ffff00   00000100  00000100  00000000  RWIX


SECTION ALLOCATION MAP
(Addresses surrounded by []'s are displayed for convenience only!)

output                                                          attributes/
section   page  orgn(bytes) orgn(words) len(bytes) len(words)   input sections
--------  ----  ----------- ----------- ---------- ----------   --------------
.stack       0   [ 000000c0 ]  00000060          *   00000800   UNINITIALIZED
                 [ 000000c0 ]  00000060          *   00000800   --HOLE--

.const       0   [ 000010c0 ]  00000860          *   000002a6   
                 [ 000010c0 ]  00000860          *   00000101   rts55x.lib : ctype.obj (.const:__ctypes_)
                 [ 000012c2 ]  00000961          *   00000001   --HOLE-- [fill = 0]
                 [ 000012c4 ]  00000962          *   000000d3   asmIIRTest.obj (.const:.string)
                 [ 0000146a ]  00000a35          *   00000001   --HOLE-- [fill = 0]
                 [ 0000146c ]  00000a36          *   00000024   rts55x.lib : _printfi.obj (.const:.string)
                 [ 000014b4 ]  00000a5a          *   0000001b   asmIIRTest.obj (.const:_DEN)
                 [ 000014ea ]  00000a75          *   0000001b   asmIIRTest.obj (.const:_NUM)
                 [ 00001520 ]  00000a90          *   00000014   rts55x.lib : strtod.obj (.const:_digits)
                 [ 00001548 ]  00000aa4          *   00000014              : strtold.obj (.const:_digits)
                 [ 00001570 ]  00000ab8          *   0000000c              : strtod.obj (.const:_powerof10)
                 [ 00001588 ]  00000ac4          *   0000000c              : strtold.obj (.const:_powerof10)
                 [ 000015a0 ]  00000ad0          *   0000000c              : _printfi.obj (.const)
                 [ 000015b8 ]  00000adc          *   00000008              : divd.obj (.const:_initial_approx$1)
                 [ 000015c8 ]  00000ae4          *   00000008              : strtod.obj (.const)
                 [ 000015d8 ]  00000aec          *   00000008              : strtold.obj (.const)
                 [ 000015e8 ]  00000af4          *   00000007              : _scanfi.obj (.const:_flit$1)
                 [ 000015f6 ]  00000afb          *   00000006              : _scanfi.obj (.const:_barr$2)
                 [ 00001602 ]  00000b01          *   00000001   --HOLE-- [fill = 0]
                 [ 00001604 ]  00000b02          *   00000002              : fputs.obj (.const:.string)
                 [ 00001608 ]  00000b04          *   00000002              : fltlid.obj (.const)

.cio         0   [ 00001610 ]  00000b08          *   00000120   UNINITIALIZED
                 [ 00001610 ]  00000b08          *   00000120   rts55x.lib : trgmsg.obj (.cio)

.sysstack 
*            0   [ 00001850 ]  00000c28          *   00000100   UNINITIALIZED
                 [ 00001850 ]  00000c28          *   00000100   --HOLE--

.cinit       0   [ 00001a50 ]  00000d28          *   00000078   
                 [ 00001a50 ]  00000d28          *   0000002d   rts55x.lib : lowlev.obj (.cinit)
                 [ 00001aaa ]  00000d55          *   0000002a              : defs.obj (.cinit)
                 [ 00001afe ]  00000d7f          *   0000000a              : _lock.obj (.cinit)
                 [ 00001b12 ]  00000d89          *   0000000a              : exit.obj (.cinit)
                 [ 00001b26 ]  00000d93          *   00000004              : errno.obj (.cinit)
                 [ 00001b2e ]  00000d97          *   00000004              : fopen.obj (.cinit)
                 [ 00001b36 ]  00000d9b          *   00000004              : memory.obj (.cinit)
                 [ 00001b3e ]  00000d9f          *   00000001   --HOLE-- [fill = 0]

.sysmem      0   [ 00008000 ]  00004000          *   00000800   UNINITIALIZED
                 [ 00008000 ]  00004000          *   00000800   --HOLE--

.data        0   [ 00008000 ]  00004000          *   00000000   UNINITIALIZED

.bss         0   [ 0000a000 ]  00005000          *   000003c6   UNINITIALIZED
                 [ 0000a000 ]  00005000          *   0000015c   asmIIRTest.obj (.bss)
                 [ 0000a2b8 ]  0000515c          *   00000119   rts55x.lib : defs.obj (.bss)
                 [ 0000a4ea ]  00005275          *   000000d0              : trgdrv.obj (.bss)
                 [ 0000a68a ]  00005345          *   00000001              : errno.obj (.bss)
                 [ 0000a68c ]  00005346          *   00000071              : lowlev.obj (.bss)
                 [ 0000a76e ]  000053b7          *   00000001              : fopen.obj (.bss)
                 [ 0000a770 ]  000053b8          *   00000006              : memory.obj (.bss)
                 [ 0000a77c ]  000053be          *   00000004              : _lock.obj (.bss)
                 [ 0000a784 ]  000053c2          *   00000004              : exit.obj (.bss)

.text.1      0     00010000  [ 00008000 ] 00002000          *   
                   00010000  [ 00008000 ] 000015a4          *   rts55x.lib : _printfi.obj (.text)
                   000115a4  [ 00008ad2 ] 00000543          *              : lowlev.obj (.text)
                   00011ae7  [ 00008d73+] 000004b5          *              : memory.obj (.text)
                   00011f9c  [ 00008fce ] 0000005c          *              : atoi.obj (.text)
                   00011ff8  [ 00008ffc ] 00000007          *              : exit.obj (.text:CIO_breakpoint)
                   00011fff  [ 00008fff ] 00000001          *   --HOLE-- [fill = 20]

.text.2      0     00012000  [ 00009000 ] 00001ffc          *   
                   00012000  [ 00009000 ] 00000edb          *   rts55x.lib : _scanfi.obj (.text)
                   00012edb  [ 0000976d+] 00000528          *              : trgdrv.obj (.text)
                   00013403  [ 00009a01+] 00000429          *   asmIIRTest.obj (.text)
                   0001382c  [ 00009c16 ] 000003cc          *   rts55x.lib : divd.obj (.text)
                   00013bf8  [ 00009dfc ] 00000301          *              : strtoll.obj (.text)
                   00013ef9  [ 00009f7c+] 000000e6          *              : setvbuf.obj (.text)
                   00013fdf  [ 00009fef+] 0000001a          *              : isinf.obj (.text)
                   00013ff9  [ 00009ffc+] 00000002          *              : vectors.obj (.text)
                   00013ffb  [ 00009ffd ] 00000001          *   --HOLE-- [fill = 20]

.text.3      0     00014000  [ 0000a000 ] 00001ffd          *   
                   00014000  [ 0000a000 ] 000002bd          *   rts55x.lib : strtod.obj (.text)
                   000142bd  [ 0000a15e+] 0000029f          *              : strtold.obj (.text)
                   0001455c  [ 0000a2ae ] 0000027f          *              : fopen.obj (.text)
                   000147db  [ 0000a3ed+] 0000025e          *              : llmpy.obj (.text)
                   00014a39  [ 0000a51c+] 0000025a          *              : addd.obj (.text)
                   00014c93  [ 0000a649+] 0000024b          *              : strtoull.obj (.text)
                   00014ede  [ 0000a76f ] 00000208          *              : strtol.obj (.text)
                   000150e6  [ 0000a873 ] 000001ee          *              : fwrite.obj (.text)
                   000152d4  [ 0000a96a ] 000001ea          *              : cmpd.obj (.text)
                   000154be  [ 0000aa5f ] 000001d1          *              : strtoul.obj (.text)
                   0001568f  [ 0000ab47+] 00000163          *              : fputs.obj (.text)
                   000157f2  [ 0000abf9 ] 00000161          *              : fscanf.obj (.text)
                   00015953  [ 0000aca9+] 0000014c          *              : mpyd.obj (.text)
                   00015a9f  [ 0000ad4f+] 0000010f          *              : fread.obj (.text)
                   00015bae  [ 0000add7 ] 000000dd          *              : _io_perm.obj (.text)
                   00015c8b  [ 0000ae45+] 000000c2          *              : fflush.obj (.text)
                   00015d4d  [ 0000aea6+] 000000ba          *              : trgmsg.obj (.text:CIO_breakpoint)
                   00015e07  [ 0000af03+] 000000ae          *              : _bufread.obj (.text)
                   00015eb5  [ 0000af5a+] 000000a6          *              : fputc.obj (.text)
                   00015f5b  [ 0000afad+] 000000a1          *              : divul.obj (.text)
                   00015ffc  [ 0000affe ] 00000001          *   --HOLE-- [fill = 20]

.text.4      0     00016000  [ 0000b000 ] 000008eb          *   
                   00016000  [ 0000b000 ] 0000009b          *   rts55x.lib : fgetc.obj (.text)
                   0001609b  [ 0000b04d+] 0000009a          *              : ungetc.obj (.text)
                   00016135  [ 0000b09a+] 0000007d          *              : ltoa.obj (.text)
                   000161b2  [ 0000b0d9 ] 0000007b          *              : fclose.obj (.text)
                   0001622d  [ 0000b116+] 00000076          *              : frcmpyd.obj (.text)
                   000162a3  [ 0000b151+] 00000074          *   asmIIR.obj (.text:iir_code)
                   00016317  [ 0000b18b+] 00000073          *   rts55x.lib : frcmpyd_div.obj (.text)
                   0001638a  [ 0000b1c5 ] 00000072          *              : remul.obj (.text)
                   000163fc  [ 0000b1fe ] 0000006f          *              : fixdli.obj (.text)
                   0001646b  [ 0000b235+] 0000006d          *              : trgmsg.obj (.text)
                   000164d8  [ 0000b26c ] 0000006b          *              : fseek.obj (.text)
                   00016543  [ 0000b2a1+] 00000067          *              : fltlid.obj (.text)
                   000165aa  [ 0000b2d5 ] 00000050          *              : printf.obj (.text)
                   000165fa  [ 0000b2fd ] 0000004d          *              : autoinit.obj (.text)
                   00016647  [ 0000b323+] 0000004b          *              : args_main.obj (.text)
                   00016692  [ 0000b349 ] 0000004b          *              : remli.obj (.text)
                   000166dd  [ 0000b36e+] 00000048          *              : divli.obj (.text)
                   00016725  [ 0000b392+] 0000003f          *              : memcpy.obj (.text)
                   00016764  [ 0000b3b2 ] 0000003e          *              : exit.obj (.text)
                   000167a2  [ 0000b3d1 ] 0000003c          *              : idiv.obj (.text)
                   000167de  [ 0000b3ef ] 00000034          *              : boot.obj (.text)
                   00016812  [ 0000b409 ] 0000002a          *              : fixdi.obj (.text)
                   0001683c  [ 0000b41e ] 0000002a          *              : udiv.obj (.text)
                   00016866  [ 0000b433 ] 00000023          *              : memccpy.obj (.text)
                   00016889  [ 0000b444+] 00000014          *              : subd.obj (.text)
                   0001689d  [ 0000b44e+] 00000013          *              : lmpy.obj (.text)
                   000168b0  [ 0000b458 ] 00000012          *              : _lock.obj (.text)
                   000168c2  [ 0000b461 ] 00000010          *              : negd.obj (.text)
                   000168d2  [ 0000b469 ] 0000000e          *              : rewind.obj (.text)
                   000168e0  [ 0000b470 ] 0000000a          *              : remove.obj (.text)
                   000168ea  [ 0000b475 ] 00000001          *   --HOLE-- [fill = 20]

vectors      0     00ffff00  [ 007fff80 ] 00000100          *   NOLOAD SECTION
                   00ffff00  [ 007fff80 ] 00000100          *   rts55x.lib : vectors.obj (vectors)


GLOBAL SYMBOLS: SORTED ALPHABETICALLY BY Name 

abs. value/
byte addr   word addr   name
---------   ---------   ----
00000002                $TI_capability$C5500$CallingConvention
00000002                $TI_capability$C5500$MemoryModel
00000001                $TI_capability_requires_rev3
            00005000    .bss
            00004000    .data
ffffffff                .text
00011ff9                C$$EXIT
00015e02                C$$IO$$
000167a2                I$$DIV
0001689d                I$$LMPY
000167c1                I$$MOD
0001683c                I$$UDIV
00016851                I$$UMOD
            00005000    _C
            00000a5a    _DEN
000133a5                _HOSTclock
0001333a                _HOSTclose
00013285                _HOSTlseek
000131e6                _HOSTopen
00013159                _HOSTread
000130ab                _HOSTrename
0001304d                _HOSTtime
00012fe3                _HOSTunlink
00012f56                _HOSTwrite
            00000a75    _NUM
00ffff00                _Reset
            00000b08    __CIOBUF_
            00000860    __STACK_END
00001000                __STACK_SIZE
00001000                __SYSMEM_SIZE
00000200                __SYSSTACK_SIZE
00000001                __TI_args_main
ffffffff                ___binit__
            00005000    ___bss__
ffffffff                ___c_args__
            00000d28    ___cinit__
            00004000    ___data__
            00004000    ___edata__
            000053c6    ___end__
ffffffff                ___etext__
00013fdf                ___isinf
ffffffff                ___pinit__
ffffffff                ___text__
00014a39                __addd
00016647                __args_main
00015e07                __buff_read
0001467d                __cleanup
            000053c2    __cleanup_ptr
00015466                __cmpd
            00000860    __ctypes_
0001382c                __divd
000167a2                __divi
000166dd                __divli
00014a04                __divlli
0001683c                __divu
00015f5b                __divul
00014910                __divull
00015c8b                __doflush
            000053c4    __dtors_ptr
00015432                __eqld
00016812                __fixdi
000163fc                __fixdli
00016543                __fltlid
0001622d                __frcmpyd
00016317                __frcmpyd_div
            00005274    __ft_end
            0000515c    __ftable
000153e8                __geqd
0001539d                __gtrd
00015350                __leqd
            000053be    __lock
00015308                __lssd
00015953                __mpyd
0001689d                __mpyli
00014858                __mpylli
000168c2                __negd
000152d4                __neqd
000168c0                __nop
00011362                __printfi
00015c2e                __rd_ok
000168b8                __register_lock
000168b0                __register_unlock
000167c1                __remi
00016692                __remli
00014829                __remlli
00016851                __remu
0001638a                __remul
000147db                __remull
000129d3                __scanfi
            00000060    __stack
00016889                __subd
            00004000    __sys_memory
            00000c28    __sysstack
            000051d4    __tmpnams
            000053c0    __unlock
00015bae                __wrt_ok
00011ff8                _abort
000119f7                _add_device
000162a3                _asmIIR
00011f9c                _atoi
000165fa                _auto_init
000167de                _c_int00
00011f76                _calloc
00011f6e                _chkheap
00011984                _close
            00005345    _errno
00016764                _exit
000161b2                _fclose
00015cf4                _fflush
00016000                _fgetc
0001197b                _find_registered_device
000147a0                _fopen
00015eb5                _fputc
0001568f                _fputs
00015a9f                _fread
00011ae7                _free
00011f18                _free_memory
000146d7                _freopen
0001582e                _fscanf
000164d8                _fseek
000150e6                _fwrite
00016000                _getc
0001608c                _getchar
00012edb                _getenv
            000050bc    _in
00011915                _lseek
00016135                _ltoa
00013403                _main
00011c18                _malloc
00011ebe                _max_free
00016866                _memccpy
00016725                _memcpy
00011bb3                _minit
00011856                _open
            0000501c    _out
000165aa                _printf
00015eb5                _putc
00015f4c                _putchar
000157c4                _puts
000117a8                _read
0001646b                _readmsg
00011d0d                _realloc
000168e0                _remove
00011772                _remove_device
00011719                _rename
000168d2                _rewind
000157f2                _scanf
00013ef9                _setvbuf
00014000                _strtod
00014ede                _strtol
000142bd                _strtold
00013bf8                _strtoll
000154be                _strtoul
00014c93                _strtoull
0001609b                _ungetc
000116e6                _unlink
            00005014    _w
0001379e                _wHdUpdt
000115a4                _write
00015d4d                _writemsg
ffffffff                binit
            00000d28    cinit
            00004000    edata
            000053c6    end
ffffffff                etext
ffffffff                pinit


GLOBAL SYMBOLS: SORTED BY Symbol Address 

abs. value/
byte addr   word addr   name
---------   ---------   ----
00000001                $TI_capability_requires_rev3
00000001                __TI_args_main
00000002                $TI_capability$C5500$CallingConvention
00000002                $TI_capability$C5500$MemoryModel
            00000060    __stack
00000200                __SYSSTACK_SIZE
00001000                __STACK_SIZE
00001000                __SYSMEM_SIZE
            00000860    __STACK_END
            00000860    __ctypes_
            00000a5a    _DEN
            00000a75    _NUM
            00000b08    __CIOBUF_
            00000c28    __sysstack
            00000d28    ___cinit__
            00000d28    cinit
            00004000    .data
            00004000    ___data__
            00004000    ___edata__
            00004000    __sys_memory
            00004000    edata
            00005000    .bss
            00005000    _C
            00005000    ___bss__
            00005014    _w
            0000501c    _out
            000050bc    _in
            0000515c    __ftable
            000051d4    __tmpnams
            00005274    __ft_end
            00005345    _errno
            000053be    __lock
            000053c0    __unlock
            000053c2    __cleanup_ptr
            000053c4    __dtors_ptr
            000053c6    ___end__
            000053c6    end
00011362                __printfi
000115a4                _write
000116e6                _unlink
00011719                _rename
00011772                _remove_device
000117a8                _read
00011856                _open
00011915                _lseek
0001197b                _find_registered_device
00011984                _close
000119f7                _add_device
00011ae7                _free
00011bb3                _minit
00011c18                _malloc
00011d0d                _realloc
00011ebe                _max_free
00011f18                _free_memory
00011f6e                _chkheap
00011f76                _calloc
00011f9c                _atoi
00011ff8                _abort
00011ff9                C$$EXIT
000129d3                __scanfi
00012edb                _getenv
00012f56                _HOSTwrite
00012fe3                _HOSTunlink
0001304d                _HOSTtime
000130ab                _HOSTrename
00013159                _HOSTread
000131e6                _HOSTopen
00013285                _HOSTlseek
0001333a                _HOSTclose
000133a5                _HOSTclock
00013403                _main
0001379e                _wHdUpdt
0001382c                __divd
00013bf8                _strtoll
00013ef9                _setvbuf
00013fdf                ___isinf
00014000                _strtod
000142bd                _strtold
0001467d                __cleanup
000146d7                _freopen
000147a0                _fopen
000147db                __remull
00014829                __remlli
00014858                __mpylli
00014910                __divull
00014a04                __divlli
00014a39                __addd
00014c93                _strtoull
00014ede                _strtol
000150e6                _fwrite
000152d4                __neqd
00015308                __lssd
00015350                __leqd
0001539d                __gtrd
000153e8                __geqd
00015432                __eqld
00015466                __cmpd
000154be                _strtoul
0001568f                _fputs
000157c4                _puts
000157f2                _scanf
0001582e                _fscanf
00015953                __mpyd
00015a9f                _fread
00015bae                __wrt_ok
00015c2e                __rd_ok
00015c8b                __doflush
00015cf4                _fflush
00015d4d                _writemsg
00015e02                C$$IO$$
00015e07                __buff_read
00015eb5                _fputc
00015eb5                _putc
00015f4c                _putchar
00015f5b                __divul
00016000                _fgetc
00016000                _getc
0001608c                _getchar
0001609b                _ungetc
00016135                _ltoa
000161b2                _fclose
0001622d                __frcmpyd
000162a3                _asmIIR
00016317                __frcmpyd_div
0001638a                __remul
000163fc                __fixdli
0001646b                _readmsg
000164d8                _fseek
00016543                __fltlid
000165aa                _printf
000165fa                _auto_init
00016647                __args_main
00016692                __remli
000166dd                __divli
00016725                _memcpy
00016764                _exit
000167a2                I$$DIV
000167a2                __divi
000167c1                I$$MOD
000167c1                __remi
000167de                _c_int00
00016812                __fixdi
0001683c                I$$UDIV
0001683c                __divu
00016851                I$$UMOD
00016851                __remu
00016866                _memccpy
00016889                __subd
0001689d                I$$LMPY
0001689d                __mpyli
000168b0                __register_unlock
000168b8                __register_lock
000168c0                __nop
000168c2                __negd
000168d2                _rewind
000168e0                _remove
00ffff00                _Reset
ffffffff                .text
ffffffff                ___binit__
ffffffff                ___c_args__
ffffffff                ___etext__
ffffffff                ___pinit__
ffffffff                ___text__
ffffffff                binit
ffffffff                etext
ffffffff                pinit

[166 symbols]
