<?xml version="1.0"?>
<link_info>
   <banner>TMS320C55x Linker PC v4.4.1</banner>
   <copyright>Copyright (c) 1996-2012 Texas Instruments Incorporated</copyright>
   <link_time>0x604d14b2</link_time>
   <output_file>03_CCS_user_interface.out</output_file>
   <entry_point>
      <name>_c_int00</name>
      <address>0x15fc6</address>
   </entry_point>
   <input_file_list>
      <input_file id="fl-2">
         <path>.\</path>
         <kind>object</kind>
         <file>UITest.obj</file>
         <name>UITest.obj</name>
      </input_file>
      <input_file id="fl-19">
         <path>C:\ti\ccs1011\ccs\tools\compiler\c5500_4.4.1\lib\</path>
         <kind>archive</kind>
         <file>rts55x.lib</file>
         <name>boot.obj</name>
      </input_file>
      <input_file id="fl-1a">
         <path>C:\ti\ccs1011\ccs\tools\compiler\c5500_4.4.1\lib\</path>
         <kind>archive</kind>
         <file>rts55x.lib</file>
         <name>exit.obj</name>
      </input_file>
      <input_file id="fl-1b">
         <path>C:\ti\ccs1011\ccs\tools\compiler\c5500_4.4.1\lib\</path>
         <kind>archive</kind>
         <file>rts55x.lib</file>
         <name>fscanf.obj</name>
      </input_file>
      <input_file id="fl-1c">
         <path>C:\ti\ccs1011\ccs\tools\compiler\c5500_4.4.1\lib\</path>
         <kind>archive</kind>
         <file>rts55x.lib</file>
         <name>printf.obj</name>
      </input_file>
      <input_file id="fl-1d">
         <path>C:\ti\ccs1011\ccs\tools\compiler\c5500_4.4.1\lib\</path>
         <kind>archive</kind>
         <file>rts55x.lib</file>
         <name>ungetc.obj</name>
      </input_file>
      <input_file id="fl-1e">
         <path>C:\ti\ccs1011\ccs\tools\compiler\c5500_4.4.1\lib\</path>
         <kind>archive</kind>
         <file>rts55x.lib</file>
         <name>vectors.obj</name>
      </input_file>
      <input_file id="fl-1f">
         <path>C:\ti\ccs1011\ccs\tools\compiler\c5500_4.4.1\lib\</path>
         <kind>archive</kind>
         <file>rts55x.lib</file>
         <name>_lock.obj</name>
      </input_file>
      <input_file id="fl-20">
         <path>C:\ti\ccs1011\ccs\tools\compiler\c5500_4.4.1\lib\</path>
         <kind>archive</kind>
         <file>rts55x.lib</file>
         <name>_printfi.obj</name>
      </input_file>
      <input_file id="fl-21">
         <path>C:\ti\ccs1011\ccs\tools\compiler\c5500_4.4.1\lib\</path>
         <kind>archive</kind>
         <file>rts55x.lib</file>
         <name>_scanfi.obj</name>
      </input_file>
      <input_file id="fl-22">
         <path>C:\ti\ccs1011\ccs\tools\compiler\c5500_4.4.1\lib\</path>
         <kind>archive</kind>
         <file>rts55x.lib</file>
         <name>args_main.obj</name>
      </input_file>
      <input_file id="fl-23">
         <path>C:\ti\ccs1011\ccs\tools\compiler\c5500_4.4.1\lib\</path>
         <kind>archive</kind>
         <file>rts55x.lib</file>
         <name>atoi.obj</name>
      </input_file>
      <input_file id="fl-24">
         <path>C:\ti\ccs1011\ccs\tools\compiler\c5500_4.4.1\lib\</path>
         <kind>archive</kind>
         <file>rts55x.lib</file>
         <name>autoinit.obj</name>
      </input_file>
      <input_file id="fl-25">
         <path>C:\ti\ccs1011\ccs\tools\compiler\c5500_4.4.1\lib\</path>
         <kind>archive</kind>
         <file>rts55x.lib</file>
         <name>cmpd.obj</name>
      </input_file>
      <input_file id="fl-26">
         <path>C:\ti\ccs1011\ccs\tools\compiler\c5500_4.4.1\lib\</path>
         <kind>archive</kind>
         <file>rts55x.lib</file>
         <name>ctype.obj</name>
      </input_file>
      <input_file id="fl-27">
         <path>C:\ti\ccs1011\ccs\tools\compiler\c5500_4.4.1\lib\</path>
         <kind>archive</kind>
         <file>rts55x.lib</file>
         <name>defs.obj</name>
      </input_file>
      <input_file id="fl-28">
         <path>C:\ti\ccs1011\ccs\tools\compiler\c5500_4.4.1\lib\</path>
         <kind>archive</kind>
         <file>rts55x.lib</file>
         <name>divd.obj</name>
      </input_file>
      <input_file id="fl-29">
         <path>C:\ti\ccs1011\ccs\tools\compiler\c5500_4.4.1\lib\</path>
         <kind>archive</kind>
         <file>rts55x.lib</file>
         <name>divul.obj</name>
      </input_file>
      <input_file id="fl-2a">
         <path>C:\ti\ccs1011\ccs\tools\compiler\c5500_4.4.1\lib\</path>
         <kind>archive</kind>
         <file>rts55x.lib</file>
         <name>fgetc.obj</name>
      </input_file>
      <input_file id="fl-2b">
         <path>C:\ti\ccs1011\ccs\tools\compiler\c5500_4.4.1\lib\</path>
         <kind>archive</kind>
         <file>rts55x.lib</file>
         <name>fixdi.obj</name>
      </input_file>
      <input_file id="fl-2c">
         <path>C:\ti\ccs1011\ccs\tools\compiler\c5500_4.4.1\lib\</path>
         <kind>archive</kind>
         <file>rts55x.lib</file>
         <name>fixdli.obj</name>
      </input_file>
      <input_file id="fl-2d">
         <path>C:\ti\ccs1011\ccs\tools\compiler\c5500_4.4.1\lib\</path>
         <kind>archive</kind>
         <file>rts55x.lib</file>
         <name>fltlid.obj</name>
      </input_file>
      <input_file id="fl-2e">
         <path>C:\ti\ccs1011\ccs\tools\compiler\c5500_4.4.1\lib\</path>
         <kind>archive</kind>
         <file>rts55x.lib</file>
         <name>fputc.obj</name>
      </input_file>
      <input_file id="fl-2f">
         <path>C:\ti\ccs1011\ccs\tools\compiler\c5500_4.4.1\lib\</path>
         <kind>archive</kind>
         <file>rts55x.lib</file>
         <name>fputs.obj</name>
      </input_file>
      <input_file id="fl-30">
         <path>C:\ti\ccs1011\ccs\tools\compiler\c5500_4.4.1\lib\</path>
         <kind>archive</kind>
         <file>rts55x.lib</file>
         <name>frcmpyd_div.obj</name>
      </input_file>
      <input_file id="fl-31">
         <path>C:\ti\ccs1011\ccs\tools\compiler\c5500_4.4.1\lib\</path>
         <kind>archive</kind>
         <file>rts55x.lib</file>
         <name>isinf.obj</name>
      </input_file>
      <input_file id="fl-32">
         <path>C:\ti\ccs1011\ccs\tools\compiler\c5500_4.4.1\lib\</path>
         <kind>archive</kind>
         <file>rts55x.lib</file>
         <name>llmpy.obj</name>
      </input_file>
      <input_file id="fl-33">
         <path>C:\ti\ccs1011\ccs\tools\compiler\c5500_4.4.1\lib\</path>
         <kind>archive</kind>
         <file>rts55x.lib</file>
         <name>lmpy.obj</name>
      </input_file>
      <input_file id="fl-34">
         <path>C:\ti\ccs1011\ccs\tools\compiler\c5500_4.4.1\lib\</path>
         <kind>archive</kind>
         <file>rts55x.lib</file>
         <name>lowlev.obj</name>
      </input_file>
      <input_file id="fl-35">
         <path>C:\ti\ccs1011\ccs\tools\compiler\c5500_4.4.1\lib\</path>
         <kind>archive</kind>
         <file>rts55x.lib</file>
         <name>ltoa.obj</name>
      </input_file>
      <input_file id="fl-36">
         <path>C:\ti\ccs1011\ccs\tools\compiler\c5500_4.4.1\lib\</path>
         <kind>archive</kind>
         <file>rts55x.lib</file>
         <name>memccpy.obj</name>
      </input_file>
      <input_file id="fl-37">
         <path>C:\ti\ccs1011\ccs\tools\compiler\c5500_4.4.1\lib\</path>
         <kind>archive</kind>
         <file>rts55x.lib</file>
         <name>memcpy.obj</name>
      </input_file>
      <input_file id="fl-38">
         <path>C:\ti\ccs1011\ccs\tools\compiler\c5500_4.4.1\lib\</path>
         <kind>archive</kind>
         <file>rts55x.lib</file>
         <name>mpyd.obj</name>
      </input_file>
      <input_file id="fl-39">
         <path>C:\ti\ccs1011\ccs\tools\compiler\c5500_4.4.1\lib\</path>
         <kind>archive</kind>
         <file>rts55x.lib</file>
         <name>negd.obj</name>
      </input_file>
      <input_file id="fl-3a">
         <path>C:\ti\ccs1011\ccs\tools\compiler\c5500_4.4.1\lib\</path>
         <kind>archive</kind>
         <file>rts55x.lib</file>
         <name>remli.obj</name>
      </input_file>
      <input_file id="fl-3b">
         <path>C:\ti\ccs1011\ccs\tools\compiler\c5500_4.4.1\lib\</path>
         <kind>archive</kind>
         <file>rts55x.lib</file>
         <name>remul.obj</name>
      </input_file>
      <input_file id="fl-3c">
         <path>C:\ti\ccs1011\ccs\tools\compiler\c5500_4.4.1\lib\</path>
         <kind>archive</kind>
         <file>rts55x.lib</file>
         <name>setvbuf.obj</name>
      </input_file>
      <input_file id="fl-3d">
         <path>C:\ti\ccs1011\ccs\tools\compiler\c5500_4.4.1\lib\</path>
         <kind>archive</kind>
         <file>rts55x.lib</file>
         <name>strtod.obj</name>
      </input_file>
      <input_file id="fl-3e">
         <path>C:\ti\ccs1011\ccs\tools\compiler\c5500_4.4.1\lib\</path>
         <kind>archive</kind>
         <file>rts55x.lib</file>
         <name>strtol.obj</name>
      </input_file>
      <input_file id="fl-3f">
         <path>C:\ti\ccs1011\ccs\tools\compiler\c5500_4.4.1\lib\</path>
         <kind>archive</kind>
         <file>rts55x.lib</file>
         <name>strtold.obj</name>
      </input_file>
      <input_file id="fl-40">
         <path>C:\ti\ccs1011\ccs\tools\compiler\c5500_4.4.1\lib\</path>
         <kind>archive</kind>
         <file>rts55x.lib</file>
         <name>strtoll.obj</name>
      </input_file>
      <input_file id="fl-41">
         <path>C:\ti\ccs1011\ccs\tools\compiler\c5500_4.4.1\lib\</path>
         <kind>archive</kind>
         <file>rts55x.lib</file>
         <name>strtoul.obj</name>
      </input_file>
      <input_file id="fl-42">
         <path>C:\ti\ccs1011\ccs\tools\compiler\c5500_4.4.1\lib\</path>
         <kind>archive</kind>
         <file>rts55x.lib</file>
         <name>strtoull.obj</name>
      </input_file>
      <input_file id="fl-43">
         <path>C:\ti\ccs1011\ccs\tools\compiler\c5500_4.4.1\lib\</path>
         <kind>archive</kind>
         <file>rts55x.lib</file>
         <name>subd.obj</name>
      </input_file>
      <input_file id="fl-44">
         <path>C:\ti\ccs1011\ccs\tools\compiler\c5500_4.4.1\lib\</path>
         <kind>archive</kind>
         <file>rts55x.lib</file>
         <name>trgdrv.obj</name>
      </input_file>
      <input_file id="fl-45">
         <path>C:\ti\ccs1011\ccs\tools\compiler\c5500_4.4.1\lib\</path>
         <kind>archive</kind>
         <file>rts55x.lib</file>
         <name>trgmsg.obj</name>
      </input_file>
      <input_file id="fl-46">
         <path>C:\ti\ccs1011\ccs\tools\compiler\c5500_4.4.1\lib\</path>
         <kind>archive</kind>
         <file>rts55x.lib</file>
         <name>udiv.obj</name>
      </input_file>
      <input_file id="fl-47">
         <path>C:\ti\ccs1011\ccs\tools\compiler\c5500_4.4.1\lib\</path>
         <kind>archive</kind>
         <file>rts55x.lib</file>
         <name>_bufread.obj</name>
      </input_file>
      <input_file id="fl-48">
         <path>C:\ti\ccs1011\ccs\tools\compiler\c5500_4.4.1\lib\</path>
         <kind>archive</kind>
         <file>rts55x.lib</file>
         <name>_io_perm.obj</name>
      </input_file>
      <input_file id="fl-49">
         <path>C:\ti\ccs1011\ccs\tools\compiler\c5500_4.4.1\lib\</path>
         <kind>archive</kind>
         <file>rts55x.lib</file>
         <name>addd.obj</name>
      </input_file>
      <input_file id="fl-4a">
         <path>C:\ti\ccs1011\ccs\tools\compiler\c5500_4.4.1\lib\</path>
         <kind>archive</kind>
         <file>rts55x.lib</file>
         <name>divli.obj</name>
      </input_file>
      <input_file id="fl-4b">
         <path>C:\ti\ccs1011\ccs\tools\compiler\c5500_4.4.1\lib\</path>
         <kind>archive</kind>
         <file>rts55x.lib</file>
         <name>errno.obj</name>
      </input_file>
      <input_file id="fl-4c">
         <path>C:\ti\ccs1011\ccs\tools\compiler\c5500_4.4.1\lib\</path>
         <kind>archive</kind>
         <file>rts55x.lib</file>
         <name>fflush.obj</name>
      </input_file>
      <input_file id="fl-4d">
         <path>C:\ti\ccs1011\ccs\tools\compiler\c5500_4.4.1\lib\</path>
         <kind>archive</kind>
         <file>rts55x.lib</file>
         <name>fopen.obj</name>
      </input_file>
      <input_file id="fl-4e">
         <path>C:\ti\ccs1011\ccs\tools\compiler\c5500_4.4.1\lib\</path>
         <kind>archive</kind>
         <file>rts55x.lib</file>
         <name>frcmpyd.obj</name>
      </input_file>
      <input_file id="fl-4f">
         <path>C:\ti\ccs1011\ccs\tools\compiler\c5500_4.4.1\lib\</path>
         <kind>archive</kind>
         <file>rts55x.lib</file>
         <name>fseek.obj</name>
      </input_file>
      <input_file id="fl-50">
         <path>C:\ti\ccs1011\ccs\tools\compiler\c5500_4.4.1\lib\</path>
         <kind>archive</kind>
         <file>rts55x.lib</file>
         <name>idiv.obj</name>
      </input_file>
      <input_file id="fl-51">
         <path>C:\ti\ccs1011\ccs\tools\compiler\c5500_4.4.1\lib\</path>
         <kind>archive</kind>
         <file>rts55x.lib</file>
         <name>memory.obj</name>
      </input_file>
      <input_file id="fl-52">
         <path>C:\ti\ccs1011\ccs\tools\compiler\c5500_4.4.1\lib\</path>
         <kind>archive</kind>
         <file>rts55x.lib</file>
         <name>fclose.obj</name>
      </input_file>
      <input_file id="fl-53">
         <path>C:\ti\ccs1011\ccs\tools\compiler\c5500_4.4.1\lib\</path>
         <kind>archive</kind>
         <file>rts55x.lib</file>
         <name>remove.obj</name>
      </input_file>
   </input_file_list>
   <object_component_list>
      <object_component id="oc-2b">
         <name>vectors</name>
         <load_address>0xffff00</load_address>
         <run_address>0xffff00</run_address>
         <size>0x100</size>
         <input_file_ref idref="fl-1e"/>
      </object_component>
      <object_component id="oc-8a">
         <name>.cinit</name>
         <load_address>0xec0</load_address>
         <run_address>0xec0</run_address>
         <size>0x5a</size>
         <input_file_ref idref="fl-34"/>
      </object_component>
      <object_component id="oc-53">
         <name>.cinit</name>
         <load_address>0xf1a</load_address>
         <run_address>0xf1a</run_address>
         <size>0x54</size>
         <input_file_ref idref="fl-27"/>
      </object_component>
      <object_component id="oc-32">
         <name>.cinit</name>
         <load_address>0xf6e</load_address>
         <run_address>0xf6e</run_address>
         <size>0x14</size>
         <input_file_ref idref="fl-1f"/>
      </object_component>
      <object_component id="oc-1a">
         <name>.cinit</name>
         <load_address>0xf82</load_address>
         <run_address>0xf82</run_address>
         <size>0x14</size>
         <input_file_ref idref="fl-1a"/>
      </object_component>
      <object_component id="oc-ec">
         <name>.cinit</name>
         <load_address>0xf96</load_address>
         <run_address>0xf96</run_address>
         <size>0x8</size>
         <input_file_ref idref="fl-4b"/>
      </object_component>
      <object_component id="oc-f5">
         <name>.cinit</name>
         <load_address>0xf9e</load_address>
         <run_address>0xf9e</run_address>
         <size>0x8</size>
         <input_file_ref idref="fl-4d"/>
      </object_component>
      <object_component id="oc-107">
         <name>.cinit</name>
         <load_address>0xfa6</load_address>
         <run_address>0xfa6</run_address>
         <size>0x8</size>
         <input_file_ref idref="fl-51"/>
      </object_component>
      <object_component id="oc-35">
         <name>.text</name>
         <load_address>0x10000</load_address>
         <run_address>0x10000</run_address>
         <size>0x15a4</size>
         <input_file_ref idref="fl-20"/>
      </object_component>
      <object_component id="oc-87">
         <name>.text</name>
         <load_address>0x115a4</load_address>
         <run_address>0x115a4</run_address>
         <size>0x543</size>
         <input_file_ref idref="fl-34"/>
      </object_component>
      <object_component id="oc-104">
         <name>.text</name>
         <load_address>0x11ae7</load_address>
         <run_address>0x11ae7</run_address>
         <size>0x4b5</size>
         <input_file_ref idref="fl-51"/>
      </object_component>
      <object_component id="oc-43">
         <name>.text</name>
         <load_address>0x11f9c</load_address>
         <run_address>0x11f9c</run_address>
         <size>0x5c</size>
         <input_file_ref idref="fl-23"/>
      </object_component>
      <object_component id="oc-1b">
         <name>.text:CIO_breakpoint</name>
         <load_address>0x11ff8</load_address>
         <run_address>0x11ff8</run_address>
         <size>0x7</size>
         <input_file_ref idref="fl-1a"/>
      </object_component>
      <object_component id="oc-3b">
         <name>.text</name>
         <load_address>0x12000</load_address>
         <run_address>0x12000</run_address>
         <size>0xedb</size>
         <input_file_ref idref="fl-21"/>
      </object_component>
      <object_component id="oc-cb">
         <name>.text</name>
         <load_address>0x12edb</load_address>
         <run_address>0x12edb</run_address>
         <size>0x528</size>
         <input_file_ref idref="fl-44"/>
      </object_component>
      <object_component id="oc-55">
         <name>.text</name>
         <load_address>0x13403</load_address>
         <run_address>0x13403</run_address>
         <size>0x3cc</size>
         <input_file_ref idref="fl-28"/>
      </object_component>
      <object_component id="oc-bb">
         <name>.text</name>
         <load_address>0x137cf</load_address>
         <run_address>0x137cf</run_address>
         <size>0x301</size>
         <input_file_ref idref="fl-40"/>
      </object_component>
      <object_component id="oc-ad">
         <name>.text</name>
         <load_address>0x13ad0</load_address>
         <run_address>0x13ad0</run_address>
         <size>0x2bd</size>
         <input_file_ref idref="fl-3d"/>
      </object_component>
      <object_component id="oc-7f">
         <name>.text</name>
         <load_address>0x13d8d</load_address>
         <run_address>0x13d8d</run_address>
         <size>0x25e</size>
         <input_file_ref idref="fl-32"/>
      </object_component>
      <object_component id="oc-c7">
         <name>.text</name>
         <load_address>0x13feb</load_address>
         <run_address>0x13feb</run_address>
         <size>0x14</size>
         <input_file_ref idref="fl-43"/>
      </object_component>
      <object_component id="oc-b6">
         <name>.text</name>
         <load_address>0x14000</load_address>
         <run_address>0x14000</run_address>
         <size>0x29f</size>
         <input_file_ref idref="fl-3f"/>
      </object_component>
      <object_component id="oc-f2">
         <name>.text</name>
         <load_address>0x1429f</load_address>
         <run_address>0x1429f</run_address>
         <size>0x27f</size>
         <input_file_ref idref="fl-4d"/>
      </object_component>
      <object_component id="oc-e2">
         <name>.text</name>
         <load_address>0x1451e</load_address>
         <run_address>0x1451e</run_address>
         <size>0x25a</size>
         <input_file_ref idref="fl-49"/>
      </object_component>
      <object_component id="oc-c3">
         <name>.text</name>
         <load_address>0x14778</load_address>
         <run_address>0x14778</run_address>
         <size>0x24b</size>
         <input_file_ref idref="fl-42"/>
      </object_component>
      <object_component id="oc-d">
         <name>.text</name>
         <load_address>0x149c3</load_address>
         <run_address>0x149c3</run_address>
         <size>0x22d</size>
         <input_file_ref idref="fl-2"/>
      </object_component>
      <object_component id="oc-b2">
         <name>.text</name>
         <load_address>0x14bf0</load_address>
         <run_address>0x14bf0</run_address>
         <size>0x208</size>
         <input_file_ref idref="fl-3e"/>
      </object_component>
      <object_component id="oc-4b">
         <name>.text</name>
         <load_address>0x14df8</load_address>
         <run_address>0x14df8</run_address>
         <size>0x1ea</size>
         <input_file_ref idref="fl-25"/>
      </object_component>
      <object_component id="oc-bf">
         <name>.text</name>
         <load_address>0x14fe2</load_address>
         <run_address>0x14fe2</run_address>
         <size>0x1d1</size>
         <input_file_ref idref="fl-41"/>
      </object_component>
      <object_component id="oc-72">
         <name>.text</name>
         <load_address>0x151b3</load_address>
         <run_address>0x151b3</run_address>
         <size>0x163</size>
         <input_file_ref idref="fl-2f"/>
      </object_component>
      <object_component id="oc-1e">
         <name>.text</name>
         <load_address>0x15316</load_address>
         <run_address>0x15316</run_address>
         <size>0x161</size>
         <input_file_ref idref="fl-1b"/>
      </object_component>
      <object_component id="oc-99">
         <name>.text</name>
         <load_address>0x15477</load_address>
         <run_address>0x15477</run_address>
         <size>0x14c</size>
         <input_file_ref idref="fl-38"/>
      </object_component>
      <object_component id="oc-a9">
         <name>.text</name>
         <load_address>0x155c3</load_address>
         <run_address>0x155c3</run_address>
         <size>0xe6</size>
         <input_file_ref idref="fl-3c"/>
      </object_component>
      <object_component id="oc-de">
         <name>.text</name>
         <load_address>0x156a9</load_address>
         <run_address>0x156a9</run_address>
         <size>0xdd</size>
         <input_file_ref idref="fl-48"/>
      </object_component>
      <object_component id="oc-ee">
         <name>.text</name>
         <load_address>0x15786</load_address>
         <run_address>0x15786</run_address>
         <size>0xc2</size>
         <input_file_ref idref="fl-4c"/>
      </object_component>
      <object_component id="oc-d3">
         <name>.text:CIO_breakpoint</name>
         <load_address>0x15848</load_address>
         <run_address>0x15848</run_address>
         <size>0xba</size>
         <input_file_ref idref="fl-45"/>
      </object_component>
      <object_component id="oc-da">
         <name>.text</name>
         <load_address>0x15902</load_address>
         <run_address>0x15902</run_address>
         <size>0xae</size>
         <input_file_ref idref="fl-47"/>
      </object_component>
      <object_component id="oc-6e">
         <name>.text</name>
         <load_address>0x159b0</load_address>
         <run_address>0x159b0</run_address>
         <size>0xa6</size>
         <input_file_ref idref="fl-2e"/>
      </object_component>
      <object_component id="oc-59">
         <name>.text</name>
         <load_address>0x15a56</load_address>
         <run_address>0x15a56</run_address>
         <size>0xa1</size>
         <input_file_ref idref="fl-29"/>
      </object_component>
      <object_component id="oc-5d">
         <name>.text</name>
         <load_address>0x15af7</load_address>
         <run_address>0x15af7</run_address>
         <size>0x9b</size>
         <input_file_ref idref="fl-2a"/>
      </object_component>
      <object_component id="oc-26">
         <name>.text</name>
         <load_address>0x15b92</load_address>
         <run_address>0x15b92</run_address>
         <size>0x9a</size>
         <input_file_ref idref="fl-1d"/>
      </object_component>
      <object_component id="oc-8d">
         <name>.text</name>
         <load_address>0x15c2c</load_address>
         <run_address>0x15c2c</run_address>
         <size>0x7d</size>
         <input_file_ref idref="fl-35"/>
      </object_component>
      <object_component id="oc-10b">
         <name>.text</name>
         <load_address>0x15ca9</load_address>
         <run_address>0x15ca9</run_address>
         <size>0x7b</size>
         <input_file_ref idref="fl-52"/>
      </object_component>
      <object_component id="oc-f8">
         <name>.text</name>
         <load_address>0x15d24</load_address>
         <run_address>0x15d24</run_address>
         <size>0x76</size>
         <input_file_ref idref="fl-4e"/>
      </object_component>
      <object_component id="oc-77">
         <name>.text</name>
         <load_address>0x15d9a</load_address>
         <run_address>0x15d9a</run_address>
         <size>0x73</size>
         <input_file_ref idref="fl-30"/>
      </object_component>
      <object_component id="oc-a5">
         <name>.text</name>
         <load_address>0x15e0d</load_address>
         <run_address>0x15e0d</run_address>
         <size>0x72</size>
         <input_file_ref idref="fl-3b"/>
      </object_component>
      <object_component id="oc-65">
         <name>.text</name>
         <load_address>0x15e7f</load_address>
         <run_address>0x15e7f</run_address>
         <size>0x6f</size>
         <input_file_ref idref="fl-2c"/>
      </object_component>
      <object_component id="oc-d0">
         <name>.text</name>
         <load_address>0x15eee</load_address>
         <run_address>0x15eee</run_address>
         <size>0x6d</size>
         <input_file_ref idref="fl-45"/>
      </object_component>
      <object_component id="oc-fc">
         <name>.text</name>
         <load_address>0x15f5b</load_address>
         <run_address>0x15f5b</run_address>
         <size>0x6b</size>
         <input_file_ref idref="fl-4f"/>
      </object_component>
      <object_component id="oc-c">
         <name>.text</name>
         <load_address>0x15fc6</load_address>
         <run_address>0x15fc6</run_address>
         <size>0x34</size>
         <input_file_ref idref="fl-19"/>
      </object_component>
      <object_component id="oc-2a">
         <name>.text</name>
         <load_address>0x15ffa</load_address>
         <run_address>0x15ffa</run_address>
         <size>0x2</size>
         <input_file_ref idref="fl-1e"/>
      </object_component>
      <object_component id="oc-69">
         <name>.text</name>
         <load_address>0x16000</load_address>
         <run_address>0x16000</run_address>
         <size>0x67</size>
         <input_file_ref idref="fl-2d"/>
      </object_component>
      <object_component id="oc-22">
         <name>.text</name>
         <load_address>0x16067</load_address>
         <run_address>0x16067</run_address>
         <size>0x50</size>
         <input_file_ref idref="fl-1c"/>
      </object_component>
      <object_component id="oc-47">
         <name>.text</name>
         <load_address>0x160b7</load_address>
         <run_address>0x160b7</run_address>
         <size>0x4d</size>
         <input_file_ref idref="fl-24"/>
      </object_component>
      <object_component id="oc-3f">
         <name>.text</name>
         <load_address>0x16104</load_address>
         <run_address>0x16104</run_address>
         <size>0x4b</size>
         <input_file_ref idref="fl-22"/>
      </object_component>
      <object_component id="oc-a1">
         <name>.text</name>
         <load_address>0x1614f</load_address>
         <run_address>0x1614f</run_address>
         <size>0x4b</size>
         <input_file_ref idref="fl-3a"/>
      </object_component>
      <object_component id="oc-e6">
         <name>.text</name>
         <load_address>0x1619a</load_address>
         <run_address>0x1619a</run_address>
         <size>0x48</size>
         <input_file_ref idref="fl-4a"/>
      </object_component>
      <object_component id="oc-95">
         <name>.text</name>
         <load_address>0x161e2</load_address>
         <run_address>0x161e2</run_address>
         <size>0x3f</size>
         <input_file_ref idref="fl-37"/>
      </object_component>
      <object_component id="oc-17">
         <name>.text</name>
         <load_address>0x16221</load_address>
         <run_address>0x16221</run_address>
         <size>0x3e</size>
         <input_file_ref idref="fl-1a"/>
      </object_component>
      <object_component id="oc-100">
         <name>.text</name>
         <load_address>0x1625f</load_address>
         <run_address>0x1625f</run_address>
         <size>0x3c</size>
         <input_file_ref idref="fl-50"/>
      </object_component>
      <object_component id="oc-61">
         <name>.text</name>
         <load_address>0x1629b</load_address>
         <run_address>0x1629b</run_address>
         <size>0x2a</size>
         <input_file_ref idref="fl-2b"/>
      </object_component>
      <object_component id="oc-d6">
         <name>.text</name>
         <load_address>0x162c5</load_address>
         <run_address>0x162c5</run_address>
         <size>0x2a</size>
         <input_file_ref idref="fl-46"/>
      </object_component>
      <object_component id="oc-91">
         <name>.text</name>
         <load_address>0x162ef</load_address>
         <run_address>0x162ef</run_address>
         <size>0x23</size>
         <input_file_ref idref="fl-36"/>
      </object_component>
      <object_component id="oc-7b">
         <name>.text</name>
         <load_address>0x16312</load_address>
         <run_address>0x16312</run_address>
         <size>0x1a</size>
         <input_file_ref idref="fl-31"/>
      </object_component>
      <object_component id="oc-83">
         <name>.text</name>
         <load_address>0x1632c</load_address>
         <run_address>0x1632c</run_address>
         <size>0x13</size>
         <input_file_ref idref="fl-33"/>
      </object_component>
      <object_component id="oc-2f">
         <name>.text</name>
         <load_address>0x1633f</load_address>
         <run_address>0x1633f</run_address>
         <size>0x12</size>
         <input_file_ref idref="fl-1f"/>
      </object_component>
      <object_component id="oc-9d">
         <name>.text</name>
         <load_address>0x16351</load_address>
         <run_address>0x16351</run_address>
         <size>0x10</size>
         <input_file_ref idref="fl-39"/>
      </object_component>
      <object_component id="oc-10f">
         <name>.text</name>
         <load_address>0x16361</load_address>
         <run_address>0x16361</run_address>
         <size>0xa</size>
         <input_file_ref idref="fl-53"/>
      </object_component>
      <object_component id="oc-13">
         <name>.stack</name>
         <uninitialized>true</uninitialized>
         <run_address>0xac0</run_address>
         <size>0x0</size>
         <input_file_ref idref="fl-19"/>
      </object_component>
      <object_component id="oc-12e">
         <name>.stack</name>
         <uninitialized>true</uninitialized>
         <run_address>0xac0</run_address>
         <size>0x0</size>
      </object_component>
      <object_component id="oc-113">
         <name>.sysstack</name>
         <uninitialized>true</uninitialized>
         <run_address>0xcc0</run_address>
         <size>0x0</size>
         <input_file_ref idref="fl-19"/>
      </object_component>
      <object_component id="oc-130">
         <name>.sysstack</name>
         <uninitialized>true</uninitialized>
         <run_address>0xcc0</run_address>
         <size>0x0</size>
      </object_component>
      <object_component id="oc-108">
         <name>.sysmem</name>
         <uninitialized>true</uninitialized>
         <run_address>0x8000</run_address>
         <size>0x0</size>
         <input_file_ref idref="fl-51"/>
      </object_component>
      <object_component id="oc-12f">
         <name>.sysmem</name>
         <uninitialized>true</uninitialized>
         <run_address>0x8000</run_address>
         <size>0x0</size>
      </object_component>
      <object_component id="oc-d2">
         <name>.cio</name>
         <uninitialized>true</uninitialized>
         <run_address>0x880</run_address>
         <size>0x240</size>
         <input_file_ref idref="fl-45"/>
      </object_component>
      <object_component id="oc-e">
         <name>.bss</name>
         <uninitialized>true</uninitialized>
         <run_address>0xa4b6</run_address>
         <size>0x60</size>
         <input_file_ref idref="fl-2"/>
      </object_component>
      <object_component id="oc-18">
         <name>.bss</name>
         <uninitialized>true</uninitialized>
         <run_address>0xa52c</run_address>
         <size>0x8</size>
         <input_file_ref idref="fl-1a"/>
      </object_component>
      <object_component id="oc-30">
         <name>.bss</name>
         <uninitialized>true</uninitialized>
         <run_address>0xa524</run_address>
         <size>0x8</size>
         <input_file_ref idref="fl-1f"/>
      </object_component>
      <object_component id="oc-51">
         <name>.bss</name>
         <uninitialized>true</uninitialized>
         <run_address>0xa000</run_address>
         <size>0x232</size>
         <input_file_ref idref="fl-27"/>
      </object_component>
      <object_component id="oc-88">
         <name>.bss</name>
         <uninitialized>true</uninitialized>
         <run_address>0xa3d4</run_address>
         <size>0xe2</size>
         <input_file_ref idref="fl-34"/>
      </object_component>
      <object_component id="oc-cc">
         <name>.bss</name>
         <uninitialized>true</uninitialized>
         <run_address>0xa232</run_address>
         <size>0x1a0</size>
         <input_file_ref idref="fl-44"/>
      </object_component>
      <object_component id="oc-ea">
         <name>.bss</name>
         <uninitialized>true</uninitialized>
         <run_address>0xa3d2</run_address>
         <size>0x2</size>
         <input_file_ref idref="fl-4b"/>
      </object_component>
      <object_component id="oc-f3">
         <name>.bss</name>
         <uninitialized>true</uninitialized>
         <run_address>0xa516</run_address>
         <size>0x2</size>
         <input_file_ref idref="fl-4d"/>
      </object_component>
      <object_component id="oc-105">
         <name>.bss</name>
         <uninitialized>true</uninitialized>
         <run_address>0xa518</run_address>
         <size>0xc</size>
         <input_file_ref idref="fl-51"/>
      </object_component>
      <object_component id="oc-10">
         <name>.const:.string</name>
         <load_address>0xc0</load_address>
         <run_address>0xc0</run_address>
         <size>0x424</size>
         <input_file_ref idref="fl-2"/>
      </object_component>
      <object_component id="oc-115">
         <name>.const:__ctypes_</name>
         <load_address>0x4e4</load_address>
         <run_address>0x4e4</run_address>
         <size>0x202</size>
         <input_file_ref idref="fl-26"/>
      </object_component>
      <object_component id="oc-114">
         <name>.const:_$P$T0$1</name>
         <load_address>0x6e6</load_address>
         <run_address>0x6e6</run_address>
         <size>0x60</size>
         <input_file_ref idref="fl-2"/>
      </object_component>
      <object_component id="oc-38">
         <name>.const:.string</name>
         <load_address>0x748</load_address>
         <run_address>0x748</run_address>
         <size>0x48</size>
         <input_file_ref idref="fl-20"/>
      </object_component>
      <object_component id="oc-119">
         <name>.const:_digits</name>
         <load_address>0x790</load_address>
         <run_address>0x790</run_address>
         <size>0x28</size>
         <input_file_ref idref="fl-3d"/>
      </object_component>
      <object_component id="oc-11b">
         <name>.const:_digits</name>
         <load_address>0x7b8</load_address>
         <run_address>0x7b8</run_address>
         <size>0x28</size>
         <input_file_ref idref="fl-3f"/>
      </object_component>
      <object_component id="oc-11a">
         <name>.const:_powerof10</name>
         <load_address>0x7e0</load_address>
         <run_address>0x7e0</run_address>
         <size>0x18</size>
         <input_file_ref idref="fl-3d"/>
      </object_component>
      <object_component id="oc-11c">
         <name>.const:_powerof10</name>
         <load_address>0x7f8</load_address>
         <run_address>0x7f8</run_address>
         <size>0x18</size>
         <input_file_ref idref="fl-3f"/>
      </object_component>
      <object_component id="oc-37">
         <name>.const</name>
         <load_address>0x810</load_address>
         <run_address>0x810</run_address>
         <size>0x18</size>
         <input_file_ref idref="fl-20"/>
      </object_component>
      <object_component id="oc-118">
         <name>.const:_initial_approx$1</name>
         <load_address>0x828</load_address>
         <run_address>0x828</run_address>
         <size>0x10</size>
         <input_file_ref idref="fl-28"/>
      </object_component>
      <object_component id="oc-af">
         <name>.const</name>
         <load_address>0x838</load_address>
         <run_address>0x838</run_address>
         <size>0x10</size>
         <input_file_ref idref="fl-3d"/>
      </object_component>
      <object_component id="oc-b8">
         <name>.const</name>
         <load_address>0x848</load_address>
         <run_address>0x848</run_address>
         <size>0x10</size>
         <input_file_ref idref="fl-3f"/>
      </object_component>
      <object_component id="oc-116">
         <name>.const:_flit$1</name>
         <load_address>0x858</load_address>
         <run_address>0x858</run_address>
         <size>0xe</size>
         <input_file_ref idref="fl-21"/>
      </object_component>
      <object_component id="oc-117">
         <name>.const:_barr$2</name>
         <load_address>0x866</load_address>
         <run_address>0x866</run_address>
         <size>0xc</size>
         <input_file_ref idref="fl-21"/>
      </object_component>
      <object_component id="oc-74">
         <name>.const:.string</name>
         <load_address>0x874</load_address>
         <run_address>0x874</run_address>
         <size>0x4</size>
         <input_file_ref idref="fl-2f"/>
      </object_component>
      <object_component id="oc-6b">
         <name>.const</name>
         <load_address>0x878</load_address>
         <run_address>0x878</run_address>
         <size>0x4</size>
         <input_file_ref idref="fl-2d"/>
      </object_component>
      <object_component id="oc-f">
         <name>.debug_info</name>
         <load_address>0x0</load_address>
         <run_address>0x0</run_address>
         <size>0x803</size>
         <input_file_ref idref="fl-2"/>
      </object_component>
      <object_component id="oc-14">
         <name>.debug_info</name>
         <load_address>0x803</load_address>
         <run_address>0x803</run_address>
         <size>0xe8</size>
         <input_file_ref idref="fl-19"/>
      </object_component>
      <object_component id="oc-19">
         <name>.debug_info</name>
         <load_address>0x8eb</load_address>
         <run_address>0x8eb</run_address>
         <size>0x5fb</size>
         <input_file_ref idref="fl-1a"/>
      </object_component>
      <object_component id="oc-1f">
         <name>.debug_info</name>
         <load_address>0xee6</load_address>
         <run_address>0xee6</run_address>
         <size>0xa2d</size>
         <input_file_ref idref="fl-1b"/>
      </object_component>
      <object_component id="oc-23">
         <name>.debug_info</name>
         <load_address>0x1913</load_address>
         <run_address>0x1913</run_address>
         <size>0x76c</size>
         <input_file_ref idref="fl-1c"/>
      </object_component>
      <object_component id="oc-27">
         <name>.debug_info</name>
         <load_address>0x207f</load_address>
         <run_address>0x207f</run_address>
         <size>0x5c9</size>
         <input_file_ref idref="fl-1d"/>
      </object_component>
      <object_component id="oc-2c">
         <name>.debug_info</name>
         <load_address>0x2648</load_address>
         <run_address>0x2648</run_address>
         <size>0xbc</size>
         <input_file_ref idref="fl-1e"/>
      </object_component>
      <object_component id="oc-31">
         <name>.debug_info</name>
         <load_address>0x2704</load_address>
         <run_address>0x2704</run_address>
         <size>0x5bc</size>
         <input_file_ref idref="fl-1f"/>
      </object_component>
      <object_component id="oc-36">
         <name>.debug_info</name>
         <load_address>0x2cc0</load_address>
         <run_address>0x2cc0</run_address>
         <size>0x27bd</size>
         <input_file_ref idref="fl-20"/>
      </object_component>
      <object_component id="oc-3c">
         <name>.debug_info</name>
         <load_address>0x547d</load_address>
         <run_address>0x547d</run_address>
         <size>0x1964</size>
         <input_file_ref idref="fl-21"/>
      </object_component>
      <object_component id="oc-40">
         <name>.debug_info</name>
         <load_address>0x6de1</load_address>
         <run_address>0x6de1</run_address>
         <size>0x586</size>
         <input_file_ref idref="fl-22"/>
      </object_component>
      <object_component id="oc-44">
         <name>.debug_info</name>
         <load_address>0x7367</load_address>
         <run_address>0x7367</run_address>
         <size>0x5a4</size>
         <input_file_ref idref="fl-23"/>
      </object_component>
      <object_component id="oc-48">
         <name>.debug_info</name>
         <load_address>0x790b</load_address>
         <run_address>0x790b</run_address>
         <size>0xcd</size>
         <input_file_ref idref="fl-24"/>
      </object_component>
      <object_component id="oc-4c">
         <name>.debug_info</name>
         <load_address>0x79d8</load_address>
         <run_address>0x79d8</run_address>
         <size>0x81f</size>
         <input_file_ref idref="fl-25"/>
      </object_component>
      <object_component id="oc-4f">
         <name>.debug_info</name>
         <load_address>0x81f7</load_address>
         <run_address>0x81f7</run_address>
         <size>0x498</size>
         <input_file_ref idref="fl-26"/>
      </object_component>
      <object_component id="oc-52">
         <name>.debug_info</name>
         <load_address>0x868f</load_address>
         <run_address>0x868f</run_address>
         <size>0x57e</size>
         <input_file_ref idref="fl-27"/>
      </object_component>
      <object_component id="oc-56">
         <name>.debug_info</name>
         <load_address>0x8c0d</load_address>
         <run_address>0x8c0d</run_address>
         <size>0x7e8</size>
         <input_file_ref idref="fl-28"/>
      </object_component>
      <object_component id="oc-5a">
         <name>.debug_info</name>
         <load_address>0x93f5</load_address>
         <run_address>0x93f5</run_address>
         <size>0x534</size>
         <input_file_ref idref="fl-29"/>
      </object_component>
      <object_component id="oc-5e">
         <name>.debug_info</name>
         <load_address>0x9929</load_address>
         <run_address>0x9929</run_address>
         <size>0x670</size>
         <input_file_ref idref="fl-2a"/>
      </object_component>
      <object_component id="oc-62">
         <name>.debug_info</name>
         <load_address>0x9f99</load_address>
         <run_address>0x9f99</run_address>
         <size>0x4cf</size>
         <input_file_ref idref="fl-2b"/>
      </object_component>
      <object_component id="oc-66">
         <name>.debug_info</name>
         <load_address>0xa468</load_address>
         <run_address>0xa468</run_address>
         <size>0x534</size>
         <input_file_ref idref="fl-2c"/>
      </object_component>
      <object_component id="oc-6a">
         <name>.debug_info</name>
         <load_address>0xa99c</load_address>
         <run_address>0xa99c</run_address>
         <size>0x549</size>
         <input_file_ref idref="fl-2d"/>
      </object_component>
      <object_component id="oc-6f">
         <name>.debug_info</name>
         <load_address>0xaee5</load_address>
         <run_address>0xaee5</run_address>
         <size>0x6aa</size>
         <input_file_ref idref="fl-2e"/>
      </object_component>
      <object_component id="oc-73">
         <name>.debug_info</name>
         <load_address>0xb58f</load_address>
         <run_address>0xb58f</run_address>
         <size>0x942</size>
         <input_file_ref idref="fl-2f"/>
      </object_component>
      <object_component id="oc-78">
         <name>.debug_info</name>
         <load_address>0xbed1</load_address>
         <run_address>0xbed1</run_address>
         <size>0x53e</size>
         <input_file_ref idref="fl-30"/>
      </object_component>
      <object_component id="oc-7c">
         <name>.debug_info</name>
         <load_address>0xc40f</load_address>
         <run_address>0xc40f</run_address>
         <size>0x680</size>
         <input_file_ref idref="fl-31"/>
      </object_component>
      <object_component id="oc-80">
         <name>.debug_info</name>
         <load_address>0xca8f</load_address>
         <run_address>0xca8f</run_address>
         <size>0x7d4</size>
         <input_file_ref idref="fl-32"/>
      </object_component>
      <object_component id="oc-84">
         <name>.debug_info</name>
         <load_address>0xd263</load_address>
         <run_address>0xd263</run_address>
         <size>0xbd</size>
         <input_file_ref idref="fl-33"/>
      </object_component>
      <object_component id="oc-89">
         <name>.debug_info</name>
         <load_address>0xd320</load_address>
         <run_address>0xd320</run_address>
         <size>0x144b</size>
         <input_file_ref idref="fl-34"/>
      </object_component>
      <object_component id="oc-8e">
         <name>.debug_info</name>
         <load_address>0xe76b</load_address>
         <run_address>0xe76b</run_address>
         <size>0x5ad</size>
         <input_file_ref idref="fl-35"/>
      </object_component>
      <object_component id="oc-92">
         <name>.debug_info</name>
         <load_address>0xed18</load_address>
         <run_address>0xed18</run_address>
         <size>0x574</size>
         <input_file_ref idref="fl-36"/>
      </object_component>
      <object_component id="oc-96">
         <name>.debug_info</name>
         <load_address>0xf28c</load_address>
         <run_address>0xf28c</run_address>
         <size>0xd1</size>
         <input_file_ref idref="fl-37"/>
      </object_component>
      <object_component id="oc-9a">
         <name>.debug_info</name>
         <load_address>0xf35d</load_address>
         <run_address>0xf35d</run_address>
         <size>0x55b</size>
         <input_file_ref idref="fl-38"/>
      </object_component>
      <object_component id="oc-9e">
         <name>.debug_info</name>
         <load_address>0xf8b8</load_address>
         <run_address>0xf8b8</run_address>
         <size>0x4b7</size>
         <input_file_ref idref="fl-39"/>
      </object_component>
      <object_component id="oc-a2">
         <name>.debug_info</name>
         <load_address>0xfd6f</load_address>
         <run_address>0xfd6f</run_address>
         <size>0x4f2</size>
         <input_file_ref idref="fl-3a"/>
      </object_component>
      <object_component id="oc-a6">
         <name>.debug_info</name>
         <load_address>0x10261</load_address>
         <run_address>0x10261</run_address>
         <size>0x534</size>
         <input_file_ref idref="fl-3b"/>
      </object_component>
      <object_component id="oc-aa">
         <name>.debug_info</name>
         <load_address>0x10795</load_address>
         <run_address>0x10795</run_address>
         <size>0x64a</size>
         <input_file_ref idref="fl-3c"/>
      </object_component>
      <object_component id="oc-ae">
         <name>.debug_info</name>
         <load_address>0x10ddf</load_address>
         <run_address>0x10ddf</run_address>
         <size>0x84f</size>
         <input_file_ref idref="fl-3d"/>
      </object_component>
      <object_component id="oc-b3">
         <name>.debug_info</name>
         <load_address>0x1162e</load_address>
         <run_address>0x1162e</run_address>
         <size>0x671</size>
         <input_file_ref idref="fl-3e"/>
      </object_component>
      <object_component id="oc-b7">
         <name>.debug_info</name>
         <load_address>0x11c9f</load_address>
         <run_address>0x11c9f</run_address>
         <size>0x860</size>
         <input_file_ref idref="fl-3f"/>
      </object_component>
      <object_component id="oc-bc">
         <name>.debug_info</name>
         <load_address>0x124ff</load_address>
         <run_address>0x124ff</run_address>
         <size>0x67d</size>
         <input_file_ref idref="fl-40"/>
      </object_component>
      <object_component id="oc-c0">
         <name>.debug_info</name>
         <load_address>0x12b7c</load_address>
         <run_address>0x12b7c</run_address>
         <size>0x65a</size>
         <input_file_ref idref="fl-41"/>
      </object_component>
      <object_component id="oc-c4">
         <name>.debug_info</name>
         <load_address>0x131d6</load_address>
         <run_address>0x131d6</run_address>
         <size>0x665</size>
         <input_file_ref idref="fl-42"/>
      </object_component>
      <object_component id="oc-c8">
         <name>.debug_info</name>
         <load_address>0x1383b</load_address>
         <run_address>0x1383b</run_address>
         <size>0x4de</size>
         <input_file_ref idref="fl-43"/>
      </object_component>
      <object_component id="oc-cd">
         <name>.debug_info</name>
         <load_address>0x13d19</load_address>
         <run_address>0x13d19</run_address>
         <size>0xed4</size>
         <input_file_ref idref="fl-44"/>
      </object_component>
      <object_component id="oc-d1">
         <name>.debug_info</name>
         <load_address>0x14bed</load_address>
         <run_address>0x14bed</run_address>
         <size>0x744</size>
         <input_file_ref idref="fl-45"/>
      </object_component>
      <object_component id="oc-d7">
         <name>.debug_info</name>
         <load_address>0x15331</load_address>
         <run_address>0x15331</run_address>
         <size>0xef</size>
         <input_file_ref idref="fl-46"/>
      </object_component>
      <object_component id="oc-db">
         <name>.debug_info</name>
         <load_address>0x15420</load_address>
         <run_address>0x15420</run_address>
         <size>0x6b8</size>
         <input_file_ref idref="fl-47"/>
      </object_component>
      <object_component id="oc-df">
         <name>.debug_info</name>
         <load_address>0x15ad8</load_address>
         <run_address>0x15ad8</run_address>
         <size>0x662</size>
         <input_file_ref idref="fl-48"/>
      </object_component>
      <object_component id="oc-e3">
         <name>.debug_info</name>
         <load_address>0x1613a</load_address>
         <run_address>0x1613a</run_address>
         <size>0x5ab</size>
         <input_file_ref idref="fl-49"/>
      </object_component>
      <object_component id="oc-e7">
         <name>.debug_info</name>
         <load_address>0x166e5</load_address>
         <run_address>0x166e5</run_address>
         <size>0x4f2</size>
         <input_file_ref idref="fl-4a"/>
      </object_component>
      <object_component id="oc-eb">
         <name>.debug_info</name>
         <load_address>0x16bd7</load_address>
         <run_address>0x16bd7</run_address>
         <size>0x47b</size>
         <input_file_ref idref="fl-4b"/>
      </object_component>
      <object_component id="oc-ef">
         <name>.debug_info</name>
         <load_address>0x17052</load_address>
         <run_address>0x17052</run_address>
         <size>0x706</size>
         <input_file_ref idref="fl-4c"/>
      </object_component>
      <object_component id="oc-f4">
         <name>.debug_info</name>
         <load_address>0x17758</load_address>
         <run_address>0x17758</run_address>
         <size>0xa1c</size>
         <input_file_ref idref="fl-4d"/>
      </object_component>
      <object_component id="oc-f9">
         <name>.debug_info</name>
         <load_address>0x18174</load_address>
         <run_address>0x18174</run_address>
         <size>0x4d2</size>
         <input_file_ref idref="fl-4e"/>
      </object_component>
      <object_component id="oc-fd">
         <name>.debug_info</name>
         <load_address>0x18646</load_address>
         <run_address>0x18646</run_address>
         <size>0x5f7</size>
         <input_file_ref idref="fl-4f"/>
      </object_component>
      <object_component id="oc-101">
         <name>.debug_info</name>
         <load_address>0x18c3d</load_address>
         <run_address>0x18c3d</run_address>
         <size>0xeb</size>
         <input_file_ref idref="fl-50"/>
      </object_component>
      <object_component id="oc-106">
         <name>.debug_info</name>
         <load_address>0x18d28</load_address>
         <run_address>0x18d28</run_address>
         <size>0xb97</size>
         <input_file_ref idref="fl-51"/>
      </object_component>
      <object_component id="oc-10c">
         <name>.debug_info</name>
         <load_address>0x198bf</load_address>
         <run_address>0x198bf</run_address>
         <size>0x64f</size>
         <input_file_ref idref="fl-52"/>
      </object_component>
      <object_component id="oc-110">
         <name>.debug_info</name>
         <load_address>0x19f0e</load_address>
         <run_address>0x19f0e</run_address>
         <size>0x510</size>
         <input_file_ref idref="fl-53"/>
      </object_component>
      <object_component id="oc-139">
         <name>.debug_info</name>
         <load_address>0x1a41e</load_address>
         <run_address>0x1a41e</run_address>
         <size>0x6e</size>
      </object_component>
      <object_component id="oc-11">
         <name>.debug_line</name>
         <load_address>0x0</load_address>
         <run_address>0x0</run_address>
         <size>0x53</size>
         <input_file_ref idref="fl-2"/>
      </object_component>
      <object_component id="oc-15">
         <name>.debug_line</name>
         <load_address>0x53</load_address>
         <run_address>0x53</run_address>
         <size>0x54</size>
         <input_file_ref idref="fl-19"/>
      </object_component>
      <object_component id="oc-1c">
         <name>.debug_line</name>
         <load_address>0xa7</load_address>
         <run_address>0xa7</run_address>
         <size>0x51</size>
         <input_file_ref idref="fl-1a"/>
      </object_component>
      <object_component id="oc-20">
         <name>.debug_line</name>
         <load_address>0xf8</load_address>
         <run_address>0xf8</run_address>
         <size>0xa7</size>
         <input_file_ref idref="fl-1b"/>
      </object_component>
      <object_component id="oc-24">
         <name>.debug_line</name>
         <load_address>0x19f</load_address>
         <run_address>0x19f</run_address>
         <size>0x69</size>
         <input_file_ref idref="fl-1c"/>
      </object_component>
      <object_component id="oc-28">
         <name>.debug_line</name>
         <load_address>0x208</load_address>
         <run_address>0x208</run_address>
         <size>0x3d</size>
         <input_file_ref idref="fl-1d"/>
      </object_component>
      <object_component id="oc-2d">
         <name>.debug_line</name>
         <load_address>0x245</load_address>
         <run_address>0x245</run_address>
         <size>0x37</size>
         <input_file_ref idref="fl-1e"/>
      </object_component>
      <object_component id="oc-33">
         <name>.debug_line</name>
         <load_address>0x27c</load_address>
         <run_address>0x27c</run_address>
         <size>0x57</size>
         <input_file_ref idref="fl-1f"/>
      </object_component>
      <object_component id="oc-39">
         <name>.debug_line</name>
         <load_address>0x2d3</load_address>
         <run_address>0x2d3</run_address>
         <size>0x328</size>
         <input_file_ref idref="fl-20"/>
      </object_component>
      <object_component id="oc-3d">
         <name>.debug_line</name>
         <load_address>0x5fb</load_address>
         <run_address>0x5fb</run_address>
         <size>0x152</size>
         <input_file_ref idref="fl-21"/>
      </object_component>
      <object_component id="oc-41">
         <name>.debug_line</name>
         <load_address>0x74d</load_address>
         <run_address>0x74d</run_address>
         <size>0x41</size>
         <input_file_ref idref="fl-22"/>
      </object_component>
      <object_component id="oc-45">
         <name>.debug_line</name>
         <load_address>0x78e</load_address>
         <run_address>0x78e</run_address>
         <size>0x46</size>
         <input_file_ref idref="fl-23"/>
      </object_component>
      <object_component id="oc-49">
         <name>.debug_line</name>
         <load_address>0x7d4</load_address>
         <run_address>0x7d4</run_address>
         <size>0x55</size>
         <input_file_ref idref="fl-24"/>
      </object_component>
      <object_component id="oc-4d">
         <name>.debug_line</name>
         <load_address>0x829</load_address>
         <run_address>0x829</run_address>
         <size>0xad</size>
         <input_file_ref idref="fl-25"/>
      </object_component>
      <object_component id="oc-57">
         <name>.debug_line</name>
         <load_address>0x8d6</load_address>
         <run_address>0x8d6</run_address>
         <size>0x5b</size>
         <input_file_ref idref="fl-28"/>
      </object_component>
      <object_component id="oc-5b">
         <name>.debug_line</name>
         <load_address>0x931</load_address>
         <run_address>0x931</run_address>
         <size>0x44</size>
         <input_file_ref idref="fl-29"/>
      </object_component>
      <object_component id="oc-5f">
         <name>.debug_line</name>
         <load_address>0x975</load_address>
         <run_address>0x975</run_address>
         <size>0x56</size>
         <input_file_ref idref="fl-2a"/>
      </object_component>
      <object_component id="oc-63">
         <name>.debug_line</name>
         <load_address>0x9cb</load_address>
         <run_address>0x9cb</run_address>
         <size>0x3d</size>
         <input_file_ref idref="fl-2b"/>
      </object_component>
      <object_component id="oc-67">
         <name>.debug_line</name>
         <load_address>0xa08</load_address>
         <run_address>0xa08</run_address>
         <size>0x3d</size>
         <input_file_ref idref="fl-2c"/>
      </object_component>
      <object_component id="oc-6c">
         <name>.debug_line</name>
         <load_address>0xa45</load_address>
         <run_address>0xa45</run_address>
         <size>0x44</size>
         <input_file_ref idref="fl-2d"/>
      </object_component>
      <object_component id="oc-70">
         <name>.debug_line</name>
         <load_address>0xa89</load_address>
         <run_address>0xa89</run_address>
         <size>0x56</size>
         <input_file_ref idref="fl-2e"/>
      </object_component>
      <object_component id="oc-75">
         <name>.debug_line</name>
         <load_address>0xadf</load_address>
         <run_address>0xadf</run_address>
         <size>0xa8</size>
         <input_file_ref idref="fl-2f"/>
      </object_component>
      <object_component id="oc-79">
         <name>.debug_line</name>
         <load_address>0xb87</load_address>
         <run_address>0xb87</run_address>
         <size>0x40</size>
         <input_file_ref idref="fl-30"/>
      </object_component>
      <object_component id="oc-7d">
         <name>.debug_line</name>
         <load_address>0xbc7</load_address>
         <run_address>0xbc7</run_address>
         <size>0x38</size>
         <input_file_ref idref="fl-31"/>
      </object_component>
      <object_component id="oc-81">
         <name>.debug_line</name>
         <load_address>0xbff</load_address>
         <run_address>0xbff</run_address>
         <size>0xa8</size>
         <input_file_ref idref="fl-32"/>
      </object_component>
      <object_component id="oc-85">
         <name>.debug_line</name>
         <load_address>0xca7</load_address>
         <run_address>0xca7</run_address>
         <size>0x3c</size>
         <input_file_ref idref="fl-33"/>
      </object_component>
      <object_component id="oc-8b">
         <name>.debug_line</name>
         <load_address>0xce3</load_address>
         <run_address>0xce3</run_address>
         <size>0x1b0</size>
         <input_file_ref idref="fl-34"/>
      </object_component>
      <object_component id="oc-8f">
         <name>.debug_line</name>
         <load_address>0xe93</load_address>
         <run_address>0xe93</run_address>
         <size>0x40</size>
         <input_file_ref idref="fl-35"/>
      </object_component>
      <object_component id="oc-93">
         <name>.debug_line</name>
         <load_address>0xed3</load_address>
         <run_address>0xed3</run_address>
         <size>0x3c</size>
         <input_file_ref idref="fl-36"/>
      </object_component>
      <object_component id="oc-97">
         <name>.debug_line</name>
         <load_address>0xf0f</load_address>
         <run_address>0xf0f</run_address>
         <size>0x4d</size>
         <input_file_ref idref="fl-37"/>
      </object_component>
      <object_component id="oc-9b">
         <name>.debug_line</name>
         <load_address>0xf5c</load_address>
         <run_address>0xf5c</run_address>
         <size>0x3c</size>
         <input_file_ref idref="fl-38"/>
      </object_component>
      <object_component id="oc-9f">
         <name>.debug_line</name>
         <load_address>0xf98</load_address>
         <run_address>0xf98</run_address>
         <size>0x37</size>
         <input_file_ref idref="fl-39"/>
      </object_component>
      <object_component id="oc-a3">
         <name>.debug_line</name>
         <load_address>0xfcf</load_address>
         <run_address>0xfcf</run_address>
         <size>0x3c</size>
         <input_file_ref idref="fl-3a"/>
      </object_component>
      <object_component id="oc-a7">
         <name>.debug_line</name>
         <load_address>0x100b</load_address>
         <run_address>0x100b</run_address>
         <size>0x44</size>
         <input_file_ref idref="fl-3b"/>
      </object_component>
      <object_component id="oc-ab">
         <name>.debug_line</name>
         <load_address>0x104f</load_address>
         <run_address>0x104f</run_address>
         <size>0x3f</size>
         <input_file_ref idref="fl-3c"/>
      </object_component>
      <object_component id="oc-b0">
         <name>.debug_line</name>
         <load_address>0x108e</load_address>
         <run_address>0x108e</run_address>
         <size>0x69</size>
         <input_file_ref idref="fl-3d"/>
      </object_component>
      <object_component id="oc-b4">
         <name>.debug_line</name>
         <load_address>0x10f7</load_address>
         <run_address>0x10f7</run_address>
         <size>0x3d</size>
         <input_file_ref idref="fl-3e"/>
      </object_component>
      <object_component id="oc-b9">
         <name>.debug_line</name>
         <load_address>0x1134</load_address>
         <run_address>0x1134</run_address>
         <size>0x6a</size>
         <input_file_ref idref="fl-3f"/>
      </object_component>
      <object_component id="oc-bd">
         <name>.debug_line</name>
         <load_address>0x119e</load_address>
         <run_address>0x119e</run_address>
         <size>0x3e</size>
         <input_file_ref idref="fl-40"/>
      </object_component>
      <object_component id="oc-c1">
         <name>.debug_line</name>
         <load_address>0x11dc</load_address>
         <run_address>0x11dc</run_address>
         <size>0x3f</size>
         <input_file_ref idref="fl-41"/>
      </object_component>
      <object_component id="oc-c5">
         <name>.debug_line</name>
         <load_address>0x121b</load_address>
         <run_address>0x121b</run_address>
         <size>0x40</size>
         <input_file_ref idref="fl-42"/>
      </object_component>
      <object_component id="oc-c9">
         <name>.debug_line</name>
         <load_address>0x125b</load_address>
         <run_address>0x125b</run_address>
         <size>0x37</size>
         <input_file_ref idref="fl-43"/>
      </object_component>
      <object_component id="oc-ce">
         <name>.debug_line</name>
         <load_address>0x1292</load_address>
         <run_address>0x1292</run_address>
         <size>0x15d</size>
         <input_file_ref idref="fl-44"/>
      </object_component>
      <object_component id="oc-d4">
         <name>.debug_line</name>
         <load_address>0x13ef</load_address>
         <run_address>0x13ef</run_address>
         <size>0x6a</size>
         <input_file_ref idref="fl-45"/>
      </object_component>
      <object_component id="oc-d8">
         <name>.debug_line</name>
         <load_address>0x1459</load_address>
         <run_address>0x1459</run_address>
         <size>0x58</size>
         <input_file_ref idref="fl-46"/>
      </object_component>
      <object_component id="oc-dc">
         <name>.debug_line</name>
         <load_address>0x14b1</load_address>
         <run_address>0x14b1</run_address>
         <size>0x4c</size>
         <input_file_ref idref="fl-47"/>
      </object_component>
      <object_component id="oc-e0">
         <name>.debug_line</name>
         <load_address>0x14fd</load_address>
         <run_address>0x14fd</run_address>
         <size>0x57</size>
         <input_file_ref idref="fl-48"/>
      </object_component>
      <object_component id="oc-e4">
         <name>.debug_line</name>
         <load_address>0x1554</load_address>
         <run_address>0x1554</run_address>
         <size>0x5c</size>
         <input_file_ref idref="fl-49"/>
      </object_component>
      <object_component id="oc-e8">
         <name>.debug_line</name>
         <load_address>0x15b0</load_address>
         <run_address>0x15b0</run_address>
         <size>0x3c</size>
         <input_file_ref idref="fl-4a"/>
      </object_component>
      <object_component id="oc-f0">
         <name>.debug_line</name>
         <load_address>0x15ec</load_address>
         <run_address>0x15ec</run_address>
         <size>0x5b</size>
         <input_file_ref idref="fl-4c"/>
      </object_component>
      <object_component id="oc-f6">
         <name>.debug_line</name>
         <load_address>0x1647</load_address>
         <run_address>0x1647</run_address>
         <size>0xd7</size>
         <input_file_ref idref="fl-4d"/>
      </object_component>
      <object_component id="oc-fa">
         <name>.debug_line</name>
         <load_address>0x171e</load_address>
         <run_address>0x171e</run_address>
         <size>0x3a</size>
         <input_file_ref idref="fl-4e"/>
      </object_component>
      <object_component id="oc-fe">
         <name>.debug_line</name>
         <load_address>0x1758</load_address>
         <run_address>0x1758</run_address>
         <size>0x3c</size>
         <input_file_ref idref="fl-4f"/>
      </object_component>
      <object_component id="oc-102">
         <name>.debug_line</name>
         <load_address>0x1794</load_address>
         <run_address>0x1794</run_address>
         <size>0x5c</size>
         <input_file_ref idref="fl-50"/>
      </object_component>
      <object_component id="oc-109">
         <name>.debug_line</name>
         <load_address>0x17f0</load_address>
         <run_address>0x17f0</run_address>
         <size>0x112</size>
         <input_file_ref idref="fl-51"/>
      </object_component>
      <object_component id="oc-10d">
         <name>.debug_line</name>
         <load_address>0x1902</load_address>
         <run_address>0x1902</run_address>
         <size>0x3d</size>
         <input_file_ref idref="fl-52"/>
      </object_component>
      <object_component id="oc-111">
         <name>.debug_line</name>
         <load_address>0x193f</load_address>
         <run_address>0x193f</run_address>
         <size>0x39</size>
         <input_file_ref idref="fl-53"/>
      </object_component>
      <object_component id="oc-12">
         <name>.debug_abbrev</name>
         <load_address>0x0</load_address>
         <run_address>0x0</run_address>
         <size>0x109</size>
         <input_file_ref idref="fl-2"/>
      </object_component>
      <object_component id="oc-16">
         <name>.debug_abbrev</name>
         <load_address>0x109</load_address>
         <run_address>0x109</run_address>
         <size>0x3a</size>
         <input_file_ref idref="fl-19"/>
      </object_component>
      <object_component id="oc-1d">
         <name>.debug_abbrev</name>
         <load_address>0x143</load_address>
         <run_address>0x143</run_address>
         <size>0xf7</size>
         <input_file_ref idref="fl-1a"/>
      </object_component>
      <object_component id="oc-21">
         <name>.debug_abbrev</name>
         <load_address>0x23a</load_address>
         <run_address>0x23a</run_address>
         <size>0x1a2</size>
         <input_file_ref idref="fl-1b"/>
      </object_component>
      <object_component id="oc-25">
         <name>.debug_abbrev</name>
         <load_address>0x3dc</load_address>
         <run_address>0x3dc</run_address>
         <size>0x145</size>
         <input_file_ref idref="fl-1c"/>
      </object_component>
      <object_component id="oc-29">
         <name>.debug_abbrev</name>
         <load_address>0x521</load_address>
         <run_address>0x521</run_address>
         <size>0xd1</size>
         <input_file_ref idref="fl-1d"/>
      </object_component>
      <object_component id="oc-2e">
         <name>.debug_abbrev</name>
         <load_address>0x5f2</load_address>
         <run_address>0x5f2</run_address>
         <size>0x26</size>
         <input_file_ref idref="fl-1e"/>
      </object_component>
      <object_component id="oc-34">
         <name>.debug_abbrev</name>
         <load_address>0x618</load_address>
         <run_address>0x618</run_address>
         <size>0x9f</size>
         <input_file_ref idref="fl-1f"/>
      </object_component>
      <object_component id="oc-3a">
         <name>.debug_abbrev</name>
         <load_address>0x6b7</load_address>
         <run_address>0x6b7</run_address>
         <size>0x1f8</size>
         <input_file_ref idref="fl-20"/>
      </object_component>
      <object_component id="oc-3e">
         <name>.debug_abbrev</name>
         <load_address>0x8af</load_address>
         <run_address>0x8af</run_address>
         <size>0x1d0</size>
         <input_file_ref idref="fl-21"/>
      </object_component>
      <object_component id="oc-42">
         <name>.debug_abbrev</name>
         <load_address>0xa7f</load_address>
         <run_address>0xa7f</run_address>
         <size>0xec</size>
         <input_file_ref idref="fl-22"/>
      </object_component>
      <object_component id="oc-46">
         <name>.debug_abbrev</name>
         <load_address>0xb6b</load_address>
         <run_address>0xb6b</run_address>
         <size>0xd5</size>
         <input_file_ref idref="fl-23"/>
      </object_component>
      <object_component id="oc-4a">
         <name>.debug_abbrev</name>
         <load_address>0xc40</load_address>
         <run_address>0xc40</run_address>
         <size>0x44</size>
         <input_file_ref idref="fl-24"/>
      </object_component>
      <object_component id="oc-4e">
         <name>.debug_abbrev</name>
         <load_address>0xc84</load_address>
         <run_address>0xc84</run_address>
         <size>0xb7</size>
         <input_file_ref idref="fl-25"/>
      </object_component>
      <object_component id="oc-50">
         <name>.debug_abbrev</name>
         <load_address>0xd3b</load_address>
         <run_address>0xd3b</run_address>
         <size>0x68</size>
         <input_file_ref idref="fl-26"/>
      </object_component>
      <object_component id="oc-54">
         <name>.debug_abbrev</name>
         <load_address>0xda3</load_address>
         <run_address>0xda3</run_address>
         <size>0x83</size>
         <input_file_ref idref="fl-27"/>
      </object_component>
      <object_component id="oc-58">
         <name>.debug_abbrev</name>
         <load_address>0xe26</load_address>
         <run_address>0xe26</run_address>
         <size>0x112</size>
         <input_file_ref idref="fl-28"/>
      </object_component>
      <object_component id="oc-5c">
         <name>.debug_abbrev</name>
         <load_address>0xf38</load_address>
         <run_address>0xf38</run_address>
         <size>0xb5</size>
         <input_file_ref idref="fl-29"/>
      </object_component>
      <object_component id="oc-60">
         <name>.debug_abbrev</name>
         <load_address>0xfed</load_address>
         <run_address>0xfed</run_address>
         <size>0x101</size>
         <input_file_ref idref="fl-2a"/>
      </object_component>
      <object_component id="oc-64">
         <name>.debug_abbrev</name>
         <load_address>0x10ee</load_address>
         <run_address>0x10ee</run_address>
         <size>0x8f</size>
         <input_file_ref idref="fl-2b"/>
      </object_component>
      <object_component id="oc-68">
         <name>.debug_abbrev</name>
         <load_address>0x117d</load_address>
         <run_address>0x117d</run_address>
         <size>0xb7</size>
         <input_file_ref idref="fl-2c"/>
      </object_component>
      <object_component id="oc-6d">
         <name>.debug_abbrev</name>
         <load_address>0x1234</load_address>
         <run_address>0x1234</run_address>
         <size>0xc2</size>
         <input_file_ref idref="fl-2d"/>
      </object_component>
      <object_component id="oc-71">
         <name>.debug_abbrev</name>
         <load_address>0x12f6</load_address>
         <run_address>0x12f6</run_address>
         <size>0x103</size>
         <input_file_ref idref="fl-2e"/>
      </object_component>
      <object_component id="oc-76">
         <name>.debug_abbrev</name>
         <load_address>0x13f9</load_address>
         <run_address>0x13f9</run_address>
         <size>0x140</size>
         <input_file_ref idref="fl-2f"/>
      </object_component>
      <object_component id="oc-7a">
         <name>.debug_abbrev</name>
         <load_address>0x1539</load_address>
         <run_address>0x1539</run_address>
         <size>0x9a</size>
         <input_file_ref idref="fl-30"/>
      </object_component>
      <object_component id="oc-7e">
         <name>.debug_abbrev</name>
         <load_address>0x15d3</load_address>
         <run_address>0x15d3</run_address>
         <size>0xd0</size>
         <input_file_ref idref="fl-31"/>
      </object_component>
      <object_component id="oc-82">
         <name>.debug_abbrev</name>
         <load_address>0x16a3</load_address>
         <run_address>0x16a3</run_address>
         <size>0xb7</size>
         <input_file_ref idref="fl-32"/>
      </object_component>
      <object_component id="oc-86">
         <name>.debug_abbrev</name>
         <load_address>0x175a</load_address>
         <run_address>0x175a</run_address>
         <size>0x38</size>
         <input_file_ref idref="fl-33"/>
      </object_component>
      <object_component id="oc-8c">
         <name>.debug_abbrev</name>
         <load_address>0x1792</load_address>
         <run_address>0x1792</run_address>
         <size>0x225</size>
         <input_file_ref idref="fl-34"/>
      </object_component>
      <object_component id="oc-90">
         <name>.debug_abbrev</name>
         <load_address>0x19b7</load_address>
         <run_address>0x19b7</run_address>
         <size>0xec</size>
         <input_file_ref idref="fl-35"/>
      </object_component>
      <object_component id="oc-94">
         <name>.debug_abbrev</name>
         <load_address>0x1aa3</load_address>
         <run_address>0x1aa3</run_address>
         <size>0xb7</size>
         <input_file_ref idref="fl-36"/>
      </object_component>
      <object_component id="oc-98">
         <name>.debug_abbrev</name>
         <load_address>0x1b5a</load_address>
         <run_address>0x1b5a</run_address>
         <size>0x38</size>
         <input_file_ref idref="fl-37"/>
      </object_component>
      <object_component id="oc-9c">
         <name>.debug_abbrev</name>
         <load_address>0x1b92</load_address>
         <run_address>0x1b92</run_address>
         <size>0xdc</size>
         <input_file_ref idref="fl-38"/>
      </object_component>
      <object_component id="oc-a0">
         <name>.debug_abbrev</name>
         <load_address>0x1c6e</load_address>
         <run_address>0x1c6e</run_address>
         <size>0x81</size>
         <input_file_ref idref="fl-39"/>
      </object_component>
      <object_component id="oc-a4">
         <name>.debug_abbrev</name>
         <load_address>0x1cef</load_address>
         <run_address>0x1cef</run_address>
         <size>0xa6</size>
         <input_file_ref idref="fl-3a"/>
      </object_component>
      <object_component id="oc-a8">
         <name>.debug_abbrev</name>
         <load_address>0x1d95</load_address>
         <run_address>0x1d95</run_address>
         <size>0xb5</size>
         <input_file_ref idref="fl-3b"/>
      </object_component>
      <object_component id="oc-ac">
         <name>.debug_abbrev</name>
         <load_address>0x1e4a</load_address>
         <run_address>0x1e4a</run_address>
         <size>0x10b</size>
         <input_file_ref idref="fl-3c"/>
      </object_component>
      <object_component id="oc-b1">
         <name>.debug_abbrev</name>
         <load_address>0x1f55</load_address>
         <run_address>0x1f55</run_address>
         <size>0x11a</size>
         <input_file_ref idref="fl-3d"/>
      </object_component>
      <object_component id="oc-b5">
         <name>.debug_abbrev</name>
         <load_address>0x206f</load_address>
         <run_address>0x206f</run_address>
         <size>0xe3</size>
         <input_file_ref idref="fl-3e"/>
      </object_component>
      <object_component id="oc-ba">
         <name>.debug_abbrev</name>
         <load_address>0x2152</load_address>
         <run_address>0x2152</run_address>
         <size>0x11a</size>
         <input_file_ref idref="fl-3f"/>
      </object_component>
      <object_component id="oc-be">
         <name>.debug_abbrev</name>
         <load_address>0x226c</load_address>
         <run_address>0x226c</run_address>
         <size>0xe3</size>
         <input_file_ref idref="fl-40"/>
      </object_component>
      <object_component id="oc-c2">
         <name>.debug_abbrev</name>
         <load_address>0x234f</load_address>
         <run_address>0x234f</run_address>
         <size>0xe3</size>
         <input_file_ref idref="fl-41"/>
      </object_component>
      <object_component id="oc-c6">
         <name>.debug_abbrev</name>
         <load_address>0x2432</load_address>
         <run_address>0x2432</run_address>
         <size>0xe3</size>
         <input_file_ref idref="fl-42"/>
      </object_component>
      <object_component id="oc-ca">
         <name>.debug_abbrev</name>
         <load_address>0x2515</load_address>
         <run_address>0x2515</run_address>
         <size>0x8f</size>
         <input_file_ref idref="fl-43"/>
      </object_component>
      <object_component id="oc-cf">
         <name>.debug_abbrev</name>
         <load_address>0x25a4</load_address>
         <run_address>0x25a4</run_address>
         <size>0x15a</size>
         <input_file_ref idref="fl-44"/>
      </object_component>
      <object_component id="oc-d5">
         <name>.debug_abbrev</name>
         <load_address>0x26fe</load_address>
         <run_address>0x26fe</run_address>
         <size>0xde</size>
         <input_file_ref idref="fl-45"/>
      </object_component>
      <object_component id="oc-d9">
         <name>.debug_abbrev</name>
         <load_address>0x27dc</load_address>
         <run_address>0x27dc</run_address>
         <size>0x38</size>
         <input_file_ref idref="fl-46"/>
      </object_component>
      <object_component id="oc-dd">
         <name>.debug_abbrev</name>
         <load_address>0x2814</load_address>
         <run_address>0x2814</run_address>
         <size>0x124</size>
         <input_file_ref idref="fl-47"/>
      </object_component>
      <object_component id="oc-e1">
         <name>.debug_abbrev</name>
         <load_address>0x2938</load_address>
         <run_address>0x2938</run_address>
[...]
         <name>end</name>
         <value>0xa534</value>
      </symbol>
      <symbol id="sm-19">
         <name>___end__</name>
         <value>0xa534</value>
      </symbol>
      <symbol id="sm-4b">
         <name>_main</name>
         <value>0x149c3</value>
         <object_component_ref idref="oc-d"/>
      </symbol>
      <symbol id="sm-4c">
         <name>_dataTable</name>
         <value>0xa4b6</value>
         <object_component_ref idref="oc-e"/>
      </symbol>
      <symbol id="sm-58">
         <name>__sysstack</name>
         <value>0xcc0</value>
         <object_component_ref idref="oc-113"/>
      </symbol>
      <symbol id="sm-59">
         <name>_c_int00</name>
         <value>0x15fc6</value>
         <object_component_ref idref="oc-c"/>
      </symbol>
      <symbol id="sm-5a">
         <name>__stack</name>
         <value>0xac0</value>
         <object_component_ref idref="oc-13"/>
      </symbol>
      <symbol id="sm-6a">
         <name>C$$EXIT</name>
         <value>0x11ff9</value>
         <object_component_ref idref="oc-1b"/>
      </symbol>
      <symbol id="sm-6b">
         <name>_exit</name>
         <value>0x16221</value>
         <object_component_ref idref="oc-17"/>
      </symbol>
      <symbol id="sm-6c">
         <name>_abort</name>
         <value>0x11ff8</value>
         <object_component_ref idref="oc-1b"/>
      </symbol>
      <symbol id="sm-6d">
         <name>__cleanup_ptr</name>
         <value>0xa52c</value>
         <object_component_ref idref="oc-18"/>
      </symbol>
      <symbol id="sm-6e">
         <name>__dtors_ptr</name>
         <value>0xa530</value>
         <object_component_ref idref="oc-18"/>
      </symbol>
      <symbol id="sm-78">
         <name>_fscanf</name>
         <value>0x15352</value>
         <object_component_ref idref="oc-1e"/>
      </symbol>
      <symbol id="sm-79">
         <name>_scanf</name>
         <value>0x15316</value>
         <object_component_ref idref="oc-1e"/>
      </symbol>
      <symbol id="sm-83">
         <name>_printf</name>
         <value>0x16067</value>
         <object_component_ref idref="oc-22"/>
      </symbol>
      <symbol id="sm-8d">
         <name>_ungetc</name>
         <value>0x15b92</value>
         <object_component_ref idref="oc-26"/>
      </symbol>
      <symbol id="sm-97">
         <name>_Reset</name>
         <value>0xffff00</value>
         <object_component_ref idref="oc-2b"/>
      </symbol>
      <symbol id="sm-a5">
         <name>__unlock</name>
         <value>0xa528</value>
         <object_component_ref idref="oc-30"/>
      </symbol>
      <symbol id="sm-a6">
         <name>__lock</name>
         <value>0xa524</value>
         <object_component_ref idref="oc-30"/>
      </symbol>
      <symbol id="sm-a7">
         <name>__register_lock</name>
         <value>0x16347</value>
         <object_component_ref idref="oc-2f"/>
      </symbol>
      <symbol id="sm-a8">
         <name>__nop</name>
         <value>0x1634f</value>
         <object_component_ref idref="oc-2f"/>
      </symbol>
      <symbol id="sm-a9">
         <name>__register_unlock</name>
         <value>0x1633f</value>
         <object_component_ref idref="oc-2f"/>
      </symbol>
      <symbol id="sm-bb">
         <name>__printfi</name>
         <value>0x11362</value>
         <object_component_ref idref="oc-35"/>
      </symbol>
      <symbol id="sm-c9">
         <name>__scanfi</name>
         <value>0x129d3</value>
         <object_component_ref idref="oc-3b"/>
      </symbol>
      <symbol id="sm-d3">
         <name>__args_main</name>
         <value>0x16104</value>
         <object_component_ref idref="oc-3f"/>
      </symbol>
      <symbol id="sm-d4">
         <name>__TI_args_main</name>
         <value>0x1</value>
      </symbol>
      <symbol id="sm-de">
         <name>_atoi</name>
         <value>0x11f9c</value>
         <object_component_ref idref="oc-43"/>
      </symbol>
      <symbol id="sm-e6">
         <name>_auto_init</name>
         <value>0x160b7</value>
         <object_component_ref idref="oc-47"/>
      </symbol>
      <symbol id="sm-f0">
         <name>__eqld</name>
         <value>0x14f56</value>
         <object_component_ref idref="oc-4b"/>
      </symbol>
      <symbol id="sm-f1">
         <name>__cmpd</name>
         <value>0x14f8a</value>
         <object_component_ref idref="oc-4b"/>
      </symbol>
      <symbol id="sm-f2">
         <name>__neqd</name>
         <value>0x14df8</value>
         <object_component_ref idref="oc-4b"/>
      </symbol>
      <symbol id="sm-f3">
         <name>__gtrd</name>
         <value>0x14ec1</value>
         <object_component_ref idref="oc-4b"/>
      </symbol>
      <symbol id="sm-f4">
         <name>__geqd</name>
         <value>0x14f0c</value>
         <object_component_ref idref="oc-4b"/>
      </symbol>
      <symbol id="sm-f5">
         <name>__leqd</name>
         <value>0x14e74</value>
         <object_component_ref idref="oc-4b"/>
      </symbol>
      <symbol id="sm-f6">
         <name>__lssd</name>
         <value>0x14e2c</value>
         <object_component_ref idref="oc-4b"/>
      </symbol>
      <symbol id="sm-fe">
         <name>__ctypes_</name>
         <value>0x4e4</value>
         <object_component_ref idref="oc-115"/>
      </symbol>
      <symbol id="sm-108">
         <name>__tmpnams</name>
         <value>0xa0f0</value>
         <object_component_ref idref="oc-51"/>
      </symbol>
      <symbol id="sm-109">
         <name>__ft_end</name>
         <value>0xa230</value>
         <object_component_ref idref="oc-51"/>
      </symbol>
      <symbol id="sm-10a">
         <name>__ftable</name>
         <value>0xa000</value>
         <object_component_ref idref="oc-51"/>
      </symbol>
      <symbol id="sm-116">
         <name>__divd</name>
         <value>0x13403</value>
         <object_component_ref idref="oc-55"/>
      </symbol>
      <symbol id="sm-121">
         <name>__divul</name>
         <value>0x15a56</value>
         <object_component_ref idref="oc-59"/>
      </symbol>
      <symbol id="sm-12b">
         <name>_getchar</name>
         <value>0x15b83</value>
         <object_component_ref idref="oc-5d"/>
      </symbol>
      <symbol id="sm-12c">
         <name>_getc</name>
         <value>0x15af7</value>
         <object_component_ref idref="oc-5d"/>
      </symbol>
      <symbol id="sm-12d">
         <name>_fgetc</name>
         <value>0x15af7</value>
         <object_component_ref idref="oc-5d"/>
      </symbol>
      <symbol id="sm-137">
         <name>__fixdi</name>
         <value>0x1629b</value>
         <object_component_ref idref="oc-61"/>
      </symbol>
      <symbol id="sm-141">
         <name>__fixdli</name>
         <value>0x15e7f</value>
         <object_component_ref idref="oc-65"/>
      </symbol>
      <symbol id="sm-14d">
         <name>__fltlid</name>
         <value>0x16000</value>
         <object_component_ref idref="oc-69"/>
      </symbol>
      <symbol id="sm-157">
         <name>_putchar</name>
         <value>0x15a47</value>
         <object_component_ref idref="oc-6e"/>
      </symbol>
      <symbol id="sm-158">
         <name>_putc</name>
         <value>0x159b0</value>
         <object_component_ref idref="oc-6e"/>
      </symbol>
      <symbol id="sm-159">
         <name>_fputc</name>
         <value>0x159b0</value>
         <object_component_ref idref="oc-6e"/>
      </symbol>
      <symbol id="sm-167">
         <name>_puts</name>
         <value>0x152e8</value>
         <object_component_ref idref="oc-72"/>
      </symbol>
      <symbol id="sm-168">
         <name>_fputs</name>
         <value>0x151b3</value>
         <object_component_ref idref="oc-72"/>
      </symbol>
      <symbol id="sm-172">
         <name>__frcmpyd_div</name>
         <value>0x15d9a</value>
         <object_component_ref idref="oc-77"/>
      </symbol>
      <symbol id="sm-17c">
         <name>___isinf</name>
         <value>0x16312</value>
         <object_component_ref idref="oc-7b"/>
      </symbol>
      <symbol id="sm-186">
         <name>__divull</name>
         <value>0x13ec2</value>
         <object_component_ref idref="oc-7f"/>
      </symbol>
      <symbol id="sm-187">
         <name>__mpylli</name>
         <value>0x13e0a</value>
         <object_component_ref idref="oc-7f"/>
      </symbol>
      <symbol id="sm-188">
         <name>__remlli</name>
         <value>0x13ddb</value>
         <object_component_ref idref="oc-7f"/>
      </symbol>
      <symbol id="sm-189">
         <name>__divlli</name>
         <value>0x13fb6</value>
         <object_component_ref idref="oc-7f"/>
      </symbol>
      <symbol id="sm-18a">
         <name>__remull</name>
         <value>0x13d8d</value>
         <object_component_ref idref="oc-7f"/>
      </symbol>
      <symbol id="sm-192">
         <name>__mpyli</name>
         <value>0x1632c</value>
         <object_component_ref idref="oc-83"/>
      </symbol>
      <symbol id="sm-193">
         <name>I$$LMPY</name>
         <value>0x1632c</value>
         <object_component_ref idref="oc-83"/>
      </symbol>
      <symbol id="sm-1a5">
         <name>_add_device</name>
         <value>0x119f7</value>
         <object_component_ref idref="oc-87"/>
      </symbol>
      <symbol id="sm-1a6">
         <name>_rename</name>
         <value>0x11719</value>
         <object_component_ref idref="oc-87"/>
      </symbol>
      <symbol id="sm-1a7">
         <name>_read</name>
         <value>0x117a8</value>
         <object_component_ref idref="oc-87"/>
      </symbol>
      <symbol id="sm-1a8">
         <name>_unlink</name>
         <value>0x116e6</value>
         <object_component_ref idref="oc-87"/>
      </symbol>
      <symbol id="sm-1a9">
         <name>_remove_device</name>
         <value>0x11772</value>
         <object_component_ref idref="oc-87"/>
      </symbol>
      <symbol id="sm-1aa">
         <name>_open</name>
         <value>0x11856</value>
         <object_component_ref idref="oc-87"/>
      </symbol>
      <symbol id="sm-1ab">
         <name>_find_registered_device</name>
         <value>0x1197b</value>
         <object_component_ref idref="oc-87"/>
      </symbol>
      <symbol id="sm-1ac">
         <name>_lseek</name>
         <value>0x11915</value>
         <object_component_ref idref="oc-87"/>
      </symbol>
      <symbol id="sm-1ad">
         <name>_close</name>
         <value>0x11984</value>
         <object_component_ref idref="oc-87"/>
      </symbol>
      <symbol id="sm-1ae">
         <name>_write</name>
         <value>0x115a4</value>
         <object_component_ref idref="oc-87"/>
      </symbol>
      <symbol id="sm-1b8">
         <name>_ltoa</name>
         <value>0x15c2c</value>
         <object_component_ref idref="oc-8d"/>
      </symbol>
      <symbol id="sm-1c3">
         <name>_memccpy</name>
         <value>0x162ef</value>
         <object_component_ref idref="oc-91"/>
      </symbol>
      <symbol id="sm-1cb">
         <name>_memcpy</name>
         <value>0x161e2</value>
         <object_component_ref idref="oc-95"/>
      </symbol>
      <symbol id="sm-1d5">
         <name>__mpyd</name>
         <value>0x15477</value>
         <object_component_ref idref="oc-99"/>
      </symbol>
      <symbol id="sm-1df">
         <name>__negd</name>
         <value>0x16351</value>
         <object_component_ref idref="oc-9d"/>
      </symbol>
      <symbol id="sm-1e9">
         <name>__remli</name>
         <value>0x1614f</value>
         <object_component_ref idref="oc-a1"/>
      </symbol>
      <symbol id="sm-1f4">
         <name>__remul</name>
         <value>0x15e0d</value>
         <object_component_ref idref="oc-a5"/>
      </symbol>
      <symbol id="sm-1fe">
         <name>_setvbuf</name>
         <value>0x155c3</value>
         <object_component_ref idref="oc-a9"/>
      </symbol>
      <symbol id="sm-20e">
         <name>_strtod</name>
         <value>0x13ad0</value>
         <object_component_ref idref="oc-ad"/>
      </symbol>
      <symbol id="sm-218">
         <name>_strtol</name>
         <value>0x14bf0</value>
         <object_component_ref idref="oc-b2"/>
      </symbol>
      <symbol id="sm-228">
         <name>_strtold</name>
         <value>0x14000</value>
         <object_component_ref idref="oc-b6"/>
      </symbol>
      <symbol id="sm-232">
         <name>_strtoll</name>
         <value>0x137cf</value>
         <object_component_ref idref="oc-bb"/>
      </symbol>
      <symbol id="sm-23c">
         <name>_strtoul</name>
         <value>0x14fe2</value>
         <object_component_ref idref="oc-bf"/>
      </symbol>
      <symbol id="sm-246">
         <name>_strtoull</name>
         <value>0x14778</value>
         <object_component_ref idref="oc-c3"/>
      </symbol>
      <symbol id="sm-250">
         <name>__subd</name>
         <value>0x13feb</value>
         <object_component_ref idref="oc-c7"/>
      </symbol>
      <symbol id="sm-25c">
         <name>_HOSTopen</name>
         <value>0x131e6</value>
         <object_component_ref idref="oc-cb"/>
      </symbol>
      <symbol id="sm-25d">
         <name>_HOSTread</name>
         <value>0x13159</value>
         <object_component_ref idref="oc-cb"/>
      </symbol>
      <symbol id="sm-25e">
         <name>_HOSTtime</name>
         <value>0x1304d</value>
         <object_component_ref idref="oc-cb"/>
      </symbol>
      <symbol id="sm-25f">
         <name>_getenv</name>
         <value>0x12edb</value>
         <object_component_ref idref="oc-cb"/>
      </symbol>
      <symbol id="sm-260">
         <name>_HOSTrename</name>
         <value>0x130ab</value>
         <object_component_ref idref="oc-cb"/>
      </symbol>
      <symbol id="sm-261">
         <name>_HOSTclock</name>
         <value>0x133a5</value>
         <object_component_ref idref="oc-cb"/>
      </symbol>
      <symbol id="sm-262">
         <name>_HOSTwrite</name>
         <value>0x12f56</value>
         <object_component_ref idref="oc-cb"/>
      </symbol>
      <symbol id="sm-263">
         <name>_HOSTlseek</name>
         <value>0x13285</value>
         <object_component_ref idref="oc-cb"/>
      </symbol>
      <symbol id="sm-264">
         <name>_HOSTunlink</name>
         <value>0x12fe3</value>
         <object_component_ref idref="oc-cb"/>
      </symbol>
      <symbol id="sm-265">
         <name>_HOSTclose</name>
         <value>0x1333a</value>
         <object_component_ref idref="oc-cb"/>
      </symbol>
      <symbol id="sm-277">
         <name>C$$IO$$</name>
         <value>0x158fd</value>
         <object_component_ref idref="oc-d3"/>
      </symbol>
      <symbol id="sm-278">
         <name>__CIOBUF_</name>
         <value>0x880</value>
         <object_component_ref idref="oc-d2"/>
      </symbol>
      <symbol id="sm-279">
         <name>_readmsg</name>
         <value>0x15eee</value>
         <object_component_ref idref="oc-d0"/>
      </symbol>
      <symbol id="sm-27a">
         <name>_writemsg</name>
         <value>0x15848</value>
         <object_component_ref idref="oc-d3"/>
      </symbol>
      <symbol id="sm-282">
         <name>__remu</name>
         <value>0x162da</value>
         <object_component_ref idref="oc-d6"/>
      </symbol>
      <symbol id="sm-283">
         <name>__divu</name>
         <value>0x162c5</value>
         <object_component_ref idref="oc-d6"/>
      </symbol>
      <symbol id="sm-284">
         <name>I$$UMOD</name>
         <value>0x162da</value>
         <object_component_ref idref="oc-d6"/>
      </symbol>
      <symbol id="sm-285">
         <name>I$$UDIV</name>
         <value>0x162c5</value>
         <object_component_ref idref="oc-d6"/>
      </symbol>
      <symbol id="sm-28f">
         <name>__buff_read</name>
         <value>0x15902</value>
         <object_component_ref idref="oc-da"/>
      </symbol>
      <symbol id="sm-299">
         <name>__rd_ok</name>
         <value>0x15729</value>
         <object_component_ref idref="oc-de"/>
      </symbol>
      <symbol id="sm-29a">
         <name>__wrt_ok</name>
         <value>0x156a9</value>
         <object_component_ref idref="oc-de"/>
      </symbol>
      <symbol id="sm-2a4">
         <name>__addd</name>
         <value>0x1451e</value>
         <object_component_ref idref="oc-e2"/>
      </symbol>
      <symbol id="sm-2ae">
         <name>__divli</name>
         <value>0x1619a</value>
         <object_component_ref idref="oc-e6"/>
      </symbol>
      <symbol id="sm-2b8">
         <name>_errno</name>
         <value>0xa3d2</value>
         <object_component_ref idref="oc-ea"/>
      </symbol>
      <symbol id="sm-2c2">
         <name>__doflush</name>
         <value>0x15786</value>
         <object_component_ref idref="oc-ee"/>
      </symbol>
      <symbol id="sm-2c3">
         <name>_fflush</name>
         <value>0x157ef</value>
         <object_component_ref idref="oc-ee"/>
      </symbol>
      <symbol id="sm-2d2">
         <name>__cleanup</name>
         <value>0x143c0</value>
         <object_component_ref idref="oc-f2"/>
      </symbol>
      <symbol id="sm-2d3">
         <name>_fopen</name>
         <value>0x144e3</value>
         <object_component_ref idref="oc-f2"/>
      </symbol>
      <symbol id="sm-2d4">
         <name>_freopen</name>
         <value>0x1441a</value>
         <object_component_ref idref="oc-f2"/>
      </symbol>
      <symbol id="sm-2de">
         <name>__frcmpyd</name>
         <value>0x15d24</value>
         <object_component_ref idref="oc-f8"/>
      </symbol>
      <symbol id="sm-2e8">
         <name>_fseek</name>
         <value>0x15f5b</value>
         <object_component_ref idref="oc-fc"/>
      </symbol>
      <symbol id="sm-2f0">
         <name>__remi</name>
         <value>0x1627e</value>
         <object_component_ref idref="oc-100"/>
      </symbol>
      <symbol id="sm-2f1">
         <name>__divi</name>
         <value>0x1625f</value>
         <object_component_ref idref="oc-100"/>
      </symbol>
      <symbol id="sm-2f2">
         <name>I$$MOD</name>
         <value>0x1627e</value>
         <object_component_ref idref="oc-100"/>
      </symbol>
      <symbol id="sm-2f3">
         <name>I$$DIV</name>
         <value>0x1625f</value>
         <object_component_ref idref="oc-100"/>
      </symbol>
      <symbol id="sm-303">
         <name>__sys_memory</name>
         <value>0x8000</value>
         <object_component_ref idref="oc-108"/>
      </symbol>
      <symbol id="sm-304">
         <name>_chkheap</name>
         <value>0x11f6e</value>
         <object_component_ref idref="oc-104"/>
      </symbol>
      <symbol id="sm-305">
         <name>_realloc</name>
         <value>0x11d0d</value>
         <object_component_ref idref="oc-104"/>
      </symbol>
      <symbol id="sm-306">
         <name>_free_memory</name>
         <value>0x11f18</value>
         <object_component_ref idref="oc-104"/>
      </symbol>
      <symbol id="sm-307">
         <name>_max_free</name>
         <value>0x11ebe</value>
         <object_component_ref idref="oc-104"/>
      </symbol>
      <symbol id="sm-308">
         <name>_free</name>
         <value>0x11ae7</value>
         <object_component_ref idref="oc-104"/>
      </symbol>
      <symbol id="sm-309">
         <name>_calloc</name>
         <value>0x11f76</value>
         <object_component_ref idref="oc-104"/>
      </symbol>
      <symbol id="sm-30a">
         <name>_malloc</name>
         <value>0x11c18</value>
         <object_component_ref idref="oc-104"/>
      </symbol>
      <symbol id="sm-30b">
         <name>_minit</name>
         <value>0x11bb3</value>
         <object_component_ref idref="oc-104"/>
      </symbol>
      <symbol id="sm-315">
         <name>_fclose</name>
         <value>0x15ca9</value>
         <object_component_ref idref="oc-10b"/>
      </symbol>
      <symbol id="sm-31f">
         <name>_remove</name>
         <value>0x16361</value>
         <object_component_ref idref="oc-10f"/>
      </symbol>
   </symbol_table>
</link_info>
